12-06 11:16:21.974  3262  4259 D ThermalManager$ThermalTempInfoHelper: thermal sensor12 type is pm8941_tz
12-06 11:16:21.976  3262  4259 D ThermalManager$ThermalTempInfoHelper: thermal sensor13 type is pa_therm0
12-06 11:16:21.977  3262  4259 D ThermalManager$ThermalTempInfoHelper: thermal sensor14 type is pa_therm1
12-06 11:16:21.979  3262  4259 D ThermalManager$ThermalTempInfoHelper: thermal sensor15 type is emmc_therm
12-06 11:16:21.980  3262  4259 D ThermalManager$ThermalTempInfoHelper: thermal sensor16 type is msm_therm
12-06 11:16:21.983  3262  4259 D ThermalManager$ThermalTempInfoHelper: thermal sensor0 type is tsens_tz_sensor0
12-06 11:16:21.984  3262  4259 D ThermalManager$ThermalTempInfoHelper: thermal sensor1 type is tsens_tz_sensor1
12-06 11:16:21.986  3262  4259 D ThermalManager$ThermalTempInfoHelper: thermal sensor2 type is tsens_tz_sensor2
12-06 11:16:21.987  3262  4259 D ThermalManager$ThermalTempInfoHelper: thermal sensor3 type is tsens_tz_sensor3
12-06 11:16:21.989  3262  4259 D ThermalManager$ThermalTempInfoHelper: thermal sensor4 type is tsens_tz_sensor4
12-06 11:16:21.990  3262  4259 D ThermalManager$ThermalTempInfoHelper: thermal sensor5 type is tsens_tz_sensor5
12-06 11:16:21.991  2890  2890 W ProgressBarDelegate: Unknown Drawable subclass, src=android.graphics.drawable.ScaleDrawable@5cbb3a4
12-06 11:16:21.991  2890  2890 W ProgressBarDelegate: Unknown Drawable subclass, src=android.graphics.drawable.ScaleDrawable@d4fa50d
12-06 11:16:21.991  3262  4259 D ThermalManager$ThermalTempInfoHelper: thermal sensor6 type is tsens_tz_sensor6
12-06 11:16:21.993  3262  4259 D ThermalManager$ThermalTempInfoHelper: thermal sensor7 type is tsens_tz_sensor7
12-06 11:16:21.994  3262  4259 D ThermalManager$ThermalTempInfoHelper: thermal sensor8 type is tsens_tz_sensor8
12-06 11:16:21.996  3262  4259 D ThermalManager$ThermalTempInfoHelper: thermal sensor9 type is tsens_tz_sensor9
12-06 11:16:21.997  3262  4259 D ThermalManager$ThermalTempInfoHelper: thermal sensor10 type is tsens_tz_sensor10
12-06 11:16:21.998  3262  4259 D ThermalManager$ThermalTempInfoHelper: thermal sensor11 type is pm8841_tz
12-06 11:16:21.999  2890  2890 D MultipleRenderable: add: miui.maml.FancyDrawable@104e728
12-06 11:16:21.999  2890  2890 D RendererCore: add: miui.maml.FancyDrawable@104e728 size:4
12-06 11:16:22.000  3262  4259 D ThermalManager$ThermalTempInfoHelper: thermal sensor12 type is pm8941_tz
12-06 11:16:22.001  3262  4259 D ThermalManager$ThermalTempInfoHelper: thermal sensor13 type is pa_therm0
12-06 11:16:22.002  3262  4259 D ThermalManager$ThermalTempInfoHelper: thermal sensor14 type is pa_therm1
12-06 11:16:22.004  3262  4259 D ThermalManager$ThermalTempInfoHelper: thermal sensor15 type is emmc_therm
12-06 11:16:22.004  2890  2890 D MultipleRenderable: add: miui.maml.FancyDrawable@9badbbe
12-06 11:16:22.004  2890  2890 D RendererCore: add: miui.maml.FancyDrawable@9badbbe size:5
12-06 11:16:22.005  3262  4259 D ThermalManager$ThermalTempInfoHelper: thermal sensor16 type is msm_therm
12-06 11:16:22.006  3262  4259 D PowerKeeper.Thermal: current battery temperature:34 xo_thermal 0 valid false
12-06 11:16:22.011  2890  2890 D SizeAdaptiveLayout: com.android.internal.widget.SizeAdaptiveLayout{1e4bc86 V.E...... ......I. 0,0-0,0 #7f0b011d app:id/adaptive}child view android.widget.LinearLayout{b028399 G.E...... R.....I. 0,0-0,0 #1020370 android:id/status_bar_latest_event_content} measured out of bounds at 188px clamped to 189px
12-06 11:16:22.025  2890  9756 D FramerateTokenList: createToken: miui.maml.elements.FramerateController@97c633b
12-06 11:16:22.126  2890  2890 D FancyDrawable: doPause:   [miui.maml.FancyDrawable@9badbbe]
12-06 11:16:22.126  2890  2890 D MultipleRenderable: setPause: true miui.maml.FancyDrawable@9badbbe
12-06 11:16:22.126  2890  2890 D FancyDrawable: doPause:   [miui.maml.FancyDrawable@4d48c2d]
12-06 11:16:22.126  2890  2890 D MultipleRenderable: setPause: true miui.maml.FancyDrawable@4d48c2d
12-06 11:16:22.126  2890  2890 D FancyDrawable: doPause:   [miui.maml.FancyDrawable@71d00fe]
12-06 11:16:22.126  2890  2890 D MultipleRenderable: setPause: true miui.maml.FancyDrawable@71d00fe
12-06 11:16:22.127  2890  2890 D FancyDrawable: doPause:   [miui.maml.FancyDrawable@b650f33]
12-06 11:16:22.127  2890  2890 D MultipleRenderable: setPause: true miui.maml.FancyDrawable@b650f33
12-06 11:16:22.172  3312  3312 D wpa_supplicant: wlan0: Control interface command 'SIGNAL_POLL'
12-06 11:16:22.187  3312  3312 D wpa_supplicant: CTRL-DEBUG: global_ctrl_sock-sendto: sock=11 sndbuf=163840 outq=0 send_len=48
12-06 11:16:22.215  2890  2890 D FancyDrawable: doResume:   [miui.maml.FancyDrawable@71d00fe]
12-06 11:16:22.215  2890  2890 D MultipleRenderable: setPause: false miui.maml.FancyDrawable@71d00fe
12-06 11:16:22.215  2890  2890 D RendererCore: self resume: miui.maml.RendererCore@ad46a58
12-06 11:16:22.299   334   432 I ThermalEngine: Sensor:tsens_tz_sensor5:50000 mC
12-06 11:16:22.301   334   460 I ThermalEngine: Sensor:tsens_tz_sensor5:50000 mC
12-06 11:16:22.301   334   460 I ThermalEngine: TM Id 'CPU0_MONITOR' Sensor 'cpu0' - alarm cleared 1 at 50.0 degC
12-06 11:16:22.302   334   460 I ThermalEngine: ACTION: CPU - Setting CPU[0] to 2457600
12-06 11:16:22.304   334   460 I ThermalEngine: Mitigation:CPU[0]:2457600 Khz
12-06 11:16:22.304   334   460 I ThermalEngine: ACTION: CPU - Setting CPU[1] to 2457600
12-06 11:16:22.304   334   460 E ThermalEngine: Failed to set desired CPU[1] frequency limit to 2457600
12-06 11:16:22.305   334   460 I ThermalEngine: ACTION: CPU - Setting CPU[2] to 2457600
12-06 11:16:22.305   334   460 E ThermalEngine: Failed to set desired CPU[2] frequency limit to 2457600
12-06 11:16:22.305   334   460 I ThermalEngine: ACTION: CPU - Setting CPU[3] to 2457600
12-06 11:16:22.306   334   460 I ThermalEngine: Mitigation:CPU[3]:2457600 Khz
12-06 11:16:22.974   334   449 I ThermalEngine: Sensor:batt_temp:335 mC
12-06 11:16:23.101 25689 25734 W bt_hci_packet_fragmenter: reassemble_and_dispatch complete l2cap packet received:l2cap full length 10 and hci length 18.
12-06 11:16:23.102 25689 25735 E bt_btif : bta_gattc_cmpl_cback unknown conn_id =  4, ignore data
12-06 11:16:23.104 17951 17966 V XWorkerThread: receiveFrame (0x) 73-75-63-63-65-73-73
12-06 11:16:23.105 17951 17979 D BaseBleController: checkStateLock() called with: 
12-06 11:16:23.106 17951 17979 V XBleController: writeFrame frame =[(0x) 2A-04-00-00-00-00-00]
12-06 11:16:23.108 17951 17951 D SolarexNotificationListener: finished
12-06 11:16:23.113 17951 17979 V XBleController: writeFrame frame =[(0x) 2B-E5-BE-AE-E4-BF-A1]
12-06 11:16:23.116 17951 17979 V XBleController: writeFrame frame =[(0x) 2D-5B-37-32-E6-9D-A1-5D-68-69-3A-20-37-38-39-36-35]
12-06 11:16:23.119 17951 17951 D SolarexNotificationListener: send wechat message : [72条]hi: 78965
12-06 11:16:23.526  2890  9756 I art     : Note: end time exceeds epoch: 
12-06 11:16:23.960  3027  3027 V SyncNotificationUtils: sendSyncingBroadcast: true
12-06 11:16:23.975   334   449 I ThermalEngine: Sensor:batt_temp:335 mC
12-06 11:16:23.978  3027  3027 V SyncNotificationUtils: sendSyncingBroadcast: true
12-06 11:16:24.977   334   449 I ThermalEngine: Sensor:batt_temp:335 mC
12-06 11:16:25.194  3312  3312 D wpa_supplicant: wlan0: Control interface command 'SIGNAL_POLL'
12-06 11:16:25.199  3312  3312 D wpa_supplicant: CTRL-DEBUG: global_ctrl_sock-sendto: sock=11 sndbuf=163840 outq=0 send_len=48
12-06 11:16:25.978   334   449 I ThermalEngine: Sensor:batt_temp:335 mC
12-06 11:16:26.680  1751  1792 I ActivityManager: com.tencent.mobileqq:TMAssistantDownloadSDKService adjSource is com.tencent.mobileqq
12-06 11:16:26.696  1751  1792 I ActiveServicesInjector: Low priority start of: ServiceRecord{4f72cbe u0 com.tencent.mm/.booter.NotifyReceiver$NotifyService}
12-06 11:16:26.697  1751  3113 I ActivityManager: com.tencent.mobileqq:TMAssistantDownloadSDKService adjSource is com.tencent.mobileqq
12-06 11:16:26.698  1751  3113 I ActivityManager: com.tencent.mobileqq:TMAssistantDownloadSDKService adjSource is com.tencent.mobileqq
12-06 11:16:26.979   334   449 I ThermalEngine: Sensor:batt_temp:336 mC
12-06 11:16:27.031  1751  4347 E LocSvc_libulp: I/int ulp_msg_process_system_update(UlpSystemEvent): systemEvent:5 
12-06 11:16:27.032  1751  4347 E LocSvc_libulp: I/int ulp_msg_process_start_req(), at ulp state = 1
12-06 11:16:27.032  1751  3777 E LocSvc_api_v02: I/---> locClientSendReq line 2020 QMI_LOC_GET_BEST_AVAILABLE_POSITION_REQ_V02
12-06 11:16:27.042  1751  3851 E LocSvc_ApiV02: I/<--- void globalRespCb(locClientHandleType, uint32_t, locClientRespIndUnionType, void*) line 115 QMI_LOC_GET_BEST_AVAILABLE_POSITION_REQ_V02
12-06 11:16:27.043  1751  4347 E LocSvc_libulp: I/int ulp_brain_process_zpp_position_report(loc_sess_status, LocPosTechMask, UlpLocation*), report ZPP position to providers,report_position = 1
12-06 11:16:27.045  1751  3777 E IzatSvc_PassiveLocListener: E/Exiting with error virtual void izat_manager::IzatPassiveLocationListener::onLocationChanged(const izat_manager::IzatLocation*, izat_manager::IzatLocationStatus) line 113 "1"
12-06 11:16:27.130  2890 16225 D StatusBar: onNotificationPosted:  Key: 0|com.tencent.mm|4097|null|10094 GroupKey: 0|com.tencent.mm|4097|null|10094 Connected: true
12-06 11:16:27.131  2890  2890 D StatusBar:  GroupChild: false  GroupsContainsKey: false  IsUpdate: true IsGroupSummary: false hasIcon: true
12-06 11:16:27.131  2890  2890 V ExpandedNotification: push score:0.0, local score:0.0, pkg:com.tencent.mm
12-06 11:16:27.132  2890  2890 D PhoneStatusBar: updateNotification pkg=com.tencent.mm;id=4097
12-06 11:16:27.135 17951 17965 D SolarexNotificationListener: com.tencent.mm
12-06 11:16:27.136 17951 17965 D SolarexNotificationListener: hi@[73条]hi: 7856
12-06 11:16:27.136 17951 17965 D SolarexNotificationListener: manager = com.ginshell.sdk.c@c366a4e
12-06 11:16:27.137 17951 17965 D BaseRequest: setTag() called with: tag = [null]
12-06 11:16:27.137 17951 17965 D XWorkerThread: addRequest() called with: request = [com.ginshell.ble.x.request.XPerReadRequest@3b55544], size = 0
12-06 11:16:27.137 17951 17965 D AppMsgCoder: encodeNotification() called with: type = [4], id = [0], cfg = [0], title = [微信], msg = [[73条]hi: 7856]
12-06 11:16:27.137 17951 17965 D e       : getUtf8OfLimitBytesCount nextSize:3
12-06 11:16:27.137 17951 17965 D e       : getUtf8OfLimitBytesCount nextSize:3
12-06 11:16:27.137 17951 17965 D e       : getUtf8OfLimitBytesCount size:6 bl:6 l:19
12-06 11:16:27.137 17951 17965 D e       : getUtf8OfLimitBytesCount nextSize:1
12-06 11:16:27.138 17951 17965 D e       : getUtf8OfLimitBytesCount nextSize:1
12-06 11:16:27.138 17951 17965 D e       : getUtf8OfLimitBytesCount nextSize:1
12-06 11:16:27.138 17951 17965 D e       : getUtf8OfLimitBytesCount nextSize:3
12-06 11:16:27.138 17951 17965 D e       : getUtf8OfLimitBytesCount nextSize:1
12-06 11:16:27.138 17951 17965 D e       : getUtf8OfLimitBytesCount nextSize:1
12-06 11:16:27.138 17951 17965 D e       : getUtf8OfLimitBytesCount nextSize:1
12-06 11:16:27.138 17951 17965 D e       : getUtf8OfLimitBytesCount nextSize:1
12-06 11:16:27.138 17951 17965 D e       : getUtf8OfLimitBytesCount nextSize:1
12-06 11:16:27.138 17951 17965 D e       : getUtf8OfLimitBytesCount nextSize:1
12-06 11:16:27.138 17951 17965 D e       : getUtf8OfLimitBytesCount nextSize:1
12-06 11:16:27.138 17951 17965 D e       : getUtf8OfLimitBytesCount nextSize:1
12-06 11:16:27.138 17951 17965 D e       : getUtf8OfLimitBytesCount nextSize:1
12-06 11:16:27.138 17951 17965 D e       : getUtf8OfLimitBytesCount size:15 bl:15 l:97
12-06 11:16:27.138 17951 17979 D BaseBleController: checkStateLock() called with: 
12-06 11:16:27.139 17951 17979 V XBleController: writeFrame frame =[(0x) 29-00-00-00-14-01-01-01-01]
12-06 11:16:27.141 17951 17965 D BaseRequest: setTag() called with: tag = [null]
12-06 11:16:27.142 17951 17965 D XWorkerThread: addRequest() called with: request = [com.ginshell.ble.x.request.XWriteRequest@ac8362d], size = 0
12-06 11:16:27.148  2890  2890 D MultipleRenderable: add: miui.maml.FancyDrawable@988aded
12-06 11:16:27.148  2890  2890 D RendererCore: add: miui.maml.FancyDrawable@988aded size:6
12-06 11:16:27.152  3946  3946 I Launcher.ApplicationsMessage: onReceive
12-06 11:16:27.152  3946  3946 I Launcher.ApplicationsMessage: update com.tencent.mm/ to 111
12-06 11:16:27.153  2890  2890 D SizeAdaptiveLayout: com.android.internal.widget.SizeAdaptiveLayout{94588dd V.E...... ......ID 0,0-920,189 #7f0b011d app:id/adaptive}child view android.widget.LinearLayout{d29b64c V.E...... R.....ID 0,0-920,188 #1020370 android:id/status_bar_latest_event_content} measured out of bounds at 188px clamped to 189px
12-06 11:16:27.980   334   449 I ThermalEngine: Sensor:batt_temp:335 mC
12-06 11:16:28.205  3312  3312 D wpa_supplicant: wlan0: Control interface command 'SIGNAL_POLL'
12-06 11:16:28.221  3312  3312 D wpa_supplicant: CTRL-DEBUG: global_ctrl_sock-sendto: sock=11 sndbuf=163840 outq=0 send_len=48
12-06 11:16:28.299 25689 25734 W bt_hci_packet_fragmenter: reassemble_and_dispatch complete l2cap packet received:l2cap full length 10 and hci length 18.
12-06 11:16:28.299 25689 25735 E bt_btif : bta_gattc_cmpl_cback unknown conn_id =  4, ignore data
12-06 11:16:28.301 17951 17966 V XWorkerThread: receiveFrame (0x) 73-75-63-63-65-73-73
12-06 11:16:28.303 17951 17951 D SolarexNotificationListener: finished
12-06 11:16:28.304 17951 17979 D BaseBleController: checkStateLock() called with: 
12-06 11:16:28.304 17951 17979 V XBleController: writeFrame frame =[(0x) 2A-04-00-00-00-00-00]
12-06 11:16:28.310 17951 17979 V XBleController: writeFrame frame =[(0x) 2B-E5-BE-AE-E4-BF-A1]
12-06 11:16:28.315 17951 17979 V XBleController: writeFrame frame =[(0x) 2D-5B-37-33-E6-9D-A1-5D-68-69-3A-20-37-38-35-36]
12-06 11:16:28.322 17951 17951 D SolarexNotificationListener: send wechat message : [73条]hi: 7856
12-06 11:16:28.974  3027  3027 V SyncNotificationUtils: sendSyncingBroadcast: true
12-06 11:16:28.982   334   449 I ThermalEngine: Sensor:batt_temp:335 mC
12-06 11:16:28.991  3027  3027 V SyncNotificationUtils: sendSyncingBroadcast: true
12-06 11:16:29.984   334   449 I ThermalEngine: Sensor:batt_temp:335 mC
12-06 11:16:30.686 29017 17097 E Auth    : [GoogleAccountDataServiceImpl] getToken() -> NETWORK_ERROR. Account: <ELLIDED:829734881>, App: com.google.android.gms, Service: oauth2:https://www.googleapis.com/auth/cclog
12-06 11:16:30.686 29017 17097 E Auth    : edw: Error when calling server.
12-06 11:16:30.686 29017 17097 E Auth    : 	at edx.b(:com.google.android.gms:93)
12-06 11:16:30.686 29017 17097 E Auth    : 	at edx.a(:com.google.android.gms:17)
12-06 11:16:30.686 29017 17097 E Auth    : 	at eck.a(:com.google.android.gms:51)
12-06 11:16:30.686 29017 17097 E Auth    : 	at fig.a(:com.google.android.gms:7)
12-06 11:16:30.686 29017 17097 E Auth    : 	at fig.a(:com.google.android.gms:3)
12-06 11:16:30.686 29017 17097 E Auth    : 	at fhh.a(:com.google.android.gms:1)
12-06 11:16:30.686 29017 17097 E Auth    : 	at fhf.a(:com.google.android.gms:17)
12-06 11:16:30.686 29017 17097 E Auth    : 	at fhf.a(:com.google.android.gms:5)
12-06 11:16:30.686 29017 17097 E Auth    : 	at bvd.a(:com.google.android.gms:192)
12-06 11:16:30.686 29017 17097 E Auth    : 	at bvd.a(:com.google.android.gms:67)
12-06 11:16:30.686 29017 17097 E Auth    : 	at dzh.a(:com.google.android.gms:5)
12-06 11:16:30.686 29017 17097 E Auth    : 	at dzg.a(:com.google.android.gms:1)
12-06 11:16:30.686 29017 17097 E Auth    : 	at dzg.e(:com.google.android.gms:5)
12-06 11:16:30.686 29017 17097 E Auth    : 	at dze.f(:com.google.android.gms:2)
12-06 11:16:30.686 29017 17097 E Auth    : 	at dze.a(:com.google.android.gms:3)
12-06 11:16:30.686 29017 17097 E Auth    : 	at dze.a(:com.google.android.gms:6)
12-06 11:16:30.686 29017 17097 E Auth    : 	at jnu.a(:com.google.android.gms:155)
12-06 11:16:30.686 29017 17097 E Auth    : 	at jnu.a(:com.google.android.gms:1)
12-06 11:16:30.686 29017 17097 E Auth    : 	at jnu.a(:com.google.android.gms:190)
12-06 11:16:30.686 29017 17097 E Auth    : 	at jnu.a(:com.google.android.gms:216)
12-06 11:16:30.686 29017 17097 E Auth    : 	at jnu.a(:com.google.android.gms:220)
12-06 11:16:30.686 29017 17097 E Auth    : 	at com.google.android.gms.clearcut.uploader.QosUploaderChimeraService.a(:com.google.android.gms:16)
12-06 11:16:30.686 29017 17097 E Auth    : 	at com.google.android.gms.clearcut.uploader.QosUploaderChimeraService.b(:com.google.android.gms:17)
12-06 11:16:30.686 29017 17097 E Auth    : 	at com.google.android.gms.clearcut.uploader.QosUploaderChimeraService.a(:com.google.android.gms:25)
12-06 11:16:30.686 29017 17097 E Auth    : 	at qzt.run(:com.google.android.gms:0)
12-06 11:16:30.686 29017 17097 E Auth    : 	at java.util.concurrent.ThreadPoolExecutor.runWorker(ThreadPoolExecutor.java:1113)
12-06 11:16:30.686 29017 17097 E Auth    : 	at java.util.concurrent.ThreadPoolExecutor$Worker.run(ThreadPoolExecutor.java:588)
12-06 11:16:30.686 29017 17097 E Auth    : 	at java.lang.Thread.run(Thread.java:818)
12-06 11:16:30.686 29017 17097 E Auth    : Caused by: java.net.SocketTimeoutException: failed to connect to android.clients.google.com/64.233.189.138 (port 443) after 30000ms
12-06 11:16:30.686 29017 17097 E Auth    : 	at libcore.io.IoBridge.connectErrno(IoBridge.java:169)
12-06 11:16:30.686 29017 17097 E Auth    : 	at libcore.io.IoBridge.connect(IoBridge.java:122)
12-06 11:16:30.686 29017 17097 E Auth    : 	at java.net.PlainSocketImpl.connect(PlainSocketImpl.java:183)
12-06 11:16:30.686 29017 17097 E Auth    : 	at java.net.PlainSocketImpl.connect(PlainSocketImpl.java:452)
12-06 11:16:30.686 29017 17097 E Auth    : 	at java.net.Socket.connect(Socket.java:884)
12-06 11:16:30.686 29017 17097 E Auth    : 	at com.android.okhttp.internal.Platform.connectSocket(Platform.java:117)
12-06 11:16:30.686 29017 17097 E Auth    : 	at com.android.okhttp.internal.http.SocketConnector.connectRawSocket(SocketConnector.java:160)
12-06 11:16:30.686 29017 17097 E Auth    : 	at com.android.okhttp.internal.http.SocketConnector.connectTls(SocketConnector.java:79)
12-06 11:16:30.686 29017 17097 E Auth    : 	at com.android.okhttp.Connection.connect(Connection.java:143)
12-06 11:16:30.686 29017 17097 E Auth    : 	at com.android.okhttp.Connection.connectAndSetOwner(Connection.java:185)
12-06 11:16:30.686 29017 17097 E Auth    : 	at com.android.okhttp.OkHttpClient$1.connectAndSetOwner(OkHttpClient.java:128)
12-06 11:16:30.686 29017 17097 E Auth    : 	at com.android.okhttp.internal.http.HttpEngine.nextConnection(HttpEngine.java:342)
12-06 11:16:30.686 29017 17097 E Auth    : 	at com.android.okhttp.internal.http.HttpEngine.connect(HttpEngine.java:331)
12-06 11:16:30.686 29017 17097 E Auth    : 	at com.android.okhttp.internal.http.HttpEngine.sendRequest(HttpEngine.java:249)
12-06 11:16:30.686 29017 17097 E Auth    : 	at com.android.okhttp.internal.huc.HttpURLConnectionImpl.execute(HttpURLConnectionImpl.java:437)
12-06 11:16:30.686 29017 17097 E Auth    : 	at com.android.okhttp.internal.huc.HttpURLConnectionImpl.connect(HttpURLConnectionImpl.java:114)
12-06 11:16:30.686 29017 17097 E Auth    : 	at com.android.okhttp.internal.huc.HttpURLConnectionImpl.getOutputStream(HttpURLConnectionImpl.java:245)
12-06 11:16:30.686 29017 17097 E Auth    : 	at com.android.okhttp.internal.huc.DelegatingHttpsURLConnection.getOutputStream(DelegatingHttpsURLConnection.java:218)
12-06 11:16:30.686 29017 17097 E Auth    : 	at com.android.okhttp.internal.huc.HttpsURLConnectionImpl.getOutputStream(HttpsURLConnectionImpl.java:25)
12-06 11:16:30.686 29017 17097 E Auth    : 	at rxb.a(:com.google.android.gms:50)
12-06 11:16:30.686 29017 17097 E Auth    : 	at rxb.a(:com.google.android.gms:77)
12-06 11:16:30.686 29017 17097 E Auth    : 	at fms.a(:com.google.android.gms:7)
12-06 11:16:30.686 29017 17097 E Auth    : 	at fms.a(:com.google.android.gms:2)
12-06 11:16:30.686 29017 17097 E Auth    : 	at edx.b(:com.google.android.gms:90)
12-06 11:16:30.686 29017 17097 E Auth    : 	... 27 more
12-06 11:16:30.686 29017 17097 W Auth    : [GetToken] GetToken failed with status code: NetworkError
12-06 11:16:30.687 29017 17097 E Uploader: Failed to get auth token: NetworkError
12-06 11:16:30.687 29017 17097 E Uploader: java.io.IOException: NetworkError
12-06 11:16:30.687 29017 17097 E Uploader: 	at dzh.a(:com.google.android.gms:14)
12-06 11:16:30.687 29017 17097 E Uploader: 	at dzg.a(:com.google.android.gms:1)
12-06 11:16:30.687 29017 17097 E Uploader: 	at dzg.e(:com.google.android.gms:5)
12-06 11:16:30.687 29017 17097 E Uploader: 	at dze.f(:com.google.android.gms:2)
12-06 11:16:30.687 29017 17097 E Uploader: 	at dze.a(:com.google.android.gms:3)
12-06 11:16:30.687 29017 17097 E Uploader: 	at dze.a(:com.google.android.gms:6)
12-06 11:16:30.687 29017 17097 E Uploader: 	at jnu.a(:com.google.android.gms:155)
12-06 11:16:30.687 29017 17097 E Uploader: 	at jnu.a(:com.google.android.gms:1)
12-06 11:16:30.687 29017 17097 E Uploader: 	at jnu.a(:com.google.android.gms:190)
12-06 11:16:30.687 29017 17097 E Uploader: 	at jnu.a(:com.google.android.gms:216)
12-06 11:16:30.687 29017 17097 E Uploader: 	at jnu.a(:com.google.android.gms:220)
12-06 11:16:30.687 29017 17097 E Uploader: 	at com.google.android.gms.clearcut.uploader.QosUploaderChimeraService.a(:com.google.android.gms:16)
12-06 11:16:30.687 29017 17097 E Uploader: 	at com.google.android.gms.clearcut.uploader.QosUploaderChimeraService.b(:com.google.android.gms:17)
12-06 11:16:30.687 29017 17097 E Uploader: 	at com.google.android.gms.clearcut.uploader.QosUploaderChimeraService.a(:com.google.android.gms:25)
12-06 11:16:30.687 29017 17097 E Uploader: 	at qzt.run(:com.google.android.gms:0)
12-06 11:16:30.687 29017 17097 E Uploader: 	at java.util.concurrent.ThreadPoolExecutor.runWorker(ThreadPoolExecutor.java:1113)
12-06 11:16:30.687 29017 17097 E Uploader: 	at java.util.concurrent.ThreadPoolExecutor$Worker.run(ThreadPoolExecutor.java:588)
12-06 11:16:30.687 29017 17097 E Uploader: 	at java.lang.Thread.run(Thread.java:818)
12-06 11:16:30.712  1751  4994 I ActivityManager: com.tencent.mobileqq:TMAssistantDownloadSDKService adjSource is com.tencent.mobileqq
12-06 11:16:30.985   334   449 I ThermalEngine: Sensor:batt_temp:335 mC
12-06 11:16:31.229  3312  3312 D wpa_supplicant: wlan0: Control interface command 'SIGNAL_POLL'
12-06 11:16:31.234  3312  3312 D wpa_supplicant: CTRL-DEBUG: global_ctrl_sock-sendto: sock=11 sndbuf=163840 outq=0 send_len=48
12-06 11:16:31.467  1751  1792 I ActivityManager: com.tencent.mobileqq:TMAssistantDownloadSDKService adjSource is com.tencent.mobileqq
12-06 11:16:31.486  1751 11279 I ActivityManager: com.tencent.mobileqq:TMAssistantDownloadSDKService adjSource is com.tencent.mobileqq
12-06 11:16:31.488  1751 11279 I ActivityManager: com.tencent.mobileqq:TMAssistantDownloadSDKService adjSource is com.tencent.mobileqq
12-06 11:16:31.680 15278 19179 I ArkApp.Dict.Update: updateDict, local not exists, full update, success=true, name=dict8
12-06 11:16:31.687 15278 19179 I ArkApp.Dict.Update: updateWordDict, one task complete, name=dict8, success=true, left=8
12-06 11:16:31.797 15278 19181 I ArkApp.Dict.Update: updateDict, local not exists, full update, success=true, name=dict5
12-06 11:16:31.798 15278 19181 I ArkApp.Dict.Update: updateWordDict, one task complete, name=dict5, success=true, left=7
12-06 11:16:31.830 15278 19180 I ArkApp.Dict.Update: updateDict, local not exists, full update, success=true, name=dict-daily
12-06 11:16:31.830 15278 19180 I ArkApp.Dict.Update: updateWordDict, one task complete, name=dict-daily, success=true, left=6
12-06 11:16:31.856 15278 19181 I ArkApp.Dict.Update: updateDict, local not exists, full update, success=true, name=dict7
12-06 11:16:31.856 15278 19181 I ArkApp.Dict.Update: updateWordDict, one task complete, name=dict7, success=true, left=5
12-06 11:16:31.865 15552 15607 D MSF.C.NetConnTag: pa ok: 97215
12-06 11:16:31.866 15552 15607 D MSF.C.NetConnTag: netSend ssoSeq:97215 uin:*0348 cmd:CS85GDU/FiwpbQUkNjckPhgmIQ 99154 2f15dbb
12-06 11:16:31.890 15278 19180 I ArkApp.Dict.Update: updateDict, local not exists, full update, success=true, name=dict3
12-06 11:16:31.891 15278 19180 I ArkApp.Dict.Update: updateWordDict, one task complete, name=dict3, success=true, left=4
12-06 11:16:31.896 15552 15631 D MSF.C.NetConnTag: netRecv ssoSeq:97215 uin:*0348 cmd:CS85GDU/FiwpbQUkNjckPhgmIQ 97422 cross:0
12-06 11:16:31.899 15552 15615 I MSF.S.AppProcessManager: SendToApp process:com.tencent.mobileqq fromServiceMsg: FromServiceMsg msName:unknown ssoSeq:97215 serviceCmd:CliLogSvc.UploadReq appSeq:245 failCode:1000
12-06 11:16:31.920 15552 15607 D MSF.C.NetConnTag: pa ok: 97216
12-06 11:16:31.921 15552 15607 D MSF.C.NetConnTag: netSend ssoSeq:97216 uin:*0348 cmd:CS85GDU/FiwpbQUkNjckPhgmIQ 99179 2f15dbb
12-06 11:16:31.975 15552 15631 D MSF.C.NetConnTag: netRecv ssoSeq:97216 uin:*0348 cmd:CS85GDU/FiwpbQUkNjckPhgmIQ 97423 cross:0
12-06 11:16:31.980 15552 15615 I MSF.S.AppProcessManager: SendToApp process:com.tencent.mobileqq fromServiceMsg: FromServiceMsg msName:unknown ssoSeq:97216 serviceCmd:CliLogSvc.UploadReq appSeq:246 failCode:1000
12-06 11:16:31.987   334   449 I ThermalEngine: Sensor:batt_temp:335 mC
12-06 11:16:32.742 15278 16766 E SQLiteLog: (1) no such table: msg_sync_log
12-06 11:16:32.850  1751  2778 D NtpTrustedTime: currentTimeMillis() cache hit
12-06 11:16:32.869  1751  2778 I TetherStatsReporting: getTetherStats() called NetworkStats: elapsedRealtime=508632494
12-06 11:16:32.869  1751  2778 I TetherStatsReporting:   [0] iface=wlan0 uid=0 set=DEFAULT tag=0x0 rxBytes=11406422 rxPackets=101397 txBytes=2664660 txPackets=35984 operations=0
12-06 11:16:32.869  1751  2778 I TetherStatsReporting:   [1] iface=wlan0 uid=0 set=FOREGROUND tag=0x0 rxBytes=0 rxPackets=0 txBytes=0 txPackets=0 operations=0
12-06 11:16:32.869  1751  2778 I TetherStatsReporting:   [2] iface=wlan0 uid=1000 set=DEFAULT tag=0x0 rxBytes=6683860 rxPackets=9831 txBytes=1874239 txPackets=12775 operations=0
12-06 11:16:32.869  1751  2778 I TetherStatsReporting:   [3] iface=wlan0 uid=1000 set=FOREGROUND tag=0x0 rxBytes=0 rxPackets=0 txBytes=0 txPackets=0 operations=0
12-06 11:16:32.869  1751  2778 I TetherStatsReporting:   [4] iface=wlan0 uid=9801 set=DEFAULT tag=0x0 rxBytes=210384 rxPackets=439 txBytes=101316 txPackets=617 operations=0
12-06 11:16:32.869  1751  2778 I TetherStatsReporting:   [5] iface=wlan0 uid=9801 set=FOREGROUND tag=0x0 rxBytes=0 rxPackets=0 txBytes=0 txPackets=0 operations=0
12-06 11:16:32.869  1751  2778 I TetherStatsReporting:   [6] iface=wlan0 uid=9802 set=DEFAULT tag=0x0 rxBytes=56295062 rxPackets=38230 txBytes=799051 txPackets=18946 operations=0
12-06 11:16:32.869  1751  2778 I TetherStatsReporting:   [7] iface=wlan0 uid=9802 set=FOREGROUND tag=0x0 rxBytes=0 rxPackets=0 txBytes=0 txPackets=0 operations=0
12-06 11:16:32.869  1751  2778 I TetherStatsReporting:   [8] iface=wlan0 uid=9810 set=DEFAULT tag=0x0 rxBytes=113851 rxPackets=164 txBytes=26527 txPackets=208 operations=0
12-06 11:16:32.869  1751  2778 I TetherStatsReporting:   [9] iface=wlan0 uid=9810 set=FOREGROUND tag=0x0 rxBytes=0 rxPackets=0 txBytes=0 txPackets=0 operations=0
12-06 11:16:32.869  1751  2778 I TetherStatsReporting:   [10] iface=wlan0 uid=10000 set=DEFAULT tag=0x0 rxBytes=388336 rxPackets=1126 txBytes=442081 txPackets=1574 operations=0
12-06 11:16:32.869  1751  2778 I TetherStatsReporting:   [11] iface=wlan0 uid=10000 set=FOREGROUND tag=0x0 rxBytes=0 rxPackets=0 txBytes=0 txPackets=0 operations=0
12-06 11:16:32.869  1751  2778 I TetherStatsReporting:   [12] iface=wlan0 uid=10003 set=DEFAULT tag=0x0 rxBytes=611461 rxPackets=463 txBytes=31274 txPackets=293 operations=0
12-06 11:16:32.869  1751  2778 I TetherStatsReporting:   [13] iface=wlan0 uid=10003 set=FOREGROUND tag=0x0 rxBytes=307115 rxPackets=258 txBytes=23403 txPackets=286 operations=0
12-06 11:16:32.869  1751  2778 I TetherStatsReporting:   [14] iface=wlan0 uid=10004 set=DEFAULT tag=0x0 rxBytes=69511 rxPackets=110 txBytes=19530 txPackets=139 operations=0
12-06 11:16:32.869  1751  2778 I TetherStatsReporting:   [15] iface=wlan0 uid=10004 set=FOREGROUND tag=0x0 rxBytes=0 rxPackets=0 txBytes=0 txPackets=0 operations=0
12-06 11:16:32.869  1751  2778 I TetherStatsReporting:   [16] iface=wlan0 uid=10006 set=DEFAULT tag=0x0 rxBytes=565331 rxPackets=410 txBytes=20076 txPackets=385 operations=0
12-06 11:16:32.869  1751  2778 I TetherStatsReporting:   [17] iface=wlan0 uid=10006 set=FOREGROUND tag=0x0 rxBytes=0 rxPackets=0 txBytes=0 txPackets=0 operations=0
12-06 11:16:32.869  1751  2778 I TetherStatsReporting:   [18] iface=wlan0 uid=10008 set=DEFAULT tag=0x0 rxBytes=97381 rxPackets=431 txBytes=144175 txPackets=598 operations=13
12-06 11:16:32.869  1751  2778 I TetherStatsReporting:   [19] iface=wlan0 uid=10008 set=FOREGROUND tag=0x0 rxBytes=0 rxPackets=0 txBytes=0 txPackets=0 operations=0
12-06 11:16:32.869  1751  2778 I TetherStatsReporting:   [20] iface=wlan0 uid=10013 set=DEFAULT tag=0x0 rxBytes=213745 rxPackets=351 txBytes=236975 txPackets=434 operations=0
12-06 11:16:32.869  1751  2778 I TetherStatsReporting:   [21] iface=wlan0 uid=10013 set=FOREGROUND tag=0x0 rxBytes=0 rxPackets=0 txBytes=0 txPackets=0 operations=0
12-06 11:16:32.869  1751  2778 I TetherStatsReporting:   [22] iface=wlan0 uid=10015 set=DEFAULT tag=0x0 rxBytes=19309 rxPackets=20 txBytes=1569 txPackets=24 operations=0
12-06 11:16:32.869  1751  2778 I TetherStatsReporting:   [23] iface=wlan0 uid=10015 set=FOREGROUND tag=0x0 rxBytes=0 rxPackets=0 txBytes=0 txPackets=0 operations=0
12-06 11:16:32.869  1751  2778 I TetherStatsReporting:   [24] iface=wlan0 uid=10023 set=DEFAULT tag=0x0 rxBytes=1373726 rxPackets=2529 txBytes=559231 txPackets=3210 operations=0
12-06 11:16:32.869  1751  2778 I TetherStatsReporting:   [25] iface=wlan0 uid=10023 set=FOREGROUND tag=0x0 rxBytes=0 rxPackets=0 txBytes=0 txPackets=0 operations=0
12-06 11:16:32.869  1751  2778 I TetherStatsReporting:   [26] iface=wlan0 uid=10031 set=DEFAULT tag=0x0 rxBytes=26366 rxPackets=155 txBytes=79633 txPackets=214 operations=0
12-06 11:16:32.869  1751  2778 I TetherStatsReporting:   [27] iface=wlan0 uid=10031 set=FOREGROUND tag=0x0 rxBytes=0 rxPackets=0 txBytes=0 txPackets=0 operations=0
12-06 11:16:32.869  1751  2778 I TetherStatsReporting:   [28] iface=wlan0 uid=10038 set=DEFAULT tag=0x0 rxBytes=16697765 rxPackets=14876 txBytes=2340101 txPackets=10341 operations=0
12-06 11:16:32.869  1751  2778 I TetherStatsReporting:   [29] iface=wlan0 uid=10038 set=FOREGROUND tag=0x0 rxBytes=0 rxPackets=0 txBytes=0 txPackets=0 operations=0
12-06 11:16:32.869  1751  2778 I TetherStatsReporting:   [30] iface=wlan0 uid=10039 set=DEFAULT tag=0x0 rxBytes=90188 rxPackets=416 txBytes=136879 txPackets=671 operations=0
12-06 11:16:32.869  1751  2778 I TetherStatsReporting:   [31] iface=wlan0 uid=10039 set=FOREGROUND tag=0x0 rxBytes=0 rxPackets=0 txBytes=0 txPackets=0 operations=0
12-06 11:16:32.869  1751  2778 I TetherStatsReporting:   [32] iface=wlan0 uid=10052 set=DEFAULT tag=0x0 rxBytes=808541268 rxPackets=562001 txBytes=29860349 txPackets=490023 operations=0
12-06 11:16:32.869  1751  2778 I TetherStatsReporting:   [33] iface=wlan0 uid=10052 set=FOREGROUND tag=0x0 rxBytes=0 rxPackets=0 txBytes=0 txPackets=0 operations=0
12-06 11:16:32.869  1751  2778 I TetherStatsReporting:   [34] iface=wlan0 uid=10053 set=DEFAULT tag=0x0 rxBytes=69606 rxPackets=195 txB
12-06 11:16:32.869  1751  2778 I TetherStatsReporting: binding to service
12-06 11:16:32.898  1751  2778 D NtpTrustedTime: currentTimeMillis() cache hit
12-06 11:16:32.902  1751  2779 D NtpTrustedTime: currentTimeMillis() cache hit
12-06 11:16:32.902  3107  4265 I TrafficManageService: mina mTrafficStatsReceiver onReceive
12-06 11:16:32.988   334   449 I ThermalEngine: Sensor:batt_temp:336 mC
12-06 11:16:33.759 15278 15289 I art     : Background sticky concurrent mark sweep GC freed 196439(10MB) AllocSpace objects, 42(7MB) LOS objects, 17% free, 60MB/73MB, paused 1.952ms total 200.477ms
12-06 11:16:33.982  3027  3027 V SyncNotificationUtils: sendSyncingBroadcast: true
12-06 11:16:33.988  3027  3027 V SyncNotificationUtils: sendSyncingBroadcast: true
12-06 11:16:33.990   334   449 I ThermalEngine: Sensor:batt_temp:337 mC
12-06 11:16:34.247  3312  3312 D wpa_supplicant: wlan0: Control interface command 'SIGNAL_POLL'
12-06 11:16:34.257  3312  3312 D wpa_supplicant: CTRL-DEBUG: global_ctrl_sock-sendto: sock=11 sndbuf=163840 outq=0 send_len=48
12-06 11:16:34.548   334   432 I ThermalEngine: Sensor:tsens_tz_sensor5:57000 mC
12-06 11:16:34.548   334   460 I ThermalEngine: Sensor:tsens_tz_sensor5:57000 mC
12-06 11:16:34.548   334   460 I ThermalEngine: TM Id 'CPU0_MONITOR' Sensor 'cpu0' - alarm raised 1 at 57.0 degC
12-06 11:16:34.548   334   460 I ThermalEngine: ACTION: CPU - Setting CPU[0] to 1728000
12-06 11:16:34.549   334   460 I ThermalEngine: Mitigation:CPU[0]:1728000 Khz
12-06 11:16:34.549   334   460 I ThermalEngine: ACTION: CPU - Setting CPU[1] to 1728000
12-06 11:16:34.549   334   460 E ThermalEngine: Failed to set desired CPU[1] frequency limit to 1728000
12-06 11:16:34.549   334   460 I ThermalEngine: ACTION: CPU - Setting CPU[2] to 1728000
12-06 11:16:34.549   334   460 E ThermalEngine: Failed to set desired CPU[2] frequency limit to 1728000
12-06 11:16:34.549   334   460 I ThermalEngine: ACTION: CPU - Setting CPU[3] to 1728000
12-06 11:16:34.549   334   460 I ThermalEngine: Mitigation:CPU[3]:1728000 Khz
12-06 11:16:34.565 15278 15289 I art     : Background partial concurrent mark sweep GC freed 219276(10MB) AllocSpace objects, 8(4MB) LOS objects, 39% free, 61MB/102MB, paused 1.833ms total 179.446ms
12-06 11:16:34.577 15278 19177 I ArkApp.Dict.Update: updateDict, local not exists, full update, success=true, name=dict4-4
12-06 11:16:34.578 15278 19177 I ArkApp.Dict.Update: updateWordDict, one task complete, name=dict4-4, success=true, left=3
12-06 11:16:34.600 15278 19179 I ArkApp.Dict.Update: updateDict, local not exists, full update, success=true, name=dict9
12-06 11:16:34.601 15278 19179 I ArkApp.Dict.Update: updateWordDict, one task complete, name=dict9, success=true, left=2
12-06 11:16:34.740   334   432 I ThermalEngine: Sensor:tsens_tz_sensor5:49000 mC
12-06 11:16:34.742   334   460 I ThermalEngine: Sensor:tsens_tz_sensor5:49000 mC
12-06 11:16:34.742   334   460 I ThermalEngine: TM Id 'CPU0_MONITOR' Sensor 'cpu0' - alarm cleared 1 at 49.0 degC
12-06 11:16:34.744   334   460 I ThermalEngine: ACTION: CPU - Setting CPU[0] to 2457600
12-06 11:16:34.745   334   460 I ThermalEngine: Mitigation:CPU[0]:2457600 Khz
12-06 11:16:34.745   334   460 I ThermalEngine: ACTION: CPU - Setting CPU[1] to 2457600
12-06 11:16:34.746   334   460 E ThermalEngine: Failed to set desired CPU[1] frequency limit to 2457600
12-06 11:16:34.746   334   460 I ThermalEngine: ACTION: CPU - Setting CPU[2] to 2457600
12-06 11:16:34.746   334   460 E ThermalEngine: Failed to set desired CPU[2] frequency limit to 2457600
12-06 11:16:34.746   334   460 I ThermalEngine: ACTION: CPU - Setting CPU[3] to 2457600
12-06 11:16:34.747   334   460 I ThermalEngine: Mitigation:CPU[3]:2457600 Khz
12-06 11:16:34.991   334   449 I ThermalEngine: Sensor:batt_temp:335 mC
12-06 11:16:35.993   334   449 I ThermalEngine: Sensor:batt_temp:335 mC
12-06 11:16:36.044  1751 11220 I ActivityManager: com.tencent.mobileqq:TMAssistantDownloadSDKService adjSource is com.tencent.mobileqq
12-06 11:16:36.550 24691 17103 W GDataClient: Unable to execute HTTP request.java.net.SocketTimeoutException: failed to connect to android.clients.google.com/64.233.189.138 (port 443) after 60000ms: isConnected failed: ETIMEDOUT (Connection timed out)
12-06 11:16:36.650  1751  3149 I ActivityManager: com.tencent.mobileqq:TMAssistantDownloadSDKService adjSource is com.tencent.mobileqq
12-06 11:16:36.666  1751  1793 V UidProcStateHelper: process state changed:[1471,10102,16]
12-06 11:16:36.676  1751  1793 V UidProcStateHelper: process state changed:[24691,10102,10]
12-06 11:16:36.678  1751  1774 I ActivityManager: com.tencent.mobileqq:TMAssistantDownloadSDKService adjSource is com.tencent.mobileqq
12-06 11:16:36.678  3027  3047 D SyncNotificationService: SyncStatusObserver: onStatusChanged
12-06 11:16:36.680  1751  1793 V UidProcStateHelper: process state changed:[24691,10102,16]
12-06 11:16:36.695  1751  1791 D SyncManager: failed sync operation zhuweizhi0220@gmail.com u0 (com.google), subscribedfeeds, PERIODIC, currentRunTime 508447540, reason: Periodic, SyncResult: stats [ numIoExceptions: 1]
12-06 11:16:36.721  3027  3027 V SyncNotificationUtils: sendSyncingBroadcast: true
12-06 11:16:36.728  2890 29198 D StatusBar: onNotificationPosted:  Key: 0|com.xiaomi.xmsf|8|null|10070 GroupKey: 0|com.xiaomi.xmsf|8|null|10070 Connected: true
12-06 11:16:36.731 17951 18024 D SolarexNotificationListener: com.xiaomi.xmsf
12-06 11:16:36.731 17951 18024 D SolarexNotificationListener: 正在同步帐号状态同步@Google
12-06 11:16:36.731 17951 18024 D SolarexNotificationListener: manager = com.ginshell.sdk.c@c366a4e
12-06 11:16:36.732 17951 18024 D BaseRequest: setTag() called with: tag = [null]
12-06 11:16:36.732 17951 18024 D XWorkerThread: addRequest() called with: request = [com.ginshell.ble.x.request.XPerReadRequest@b8ef762], size = 0
12-06 11:16:36.732 17951 17979 D BaseBleController: checkStateLock() called with: 
12-06 11:16:36.732 17951 17979 V XBleController: writeFrame frame =[(0x) 29-00-00-00-14-01-01-01-01]
12-06 11:16:36.754  2890  2890 D StatusBar:  GroupChild: false  GroupsContainsKey: false  IsUpdate: true IsGroupSummary: false hasIcon: true
12-06 11:16:36.754  2890  2890 V ExpandedNotification: push score:0.0, local score:0.0, pkg:com.xiaomi.xmsf
12-06 11:16:36.754  2890  2890 D PhoneStatusBar: updateNotification pkg=com.xiaomi.xmsf;id=8
12-06 11:16:36.759  2890  2890 W ResourceType: No known package when getting value for resource number 0xffffffff
12-06 11:16:36.763  2890  2890 E Icon    : Unable to load resource 0xffffffff from pkg=com.xiaomi.xmsf
12-06 11:16:36.763  2890  2890 E Icon    : android.content.res.Resources$NotFoundException: Resource ID #0xffffffff
12-06 11:16:36.763  2890  2890 E Icon    : 	at android.content.res.Resources.getValue(Resources.java:1369)
12-06 11:16:36.763  2890  2890 E Icon    : 	at android.content.res.MiuiResources.getValue(MiuiResources.java:146)
12-06 11:16:36.763  2890  2890 E Icon    : 	at android.content.res.Resources.getDrawable(Resources.java:822)
12-06 11:16:36.763  2890  2890 E Icon    : 	at android.graphics.drawable.Icon.loadDrawableInner(Icon.java:313)
12-06 11:16:36.763  2890  2890 E Icon    : 	at android.graphics.drawable.Icon.loadDrawable(Icon.java:269)
12-06 11:16:36.763  2890  2890 E Icon    : 	at android.widget.ImageView.setImageIcon(ImageView.java:498)
12-06 11:16:36.763  2890  2890 E Icon    : 	at java.lang.reflect.Method.invoke(Native Method)
12-06 11:16:36.763  2890  2890 E Icon    : 	at android.widget.RemoteViews$ReflectionAction.apply(RemoteViews.java:1296)
12-06 11:16:36.763  2890  2890 E Icon    : 	at android.widget.RemoteViews.performApply(RemoteViews.java:2804)
12-06 11:16:36.763  2890  2890 E Icon    : 	at android.widget.RemoteViews.reapply(RemoteViews.java:2795)
12-06 11:16:36.763  2890  2890 E Icon    : 	at com.android.systemui.statusbar.BaseStatusBar.updateNotification(BaseStatusBar.java:1179)
12-06 11:16:36.763  2890  2890 E Icon    : 	at com.android.systemui.statusbar.phone.PhoneStatusBar.updateNotification(PhoneStatusBar.java:2765)
12-06 11:16:36.763  2890  2890 E Icon    : 	at com.android.systemui.statusbar.CommandQueue$H.handleMessage(CommandQueue.java:469)
12-06 11:16:36.763  2890  2890 E Icon    : 	at android.os.Handler.dispatchMessage(Handler.java:102)
12-06 11:16:36.763  2890  2890 E Icon    : 	at android.os.Looper.loop(Looper.java:157)
12-06 11:16:36.763  2890  2890 E Icon    : 	at android.app.ActivityThread.main(ActivityThread.java:5653)
12-06 11:16:36.763  2890  2890 E Icon    : 	at java.lang.reflect.Method.invoke(Native Method)
12-06 11:16:36.763  2890  2890 E Icon    : 	at com.android.internal.os.ZygoteInit$MethodAndArgsCaller.run(ZygoteInit.java:746)
12-06 11:16:36.763  2890  2890 E Icon    : 	at com.android.internal.os.ZygoteInit.main(ZygoteInit.java:636)
12-06 11:16:36.767  3027 12732 D SyncNotificationService: SyncStatusObserver: onStatusChanged
12-06 11:16:36.772  3027  3027 V SyncNotificationUtils: sendSyncingBroadcast: true
12-06 11:16:36.784  2890  2890 D SizeAdaptiveLayout: com.android.internal.widget.SizeAdaptiveLayout{1a3a315 V.E...... ......ID 0,0-920,189 #7f0b011d app:id/adaptive}child view android.widget.LinearLayout{f186164 V.E...... R.....ID 0,0-920,188 #1020370 android:id/status_bar_latest_event_content} measured out of bounds at 188px clamped to 189px
12-06 11:16:36.791  1751  1791 I ActivityManager: com.tencent.mobileqq:TMAssistantDownloadSDKService adjSource is com.tencent.mobileqq
12-06 11:16:36.794  1751  1793 V UidProcStateHelper: process state changed:[24691,10102,7]
12-06 11:16:36.806  1751  3149 I ActivityManager: com.tencent.mobileqq:TMAssistantDownloadSDKService adjSource is com.tencent.mobileqq
12-06 11:16:36.807  1751  1793 V UidProcStateHelper: process state changed:[1471,10102,7]
12-06 11:16:36.866 24691 19211 I GoogleURLConnFactory: Using platform SSLCertificateSocketFactory
12-06 11:16:36.944  1751 11220 I ActivityManager: com.tencent.mobileqq:TMAssistantDownloadSDKService adjSource is com.tencent.mobileqq
12-06 11:16:36.960  1751  1793 V UidProcStateHelper: process state changed:[29017,10102,6]
12-06 11:16:36.991  1751  4276 I ActivityManager: com.tencent.mobileqq:TMAssistantDownloadSDKService adjSource is com.tencent.mobileqq
12-06 11:16:36.994   334   449 I ThermalEngine: Sensor:batt_temp:337 mC
12-06 11:16:37.000  1751  4276 I ActivityManager: com.google.android.gms.persistent adjSource is com.google.android.gms
12-06 11:16:37.001  1751  1793 V UidProcStateHelper: process state changed:[24691,10102,7]
12-06 11:16:37.001  1751  1793 V UidProcStateHelper: process state changed:[1471,10102,6]
12-06 11:16:37.007  1751 11268 I ActivityManager: com.google.android.gms.persistent adjSource is com.google.android.gms
12-06 11:16:37.265  3312  3312 D wpa_supplicant: wlan0: Control interface command 'SIGNAL_POLL'
12-06 11:16:37.269  3312  3312 D wpa_supplicant: CTRL-DEBUG: global_ctrl_sock-sendto: sock=11 sndbuf=163840 outq=0 send_len=48
12-06 11:16:37.271  1751  2812 D ConnectivityService: notifyType CAP_CHANGED for NetworkAgentInfo [WIFI () - 122]
12-06 11:16:37.275  2890  2890 D StatusBar.NetworkController: slot=-10;action=android.net.wifi.RSSI_CHANGED
12-06 11:16:37.876 15278 19180 I ArkApp.Dict.Update: updateDict, local not exists, full update, success=true, name=dict2
12-06 11:16:37.876 15278 19180 I ArkApp.Dict.Update: updateWordDict, one task complete, name=dict2, success=true, left=1
12-06 11:16:37.996   334   449 I ThermalEngine: Sensor:batt_temp:335 mC
12-06 11:16:38.064 25689 25734 W bt_hci_packet_fragmenter: reassemble_and_dispatch complete l2cap packet received:l2cap full length 10 and hci length 18.
12-06 11:16:38.064 25689 25735 E bt_btif : bta_gattc_cmpl_cback unknown conn_id =  4, ignore data
12-06 11:16:38.067 17951 17966 V XWorkerThread: receiveFrame (0x) 73-75-63-63-65-73-73
12-06 11:16:38.069 17951 17951 D SolarexNotificationListener: finished
12-06 11:16:38.999   334   449 I ThermalEngine: Sensor:batt_temp:335 mC
12-06 11:16:39.001  3027  3027 V SyncNotificationUtils: sendSyncingBroadcast: true
12-06 11:16:39.021  3027  3027 V SyncNotificationUtils: sendSyncingBroadcast: true
12-06 11:16:40.001   334   449 I ThermalEngine: Sensor:batt_temp:335 mC
12-06 11:16:40.280  3312  3312 D wpa_supplicant: wlan0: Control interface command 'SIGNAL_POLL'
12-06 11:16:40.286  3312  3312 D wpa_supplicant: CTRL-DEBUG: global_ctrl_sock-sendto: sock=11 sndbuf=163840 outq=0 send_len=48
12-06 11:16:41.002   334   449 I ThermalEngine: Sensor:batt_temp:335 mC
12-06 11:16:41.245  1751  2778 D NtpTrustedTime: currentTimeMillis() cache hit
12-06 11:16:41.292  1751  2778 I TetherStatsReporting: getTetherStats() called NetworkStats: elapsedRealtime=508640889
12-06 11:16:41.292  1751  2778 I TetherStatsReporting:   [0] iface=wlan0 uid=0 set=DEFAULT tag=0x0 rxBytes=11406462 rxPackets=101398 txBytes=2664660 txPackets=35984 operations=0
12-06 11:16:41.292  1751  2778 I TetherStatsReporting:   [1] iface=wlan0 uid=0 set=FOREGROUND tag=0x0 rxBytes=0 rxPackets=0 txBytes=0 txPackets=0 operations=0
12-06 11:16:41.292  1751  2778 I TetherStatsReporting:   [2] iface=wlan0 uid=1000 set=DEFAULT tag=0x0 rxBytes=6683860 rxPackets=9831 txBytes=1874239 txPackets=12775 operations=0
12-06 11:16:41.292  1751  2778 I TetherStatsReporting:   [3] iface=wlan0 uid=1000 set=FOREGROUND tag=0x0 rxBytes=0 rxPackets=0 txBytes=0 txPackets=0 operations=0
12-06 11:16:41.292  1751  2778 I TetherStatsReporting:   [4] iface=wlan0 uid=9801 set=DEFAULT tag=0x0 rxBytes=210384 rxPackets=439 txBytes=101316 txPackets=617 operations=0
12-06 11:16:41.292  1751  2778 I TetherStatsReporting:   [5] iface=wlan0 uid=9801 set=FOREGROUND tag=0x0 rxBytes=0 rxPackets=0 txBytes=0 txPackets=0 operations=0
12-06 11:16:41.292  1751  2778 I TetherStatsReporting:   [6] iface=wlan0 uid=9802 set=DEFAULT tag=0x0 rxBytes=56295062 rxPackets=38230 txBytes=799051 txPackets=18946 operations=0
12-06 11:16:41.292  1751  2778 I TetherStatsReporting:   [7] iface=wlan0 uid=9802 set=FOREGROUND tag=0x0 rxBytes=0 rxPackets=0 txBytes=0 txPackets=0 operations=0
12-06 11:16:41.292  1751  2778 I TetherStatsReporting:   [8] iface=wlan0 uid=9810 set=DEFAULT tag=0x0 rxBytes=113851 rxPackets=164 txBytes=26527 txPackets=208 operations=0
12-06 11:16:41.292  1751  2778 I TetherStatsReporting:   [9] iface=wlan0 uid=9810 set=FOREGROUND tag=0x0 rxBytes=0 rxPackets=0 txBytes=0 txPackets=0 operations=0
12-06 11:16:41.292  1751  2778 I TetherStatsReporting:   [10] iface=wlan0 uid=10000 set=DEFAULT tag=0x0 rxBytes=388336 rxPackets=1126 txBytes=442081 txPackets=1574 operations=0
12-06 11:16:41.292  1751  2778 I TetherStatsReporting:   [11] iface=wlan0 uid=10000 set=FOREGROUND tag=0x0 rxBytes=0 rxPackets=0 txBytes=0 txPackets=0 operations=0
12-06 11:16:41.292  1751  2778 I TetherStatsReporting:   [12] iface=wlan0 uid=10003 set=DEFAULT tag=0x0 rxBytes=611461 rxPackets=463 txBytes=31274 txPackets=293 operations=0
12-06 11:16:41.292  1751  2778 I TetherStatsReporting:   [13] iface=wlan0 uid=10003 set=FOREGROUND tag=0x0 rxBytes=307115 rxPackets=258 txBytes=23403 txPackets=286 operations=0
12-06 11:16:41.292  1751  2778 I TetherStatsReporting:   [14] iface=wlan0 uid=10004 set=DEFAULT tag=0x0 rxBytes=69511 rxPackets=110 txBytes=19530 txPackets=139 operations=0
12-06 11:16:41.292  1751  2778 I TetherStatsReporting:   [15] iface=wlan0 uid=10004 set=FOREGROUND tag=0x0 rxBytes=0 rxPackets=0 txBytes=0 txPacket