12-06 11:16:09.967  2890  2890 D BatteryController: action=android.intent.action.BATTERY_CHANGED; mCharging=true
12-06 11:16:09.970 25689 25741 D HeadsetStateMachine: Disconnected process message: 10, size: 0
12-06 11:16:09.971  3107  3107 I BatteryInfoReceiver: ACTION_BATTERY_CHANGED
12-06 11:16:09.973  3262  4205 D PowerCheckerService: onBatteryChanged, mBatteryLevel = 99, status = 2, level = 99, plug = 2
12-06 11:16:09.974  3262  4259 D ThermalManager$ThermalTempInfoHelper: thermal sensor3 type is tsens_tz_sensor3
12-06 11:16:09.976  3262  4259 D ThermalManager$ThermalTempInfoHelper: thermal sensor4 type is tsens_tz_sensor4
12-06 11:16:09.977  3262  4259 D ThermalManager$ThermalTempInfoHelper: thermal sensor5 type is tsens_tz_sensor5
12-06 11:16:09.979  3262  4259 D ThermalManager$ThermalTempInfoHelper: thermal sensor6 type is tsens_tz_sensor6
12-06 11:16:09.980  3262  4259 D ThermalManager$ThermalTempInfoHelper: thermal sensor7 type is tsens_tz_sensor7
12-06 11:16:09.982  3262  4259 D ThermalManager$ThermalTempInfoHelper: thermal sensor8 type is tsens_tz_sensor8
12-06 11:16:09.983  3262  4259 D ThermalManager$ThermalTempInfoHelper: thermal sensor9 type is tsens_tz_sensor9
12-06 11:16:09.986  3262  4259 D ThermalManager$ThermalTempInfoHelper: thermal sensor10 type is tsens_tz_sensor10
12-06 11:16:09.987  3262  4259 D ThermalManager$ThermalTempInfoHelper: thermal sensor11 type is pm8841_tz
12-06 11:16:09.989  3262  4259 D ThermalManager$ThermalTempInfoHelper: thermal sensor12 type is pm8941_tz
12-06 11:16:09.990  3262  4259 D ThermalManager$ThermalTempInfoHelper: thermal sensor13 type is pa_therm0
12-06 11:16:09.992  3262  4259 D ThermalManager$ThermalTempInfoHelper: thermal sensor14 type is pa_therm1
12-06 11:16:09.994  3262  4259 D ThermalManager$ThermalTempInfoHelper: thermal sensor15 type is emmc_therm
12-06 11:16:09.995  3262  4259 D ThermalManager$ThermalTempInfoHelper: thermal sensor16 type is msm_therm
12-06 11:16:09.998  3262  4259 D ThermalManager$ThermalTempInfoHelper: thermal sensor0 type is tsens_tz_sensor0
12-06 11:16:10.000  3262  4259 D ThermalManager$ThermalTempInfoHelper: thermal sensor1 type is tsens_tz_sensor1
12-06 11:16:10.001  3262  4259 D ThermalManager$ThermalTempInfoHelper: thermal sensor2 type is tsens_tz_sensor2
12-06 11:16:10.003  3262  4259 D ThermalManager$ThermalTempInfoHelper: thermal sensor3 type is tsens_tz_sensor3
12-06 11:16:10.005  3262  4259 D ThermalManager$ThermalTempInfoHelper: thermal sensor4 type is tsens_tz_sensor4
12-06 11:16:10.006  3262  4259 D ThermalManager$ThermalTempInfoHelper: thermal sensor5 type is tsens_tz_sensor5
12-06 11:16:10.008  3262  4259 D ThermalManager$ThermalTempInfoHelper: thermal sensor6 type is tsens_tz_sensor6
12-06 11:16:10.010  3262  4259 D ThermalManager$ThermalTempInfoHelper: thermal sensor7 type is tsens_tz_sensor7
12-06 11:16:10.011  3262  4259 D ThermalManager$ThermalTempInfoHelper: thermal sensor8 type is tsens_tz_sensor8
12-06 11:16:10.013  3262  4259 D ThermalManager$ThermalTempInfoHelper: thermal sensor9 type is tsens_tz_sensor9
12-06 11:16:10.014  3262  4259 D ThermalManager$ThermalTempInfoHelper: thermal sensor10 type is tsens_tz_sensor10
12-06 11:16:10.016  3262  4259 D ThermalManager$ThermalTempInfoHelper: thermal sensor11 type is pm8841_tz
12-06 11:16:10.017  3262  4259 D ThermalManager$ThermalTempInfoHelper: thermal sensor12 type is pm8941_tz
12-06 11:16:10.019  3262  4259 D ThermalManager$ThermalTempInfoHelper: thermal sensor13 type is pa_therm0
12-06 11:16:10.020  3262  4259 D ThermalManager$ThermalTempInfoHelper: thermal sensor14 type is pa_therm1
12-06 11:16:10.022  3262  4259 D ThermalManager$ThermalTempInfoHelper: thermal sensor15 type is emmc_therm
12-06 11:16:10.023  3262  4259 D ThermalManager$ThermalTempInfoHelper: thermal sensor16 type is msm_therm
12-06 11:16:10.026  3262  4259 D ThermalManager$ThermalTempInfoHelper: thermal sensor0 type is tsens_tz_sensor0
12-06 11:16:10.027  3262  4259 D ThermalManager$ThermalTempInfoHelper: thermal sensor1 type is tsens_tz_sensor1
12-06 11:16:10.029  3262  4259 D ThermalManager$ThermalTempInfoHelper: thermal sensor2 type is tsens_tz_sensor2
12-06 11:16:10.030  3262  4259 D ThermalManager$ThermalTempInfoHelper: thermal sensor3 type is tsens_tz_sensor3
12-06 11:16:10.032  3262  4259 D ThermalManager$ThermalTempInfoHelper: thermal sensor4 type is tsens_tz_sensor4
12-06 11:16:10.033  3262  4259 D ThermalManager$ThermalTempInfoHelper: thermal sensor5 type is tsens_tz_sensor5
12-06 11:16:10.035  3262  4259 D ThermalManager$ThermalTempInfoHelper: thermal sensor6 type is tsens_tz_sensor6
12-06 11:16:10.037  3262  4259 D ThermalManager$ThermalTempInfoHelper: thermal sensor7 type is tsens_tz_sensor7
12-06 11:16:10.038  3262  4259 D ThermalManager$ThermalTempInfoHelper: thermal sensor8 type is tsens_tz_sensor8
12-06 11:16:10.040  3262  4259 D ThermalManager$ThermalTempInfoHelper: thermal sensor9 type is tsens_tz_sensor9
12-06 11:16:10.041  3262  4259 D ThermalManager$ThermalTempInfoHelper: thermal sensor10 type is tsens_tz_sensor10
12-06 11:16:10.043  3262  4259 D ThermalManager$ThermalTempInfoHelper: thermal sensor11 type is pm8841_tz
12-06 11:16:10.044  3262  4259 D ThermalManager$ThermalTempInfoHelper: thermal sensor12 type is pm8941_tz
12-06 11:16:10.046  3262  4259 D ThermalManager$ThermalTempInfoHelper: thermal sensor13 type is pa_therm0
12-06 11:16:10.048  3262  4259 D ThermalManager$ThermalTempInfoHelper: thermal sensor14 type is pa_therm1
12-06 11:16:10.049  3262  4259 D ThermalManager$ThermalTempInfoHelper: thermal sensor15 type is emmc_therm
12-06 11:16:10.051  3262  4259 D ThermalManager$ThermalTempInfoHelper: thermal sensor16 type is msm_therm
12-06 11:16:10.053  3262  4259 D ThermalManager$ThermalTempInfoHelper: thermal sensor0 type is tsens_tz_sensor0
12-06 11:16:10.055  3262  4259 D ThermalManager$ThermalTempInfoHelper: thermal sensor1 type is tsens_tz_sensor1
12-06 11:16:10.057  3262  4259 D ThermalManager$ThermalTempInfoHelper: thermal sensor2 type is tsens_tz_sensor2
12-06 11:16:10.059  3262  4259 D ThermalManager$ThermalTempInfoHelper: thermal sensor3 type is tsens_tz_sensor3
12-06 11:16:10.060  3262  4259 D ThermalManager$ThermalTempInfoHelper: thermal sensor4 type is tsens_tz_sensor4
12-06 11:16:10.062  3262  4259 D ThermalManager$ThermalTempInfoHelper: thermal sensor5 type is tsens_tz_sensor5
12-06 11:16:10.063  3262  4259 D ThermalManager$ThermalTempInfoHelper: thermal sensor6 type is tsens_tz_sensor6
12-06 11:16:10.065  3262  4259 D ThermalManager$ThermalTempInfoHelper: thermal sensor7 type is tsens_tz_sensor7
12-06 11:16:10.066  3262  4259 D ThermalManager$ThermalTempInfoHelper: thermal sensor8 type is tsens_tz_sensor8
12-06 11:16:10.068  3262  4259 D ThermalManager$ThermalTempInfoHelper: thermal sensor9 type is tsens_tz_sensor9
12-06 11:16:10.069  3262  4259 D ThermalManager$ThermalTempInfoHelper: thermal sensor10 type is tsens_tz_sensor10
12-06 11:16:10.071  3262  4259 D ThermalManager$ThermalTempInfoHelper: thermal sensor11 type is pm8841_tz
12-06 11:16:10.072  3262  4259 D ThermalManager$ThermalTempInfoHelper: thermal sensor12 type is pm8941_tz
12-06 11:16:10.074  3262  4259 D ThermalManager$ThermalTempInfoHelper: thermal sensor13 type is pa_therm0
12-06 11:16:10.076  3262  4259 D ThermalManager$ThermalTempInfoHelper: thermal sensor14 type is pa_therm1
12-06 11:16:10.077  3262  4259 D ThermalManager$ThermalTempInfoHelper: thermal sensor15 type is emmc_therm
12-06 11:16:10.079  3262  4259 D ThermalManager$ThermalTempInfoHelper: thermal sensor16 type is msm_therm
12-06 11:16:10.106  3312  3312 D wpa_supplicant: wlan0: Control interface command 'SIGNAL_POLL'
12-06 11:16:10.107  3312  3312 D wpa_supplicant: CTRL-DEBUG: global_ctrl_sock-sendto: sock=11 sndbuf=163840 outq=0 send_len=48
12-06 11:16:10.429 19000 19003 W dex2oat : No verified method for method calling String.<init>: java.lang.String java.io.ByteArrayOutputStream.toString(java.lang.String)
12-06 11:16:10.957   334   449 I ThermalEngine: Sensor:batt_temp:337 mC
12-06 11:16:11.267   334   432 I ThermalEngine: Sensor:tsens_tz_sensor5:54000 mC
12-06 11:16:11.269   334   460 I ThermalEngine: Sensor:tsens_tz_sensor5:54000 mC
12-06 11:16:11.269   334   460 I ThermalEngine: TM Id 'CPU0_MONITOR' Sensor 'cpu0' - alarm cleared 2 at 54.0 degC
12-06 11:16:11.270   334   460 I ThermalEngine: ACTION: CPU - Setting CPU[0] to 1728000
12-06 11:16:11.271   334   460 I ThermalEngine: Mitigation:CPU[0]:1728000 Khz
12-06 11:16:11.271   334   460 I ThermalEngine: ACTION: CPU - Setting CPU[1] to 1728000
12-06 11:16:11.272   334   460 E ThermalEngine: Failed to set desired CPU[1] frequency limit to 1728000
12-06 11:16:11.272   334   460 I ThermalEngine: ACTION: CPU - Setting CPU[2] to 1728000
12-06 11:16:11.272   334   460 E ThermalEngine: Failed to set desired CPU[2] frequency limit to 1728000
12-06 11:16:11.272   334   460 I ThermalEngine: ACTION: CPU - Setting CPU[3] to 1728000
12-06 11:16:11.273   334   460 I ThermalEngine: Mitigation:CPU[3]:1728000 Khz
12-06 11:16:11.347 19000 19000 I dex2oat : dex2oat took 3.592s (threads: 3) arena alloc=4MB java alloc=2MB native alloc=15MB free=2MB
12-06 11:16:11.390 15278 15310 I plugin_tag.Dex2Oat: All dexes are optimized successfully, cost: 3760 ms.
12-06 11:16:11.391 15278 15310 W plugin_tag: dex2Oat 3762, true, qqreaderplugin.apk
12-06 11:16:11.409 15278 15310 D plugin_tag: checkUpdate:qqreaderplugin.apk, com.qqreader.ReaderPreloadReaderProcess
12-06 11:16:11.409 15278 15310 D plugin_tag.Dex2Oat: same fingerprint:Xiaomi/cancro/cancro:6.0.1/MMB29M/7.11.23:user/release-keys
12-06 11:16:11.409 15278 15310 D plugin_tag: needOTA :false
12-06 11:16:11.409 15278 15310 D plugin_tag: doInstallAndLaunch. confirmCode, pluginId:2,qqreaderplugin.apk, true
12-06 11:16:11.420  3040 28667 D BroadcastLimitPolicy: [ALLOW] [broadcast] callerPackage com.tencent.mobileqq start process with Intent { flg=0x10 cmp=com.tencent.mobileqq/cooperation.qqreader.VipProxyRreLoadReaderProcess (has extras) } componentName com.tencent.mobileqq/cooperation.qqreader.VipProxyRreLoadReaderProcess [reason:1]
12-06 11:16:11.438  1751  1792 I ActivityManager: Start proc 19021:com.tencent.mobileqq:tool/u0a191 for broadcast com.tencent.mobileqq/cooperation.qqreader.VipProxyRreLoadReaderProcess
12-06 11:16:11.498  1751  4266 I ActivityManager: com.tencent.mobileqq:TMAssistantDownloadSDKService adjSource is com.tencent.mobileqq
12-06 11:16:11.501  1751  1793 V UidProcStateHelper: process state changed:[19021,10191,11]
12-06 11:16:11.556 19021 19044 D MSF.D.QLog: QLog init
12-06 11:16:11.573 19021 19021 I AutoMonitor: nextState -1, 0
12-06 11:16:11.585 19021 19021 E DexLoadOat: Success
12-06 11:16:11.587  1751  4243 I ActivityManager: com.tencent.mobileqq:TMAssistantDownloadSDKService adjSource is com.tencent.mobileqq
12-06 11:16:11.591 19021 19021 D LoadDex : loadDexDoStep Success, -1 vs 318459
12-06 11:16:11.595 19021 19021 D HotPatchTool: injectPatchDex enable=false, isStartup=true
12-06 11:16:11.604  1751  3032 I ActivityManager: com.tencent.mobileqq:TMAssistantDownloadSDKService adjSource is com.tencent.mobileqq
12-06 11:16:11.617 19021 19021 I MSF.D.MonitorSocket: Socket imple class: java.net.PlainSocketImpl
12-06 11:16:11.639 19021 19021 E QQAppInterface: laResult: 15, verifyResult: 15
12-06 11:16:11.639 19021 19021 D mqq     : doInit begin withcom.tencent.mobileqq:tool
12-06 11:16:11.649 19021 19021 I MsfServiceSdk: xiaomi_mi 4lte create isUseNewProxy=false randomInt=49
12-06 11:16:11.661 19021 19021 I MSF.D.NetworkProvider: refresh currentAPN:. received networkInfo: CONNECTED :[type: WIFI[], state: CONNECTED/CONNECTED, reason: (unspecified), extra: "beta-test", roaming: false, failover: false, isAvailable: true]. ExtraNetInfo: null
12-06 11:16:11.662 19021 19021 D MSF.D.NetworkProvider: netchange NONE to WiFi
12-06 11:16:11.663 19021 19021 D MsfServiceSdk: MsfServiceSdk init proxyNew=false processName=com.tencent.mobileqq:tool
12-06 11:16:11.666 19021 19021 D MSF.D.Proxy: start service finish
12-06 11:16:11.666  1751  1792 I ActiveServicesInjector: Low priority start of: ServiceRecord{2304f81 u0 com.tencent.mobileqq/.msf.service.MsfService}
12-06 11:16:11.667  1751  1792 I ActivityManager: com.tencent.mobileqq:TMAssistantDownloadSDKService adjSource is com.tencent.mobileqq
12-06 11:16:11.668 15552 15552 D MSF.S.MsfService: serivce onStart
12-06 11:16:11.668  1751  4266 I ActivityManager: com.tencent.mobileqq:TMAssistantDownloadSDKService adjSource is com.tencent.mobileqq
12-06 11:16:11.671  1751  3256 I ActivityManager: com.tencent.mobileqq:TMAssistantDownloadSDKService adjSource is com.tencent.mobileqq
12-06 11:16:11.671 19021 19021 D MSF.D.Proxy: threadID:1, threadName: main bind service finished true
12-06 11:16:11.673 19021 19021 D MobileQQ: createNewRuntime, falsefalse5null
12-06 11:16:11.674  1751  2811 D WifiService: New client listening to asynchronous messages
12-06 11:16:11.684 19021 19021 D MSF.D.Proxy: start service finish
12-06 11:16:11.685  1751 11268 I ActivityManager: com.tencent.mobileqq:TMAssistantDownloadSDKService adjSource is com.tencent.mobileqq
12-06 11:16:11.686  1751 11268 I ActivityManager: com.tencent.mobileqq:TMAssistantDownloadSDKService adjSource is com.tencent.mobileqq
12-06 11:16:11.686 15552 15552 D MSF.S.MsfService: serivce onStart
12-06 11:16:11.687  1751  3149 I ActivityManager: com.tencent.mobileqq:TMAssistantDownloadSDKService adjSource is com.tencent.mobileqq
12-06 11:16:11.688 19021 19021 D MSF.D.Proxy: threadID:1, threadName: main bind service finished true
12-06 11:16:11.690 19021 19021 D MobileQQ: createNewRuntime, canAutoOK: true
12-06 11:16:11.692 19021 19021 I mqq     : [AppRuntime]ToolAppRuntime (*0348) onCreate,savedInstanceState=null
12-06 11:16:11.703 19021 19057 D mqq     : newServlet = mqq.app.BuiltInServlet@54b79e2
12-06 11:16:11.705 19021 19021 D mqq     : doInit finished
12-06 11:16:11.705 19021 19021 D MainService: start MSF-Receiver 10075
12-06 11:16:11.706 19021 19057 D MSF.D.Proxy: start MsfService through Broadcast, 1
12-06 11:16:11.709  1751 11192 I ActivityManager: com.tencent.mobileqq:TMAssistantDownloadSDKService adjSource is com.tencent.mobileqq
12-06 11:16:11.709 19021 19057 D MSF.D.Proxy: threadID:10074, threadName: pool-1-thread-1 bind service finished true
12-06 11:16:11.710 19021 19057 D MSF.D.Proxy: delay binding MSF Service
12-06 11:16:11.714 19021 19050 W ResourceType: For resource 0x7f0c0559, entry index(1369) is beyond type entryCount(1369)
12-06 11:16:11.714 19021 19050 W ResourceType: Failure getting entry for 0x7f0c0559 (t=11 e=1369) (error -75)
12-06 11:16:11.764 19021 19021 W PackageParser: Ignoring duplicate uses-permissions/uses-permissions-sdk-m: com.android.launcher.permission.INSTALL_SHORTCUT in package: com.qqreader at: Binary XML file line #125
12-06 11:16:11.764 19021 19021 W PackageParser: Ignoring duplicate uses-permissions/uses-permissions-sdk-m: com.android.launcher.permission.UNINSTALL_SHORTCUT in package: com.qqreader at: Binary XML file line #126
12-06 11:16:11.767 19021 19021 D plugin_tag: getOrCreateClassLoader:qqreaderplugin.apk
12-06 11:16:11.768 19021 19021 D plugin_tag: dexsPath/data/user/0/com.tencent.mobileqq/app_installed_plugin/qqreaderplugin.apk
12-06 11:16:11.782 19021 19021 W plugin_tag: getOrCreateClassLoaderCost:qqreaderplugin.apk c:15
12-06 11:16:11.804 19021 19059 W beacon  : get app channel fail!
12-06 11:16:11.830 19021 19021 D MSF.D.AppNetInfoNewImpl: registerNetEventHandler 3e55f4
12-06 11:16:11.851 19021 19059 I SoLoadUtilNew: load GIFEngine result:true code 3387394
12-06 11:16:11.858  1751  4193 I ActivityManager: com.tencent.mobileqq:TMAssistantDownloadSDKService adjSource is com.tencent.mobileqq
12-06 11:16:11.861  1751  4193 I ActivityManager: com.tencent.mobileqq:TMAssistantDownloadSDKService adjSource is com.tencent.mobileqq
12-06 11:16:11.862  1751  1793 V UidProcStateHelper: process state changed:[19021,10191,16]
12-06 11:16:11.863 15552 15552 D NetConnInfoCenter: receive broadcast Intent { act=com.tencent.mobileqq.msf.startmsf flg=0x10 cmp=com.tencent.mobileqq/.msf.core.NetConnInfoCenter }
12-06 11:16:11.864  1751  2938 I ActivityManager: com.tencent.mobileqq:TMAssistantDownloadSDKService adjSource is com.tencent.mobileqq
12-06 11:16:11.864  1751  2938 I ActivityManager: com.tencent.mobileqq:TMAssistantDownloadSDKService adjSource is com.tencent.mobileqq
12-06 11:16:11.874 19021 19021 E AutoMonitor: init
12-06 11:16:11.875 19021 19021 E AutoMonitor: no activity
12-06 11:16:11.876 19021 19050 D SQLiteOpenHelper:  new SQLiteOpenHelper  helper = com.tencent.mobileqq.data.QQEntityManagerFactory$SQLiteOpenHelperImpl@2f15dbb this = com.tencent.mobileqq.app.SQLiteOpenHelper@1940631
12-06 11:16:11.878 19021 19021 D MSF.D.RemoteServiceProxy: onServiceConnected service:ComponentInfo{com.tencent.mobileqq/com.tencent.mobileqq.msf.service.MsfService}
12-06 11:16:11.889  1751  2938 I ActivityManager: com.tencent.mobileqq:TMAssistantDownloadSDKService adjSource is com.tencent.mobileqq
12-06 11:16:11.890  1751  3048 I ActivityManager: com.tencent.mobileqq:TMAssistantDownloadSDKService adjSource is com.tencent.mobileqq
12-06 11:16:11.895  1751 11169 I ActivityManager: com.tencent.mobileqq:TMAssistantDownloadSDKService adjSource is com.tencent.mobileqq
12-06 11:16:11.895 15552 16798 D MSF.S.ReqHandler: handleMsfRequest registerMsfService
12-06 11:16:11.895 15552 16798 I MSF.S.AppProcessManager: onRegisterApp process=com.tencent.mobileqq:tool processBootName= appid=537053738 callback=aaac8c8
12-06 11:16:11.896  1751 27728 I ActivityManager: com.tencent.mobileqq:TMAssistantDownloadSDKService adjSource is com.tencent.mobileqq
12-06 11:16:11.903  1751  3181 I ActivityManager: com.tencent.mobileqq:TMAssistantDownloadSDKService adjSource is com.tencent.mobileqq
12-06 11:16:11.904 15552 15615 I MSF.S.AppProcessManager: SendToApp PUSH process:com.tencent.mobileqq:qzone fromServiceMsg: FromServiceMsg msName:pushSetConfig ssoSeq:-1 serviceCmd:cmd_pushSetConfig appSeq:-1 failCode:1000
12-06 11:16:11.904 15552 15611 D MSF.S.ReqHandler: handleMsfRequest registerMsfService
12-06 11:16:11.904  1751  4266 I ActivityManager: com.tencent.mobileqq:TMAssistantDownloadSDKService adjSource is com.tencent.mobileqq
12-06 11:16:11.905 15552 15611 I MSF.S.AppProcessManager: onRegisterApp process=com.tencent.mobileqq:tool processBootName= appid=537053738 callback=6949d61
12-06 11:16:11.908 15552 15615 I MSF.S.AppProcessManager: SendToApp PUSH process:com.tencent.mobileqq:tool fromServiceMsg: FromServiceMsg msName:pushSetConfig ssoSeq:-1 serviceCmd:cmd_pushSetConfig appSeq:-1 failCode:1000
12-06 11:16:11.909   334   432 I ThermalEngine: Sensor:tsens_tz_sensor5:60000 mC
12-06 11:16:11.909  1751 28522 I ActivityManager: com.tencent.mobileqq:TMAssistantDownloadSDKService adjSource is com.tencent.mobileqq
12-06 11:16:11.909   334   460 I ThermalEngine: Sensor:tsens_tz_sensor5:60000 mC
12-06 11:16:11.909   334   460 I ThermalEngine: TM Id 'CPU0_MONITOR' Sensor 'cpu0' - alarm raised 2 at 60.0 degC
12-06 11:16:11.910   334   460 I ThermalEngine: ACTION: CPU - Setting CPU[0] to 1497600
12-06 11:16:11.910  1751  3095 I ActivityManager: com.tencent.mobileqq:TMAssistantDownloadSDKService adjSource is com.tencent.mobileqq
12-06 11:16:11.910   334   460 I ThermalEngine: Mitigation:CPU[0]:1497600 Khz
12-06 11:16:11.910   334   460 I ThermalEngine: ACTION: CPU - Setting CPU[1] to 1497600
12-06 11:16:11.910   334   460 E ThermalEngine: Failed to set desired CPU[1] frequency limit to 1497600
12-06 11:16:11.910   334   460 I ThermalEngine: ACTION: CPU - Setting CPU[2] to 1497600
12-06 11:16:11.910   334   460 E ThermalEngine: Failed to set desired CPU[2] frequency limit to 1497600
12-06 11:16:11.910   334   460 I ThermalEngine: ACTION: CPU - Setting CPU[3] to 1497600
12-06 11:16:11.911   334   460 I ThermalEngine: Mitigation:CPU[3]:1497600 Khz
12-06 11:16:11.911 15552 15615 I MSF.S.AppProcessManager: SendToApp PUSH process:com.tencent.mobileqq fromServiceMsg: FromServiceMsg msName:pushSetConfig ssoSeq:-1 serviceCmd:cmd_pushSetConfig appSeq:-1 failCode:1000
12-06 11:16:11.914 15552 15615 I MSF.S.AppProcessManager: SendToApp PUSH process:com.tencent.mobileqq:qzone fromServiceMsg: FromServiceMsg msName:pushSetConfig ssoSeq:-1 serviceCmd:cmd_pushSetConfig appSeq:-1 failCode:1000
12-06 11:16:11.914 15552 15615 I MSF.S.AppProcessManager: SendToApp PUSH process:com.tencent.mobileqq:tool fromServiceMsg: FromServiceMsg msName:pushSetConfig ssoSeq:-1 serviceCmd:cmd_pushSetConfig appSeq:-1 failCode:1000
12-06 11:16:11.914 15552 15615 I MSF.S.AppProcessManager: SendToApp PUSH process:com.tencent.mobileqq fromServiceMsg: FromServiceMsg msName:pushSetConfig ssoSeq:-1 serviceCmd:cmd_pushSetConfig appSeq:-1 failCode:1000
12-06 11:16:11.920  1751  4994 I ActivityManager: com.tencent.mobileqq:TMAssistantDownloadSDKService adjSource is com.tencent.mobileqq
12-06 11:16:11.921  1751  8899 I ActivityManager: com.tencent.mobileqq:TMAssistantDownloadSDKService adjSource is com.tencent.mobileqq
12-06 11:16:11.924  1751 11279 I ActivityManager: com.tencent.mobileqq:TMAssistantDownloadSDKService adjSource is com.tencent.mobileqq
12-06 11:16:11.926  1751 11192 I ActivityManager: com.tencent.mobileqq:TMAssistantDownloadSDKService adjSource is com.tencent.mobileqq
12-06 11:16:11.927 15552 15615 I MSF.S.AppProcessManager: SendToApp process:com.tencent.mobileqq:tool fromServiceMsg: FromServiceMsg msName:getAlterTickets ssoSeq:97204 serviceCmd: appSeq:1 failCode:1000
12-06 11:16:11.929  1751  2946 I ActivityManager: com.tencent.mobileqq:TMAssistantDownloadSDKService adjSource is com.tencent.mobileqq
12-06 11:16:11.930  1751  3706 I ActivityManager: com.tencent.mobileqq:TMAssistantDownloadSDKService adjSource is com.tencent.mobileqq
12-06 11:16:11.933  1751 27369 I ActivityManager: com.tencent.mobileqq:TMAssistantDownloadSDKService adjSource is com.tencent.mobileqq
12-06 11:16:11.934  1751  4276 I ActivityManager: com.tencent.mobileqq:TMAssistantDownloadSDKService adjSource is com.tencent.mobileqq
12-06 11:16:11.937  1751  4243 I ActivityManager: com.tencent.mobileqq:TMAssistantDownloadSDKService adjSource is com.tencent.mobileqq
12-06 11:16:11.938  1751  3113 I ActivityManager: com.tencent.mobileqq:TMAssistantDownloadSDKService adjSource is com.tencent.mobileqq
12-06 11:16:11.943  1751  3181 I ActivityManager: com.tencent.mobileqq:TMAssistantDownloadSDKService adjSource is com.tencent.mobileqq
12-06 11:16:11.943  1751  3337 I ActivityManager: com.tencent.mobileqq:TMAssistantDownloadSDKService adjSource is com.tencent.mobileqq
12-06 11:16:11.947  1751 28522 I ActivityManager: com.tencent.mobileqq:TMAssistantDownloadSDKService adjSource is com.tencent.mobileqq
12-06 11:16:11.948  1751  3095 I ActivityManager: com.tencent.mobileqq:TMAssistantDownloadSDKService adjSource is com.tencent.mobileqq
12-06 11:16:11.954  1751  4014 I ActivityManager: com.tencent.mobileqq:TMAssistantDownloadSDKService adjSource is com.tencent.mobileqq
12-06 11:16:11.956  1751  1774 I ActivityManager: com.tencent.mobileqq:TMAssistantDownloadSDKService adjSource is com.tencent.mobileqq
12-06 11:16:11.958   334   449 I ThermalEngine: Sensor:batt_temp:338 mC
12-06 11:16:11.961  1751  3095 I ActivityManager: com.tencent.mobileqq:TMAssistantDownloadSDKService adjSource is com.tencent.mobileqq
12-06 11:16:11.962  1751  2946 I ActivityManager: com.tencent.mobileqq:TMAssistantDownloadSDKService adjSource is com.tencent.mobileqq
12-06 11:16:11.965  1751  3032 I ActivityManager: com.tencent.mobileqq:TMAssistantDownloadSDKService adjSource is com.tencent.mobileqq
12-06 11:16:11.966  1751  4994 I ActivityManager: com.tencent.mobileqq:TMAssistantDownloadSDKService adjSource is com.tencent.mobileqq
12-06 11:16:11.969  1751  4193 I ActivityManager: com.tencent.mobileqq:TMAssistantDownloadSDKService adjSource is com.tencent.mobileqq
12-06 11:16:11.970  1751  8899 I ActivityManager: com.tencent.mobileqq:TMAssistantDownloadSDKService adjSource is com.tencent.mobileqq
12-06 11:16:11.974  1751  2938 I ActivityManager: com.tencent.mobileqq:TMAssistantDownloadSDKService adjSource is com.tencent.mobileqq
12-06 11:16:11.975  1751 11220 I ActivityManager: com.tencent.mobileqq:TMAssistantDownloadSDKService adjSource is com.tencent.mobileqq
12-06 11:16:11.977  1751  3706 I ActivityManager: com.tencent.mobileqq:TMAssistantDownloadSDKService adjSource is com.tencent.mobileqq
12-06 11:16:11.978  1751  1773 I ActivityManager: com.tencent.mobileqq:TMAssistantDownloadSDKService adjSource is com.tencent.mobileqq
12-06 11:16:12.003 19021 19050 D SQLiteOpenHelper: check dbRIsNull: null dbIsNull: 62215492
12-06 11:16:12.004 19021 19050 D SQLiteOpenHelper: new dbR = 39772116 helper = com.tencent.mobileqq.data.QQEntityManagerFactory$SQLiteOpenHelperImpl@2f15dbb this = com.tencent.mobileqq.app.SQLiteOpenHelper@1940631
12-06 11:16:12.022  1751 28522 I ActivityManager: com.tencent.mobileqq:TMAssistantDownloadSDKService adjSource is com.tencent.mobileqq
12-06 11:16:12.031 19021 19050 E SecurityUtile: loadso arm encrypt resultCode=3387394
12-06 11:16:12.032 19021 19050 E SecurityUtile: loadso true, resultCode:3387394 cost:27
12-06 11:16:12.038 19021 19050 W System.err: java.lang.NoSuchFieldException: No field value in class Ljava/lang/String; (declaration of 'java.lang.String' appears in /system/framework/core-libart.jar)
12-06 11:16:12.038 19021 19050 W System.err: 	at java.lang.Class.getDeclaredField(Native Method)
12-06 11:16:12.038 19021 19050 W System.err: 	at com.tencent.commonsdk.util.StringUtils.newStringWithData(StringUtils.java:15)
12-06 11:16:12.038 19021 19050 W System.err: 	at com.tencent.mobileqq.utils.SecurityUtile.a(ProGuard:118)
12-06 11:16:12.038 19021 19050 W System.err: 	at com.tencent.mobileqq.utils.SecurityUtile.b(ProGuard:158)
12-06 11:16:12.038 19021 19050 W System.err: 	at zlj.getString(ProGuard:712)
12-06 11:16:12.038 19021 19050 W System.err: 	at com.tencent.mobileqq.app.SQLiteDatabase.a(ProGuard:694)
12-06 11:16:12.038 19021 19050 W System.err: 	at com.tencent.mobileqq.app.SQLiteDatabase.f(ProGuard:665)
12-06 11:16:12.039 19021 19050 W System.err: 	at com.tencent.mobileqq.app.SQLiteDatabase.b(ProGuard:918)
12-06 11:16:12.039 19021 19050 W System.err: 	at com.tencent.mobileqq.persistence.EntityManager.c(ProGuard:863)
12-06 11:16:12.039 19021 19050 W System.err: 	at com.tencent.mobileqq.persistence.EntityManager.a(ProGuard:198)
12-06 11:16:12.039 19021 19050 W System.err: 	at com.tencent.mobileqq.persistence.OGEntityManager.a(ProGuard:27)
12-06 11:16:12.039 19021 19050 W System.err: 	at com.tencent.mobileqq.persistence.EntityManager.a(ProGuard:280)
12-06 11:16:12.039 19021 19050 W System.err: 	at com.tencent.mobileqq.persistence.EntityManager.a(ProGuard:330)
12-06 11:16:12.039 19021 19050 W System.err: 	at com.tencent.mobileqq.persistence.EntityManager.a(ProGuard:323)
12-06 11:16:12.039 19021 19050 W System.err: 	at com.tencent.mobileqq.persistence.EntityManager.a(ProGuard:339)
12-06 11:16:12.039 19021 19050 W System.err: 	at com.tencent.mobileqq.persistence.EntityManager.a(ProGuard:180)
12-06 11:16:12.039 19021 19050 W System.err: 	at com.tencent.mobileqq.data.QQEntityManagerFactory.verifyAuthentication(ProGuard:253)
12-06 11:16:12.039 19021 19050 W System.err: 	at com.qqreader.ReaderRuntime.getReaderEntityManagerFactory(ProGuard:281)
12-06 11:16:12.039 19021 19050 W System.err: 	at com.qqreader.ReaderRuntime$1.run(ProGuard:77)
12-06 11:16:12.039 19021 19050 W System.err: 	at com.tencent.mobileqq.app.Job.run(ProGuard:131)
12-06 11:16:12.039 19021 19050 W System.err: 	at java.util.concurrent.ThreadPoolExecutor.runWorker(ThreadPoolExecutor.java:1113)
12-06 11:16:12.039 19021 19050 W System.err: 	at java.util.concurrent.ThreadPoolExecutor$Worker.run(ThreadPoolExecutor.java:588)
12-06 11:16:12.039 19021 19050 W System.err: 	at java.lang.Thread.run(Thread.java:818)
12-06 11:16:12.042 19021 19058 D TicketManager: set alter tickets for *0348
12-06 11:16:12.043 19021 19050 D SQLiteOpenHelper: check dbWIsNull: null dbIsNull: 62215492
12-06 11:16:12.043 19021 19050 D SQLiteOpenHelper: new dbW = 194210930 helper = com.tencent.mobileqq.data.QQEntityManagerFactory$SQLiteOpenHelperImpl@2f15dbb this = com.tencent.mobileqq.app.SQLiteOpenHelper@1940631
12-06 11:16:12.044  1751  3706 I ActivityManager: com.tencent.mobileqq:TMAssistantDownloadSDKService adjSource is com.tencent.mobileqq
12-06 11:16:12.047  1751 27728 I ActivityManager: com.tencent.mobileqq:TMAssistantDownloadSDKService adjSource is com.tencent.mobileqq
12-06 11:16:12.047  1751 27369 I ActivityManager: com.tencent.mobileqq:TMAssistantDownloadSDKService adjSource is com.tencent.mobileqq
12-06 11:16:12.051  1751 27403 I ActivityManager: com.tencent.mobileqq:TMAssistantDownloadSDKService adjSource is com.tencent.mobileqq
12-06 11:16:12.084 19021 19021 I WebLog_SwiftWebAccelerator: smartSchedule restart and new mode is 2.
12-06 11:16:12.085 19021 19074 I WebLog_SwiftWebAccelerator: doThreadedStep_FireOthers.run cost 3ms.
12-06 11:16:12.086 19021 19050 W System.err: java.lang.ClassNotFoundException: com.qqreader.webview.builder.WebBrowserMainItemBuilder$10
12-06 11:16:12.086 19021 19050 W System.err: 	at java.lang.Class.classForName(Native Method)
12-06 11:16:12.086 19021 19050 W System.err: 	at java.lang.Class.forName(Class.java:324)
12-06 11:16:12.086 19021 19050 W System.err: 	at com.qqreader.ReaderRuntime$1.run(ProGuard:91)
12-06 11:16:12.086 19021 19075 I WebLog_SwiftWebAccelerator: doThreadedStep_LoadConfigs.run cost 4ms.
12-06 11:16:12.086 19021 19050 W System.err: 	at com.tencent.mobileqq.app.Job.run(ProGuard:131)
12-06 11:16:12.086 19021 19050 W System.err: 	at java.util.concurrent.ThreadPoolExecutor.runWorker(ThreadPoolExecutor.java:1113)
12-06 11:16:12.087 19021 19050 W System.err: 	at java.util.concurrent.ThreadPoolExecutor$Worker.run(ThreadPoolExecutor.java:588)
12-06 11:16:12.087 19021 19050 W System.err: 	at java.lang.Thread.run(Thread.java:818)
12-06 11:16:12.087 19021 19050 W System.err: Caused by: java.lang.ClassNotFoundException: Didn't find class "com.qqreader.webview.builder.WebBrowserMainItemBuilder$10" on path: DexPathList[[zip file "/data/user/0/com.tencent.mobileqq/app_installed_plugin/qqreaderplugin.apk"],nativeLibraryDirectories=[/data/data/com.tencent.mobileqq/app_lib/qqreaderplugin, /vendor/lib, /system/lib]]
12-06 11:16:12.087 19021 19050 W System.err: 	at dalvik.system.BaseDexClassLoader.findClass(BaseDexClassLoader.java:56)
12-06 11:16:12.087 19021 19050 W System.err: 	at java.lang.ClassLoader.loadClass(ClassLoader.java:511)
12-06 11:16:12.087 19021 19050 W System.err: 	at java.lang.ClassLoader.loadClass(ClassLoader.java:469)
12-06 11:16:12.087 19021 19050 W System.err: 	... 7 more
12-06 11:16:12.087 19021 19050 W System.err: 	Suppressed: java.lang.ClassNotFoundException: Didn't find class "com.qqreader.webview.builder.WebBrowserMainItemBuilder$10" on path: DexPathList[[zip file "/data/app/com.tencent.mobileqq-2/base.apk"],nativeLibraryDirectories=[/data/app/com.tencent.mobileqq-2/lib/arm, /data/app/com.tencent.mobileqq-2/base.apk!/lib/armeabi, /vendor/lib, /system/lib]]
12-06 11:16:12.087 19021 19050 W System.err: 		at dalvik.system.BaseDexClassLoader.findClass(BaseDexClassLoader.java:56)
12-06 11:16:12.087 19021 19050 W System.err: 		at java.lang.ClassLoader.loadClass(ClassLoader.java:511)
12-06 11:16:12.087 19021 19050 W System.err: 		at java.lang.ClassLoader.loadClass(ClassLoader.java:504)
12-06 11:16:12.087 19021 19050 W System.err: 		... 8 more
12-06 11:16:12.087 19021 19050 W System.err: 		Suppressed: java.lang.ClassNotFoundException: com.qqreader.webview.builder.WebBrowserMainItemBuilder$10
12-06 11:16:12.087 19021 19050 W System.err: 			at java.lang.Class.classForName(Native Method)
12-06 11:16:12.087 19021 19050 W System.err: 			at java.lang.BootClassLoader.findClass(ClassLoader.java:781)
12-06 11:16:12.087 19021 19050 W System.err: 			at java.lang.BootClassLoader.loadClass(ClassLoader.java:841)
12-06 11:16:12.087 19021 19050 W System.err: 			at java.lang.ClassLoader.loadClass(ClassLoader.java:504)
12-06 11:16:12.087 19021 19050 W System.err: 			... 9 more
12-06 11:16:12.087 19021 19050 W System.err: 		Caused by: java.lang.NoClassDefFoundError: Class not found using the boot class loader; no stack trace available
12-06 11:16:12.088 19021 19050 W System.err: java.lang.ClassNotFoundException: com.qqreader.webview.builder.WebBrowserMainItemBuilder$11
12-06 11:16:12.088 19021 19050 W System.err: 	at java.lang.Class.classForName(Native Method)
12-06 11:16:12.088 19021 19050 W System.err: 	at java.lang.Class.forName(Class.java:324)
12-06 11:16:12.088 19021 19050 W System.err: 	at com.qqreader.ReaderRuntime$1.run(ProGuard:91)
12-06 11:16:12.088 19021 19050 W System.err: 	at com.tencent.mobileqq.app.Job.run(ProGuard:131)
12-06 11:16:12.088 19021 19050 W System.err: 	at java.util.concurrent.ThreadPoolExecutor.runWorker(ThreadPoolExecutor.java:1113)
12-06 11:16:12.088 19021 19050 W System.err: 	at java.util.concurrent.ThreadPoolExecutor$Worker.run(ThreadPoolExecutor.java:588)
12-06 11:16:12.088 19021 19076 I WebLog_SwiftWebAccelerator: doThreadedStep_InitEngine.run cost 5ms.
12-06 11:16:12.088 19021 19050 W System.err: 	at java.lang.Thread.run(Thread.java:818)
12-06 11:16:12.088 19021 19050 W System.err: Caused by: java.lang.ClassNotFoundException: Didn't find class "com.qqreader.webview.builder.WebBrowserMainItemBuilder$11" on path: DexPathList[[zip file "/data/user/0/com.tencent.mobileqq/app_installed_plugin/qqreaderplugin.apk"],nativeLibraryDirectories=[/data/data/com.tencent.mobileqq/app_lib/qqreaderplugin, /vendor/lib, /system/lib]]
12-06 11:16:12.088 19021 19050 W System.err: 	at dalvik.system.BaseDexClassLoader.findClass(BaseDexClassLoader.java:56)
12-06 11:16:12.088 19021 19050 W System.err: 	at java.lang.ClassLoader.loadClass(ClassLoader.java:511)
12-06 11:16:12.088 19021 19050 W System.err: 	at java.lang.ClassLoader.loadClass(ClassLoader.java:469)
12-06 11:16:12.088 19021 19050 W System.err: 	... 7 more
12-06 11:16:12.088 19021 19050 W System.err: 	Suppressed: java.lang.ClassNotFoundException: Didn't find class "com.qqreader.webview.builder.WebBrowserMainItemBuilder$11" on path: DexPathList[[zip file "/data/app/com.tencent.mobileqq-2/base.apk"],nativeLibraryDirectories=[/data/app/com.tencent.mobileqq-2/lib/arm, /data/app/com.tencent.mobileqq-2/base.apk!/lib/armeabi, /vendor/lib, /system/lib]]
12-06 11:16:12.089 19021 19050 W System.err: 		at dalvik.system.BaseDexClassLoader.findClass(BaseDexClassLoader.java:56)
12-06 11:16:12.089 19021 19050 W System.err: 		at java.lang.ClassLoader.loadClass(ClassLoader.java:511)
12-06 11:16:12.089 19021 19050 W System.err: 		at java.lang.ClassLoader.loadClass(ClassLoader.java:504)
12-06 11:16:12.089 19021 19050 W System.err: 		... 8 more
12-06 11:16:12.089 19021 19050 W System.err: 		Suppressed: java.lang.ClassNotFoundException: com.qqreader.webview.builder.WebBrowserMainItemBuilder$11
12-06 11:16:12.089 19021 19050 W System.err: 			at java.lang.Class.classForName(Native Method)
12-06 11:16:12.089 19021 19050 W System.err: 			at java.lang.BootClassLoader.findClass(ClassLoader.java:781)
12-06 11:16:12.089 19021 19050 W System.err: 			at java.lang.BootClassLoader.loadClass(ClassLoader.java:841)
12-06 11:16:12.089 19021 19050 W System.err: 			at java.lang.ClassLoader.loadClass(ClassLoader.java:504)
12-06 11:16:12.089 19021 19050 W System.err: 			... 9 more
12-06 11:16:12.089 19021 19050 W System.err: 		Caused by: java.lang.NoClassDefFoundError: Class not found using the boot class loader; no stack trace available
12-06 11:16:12.089 19021 19050 W System.err: java.lang.ClassNotFoundException: com.qqreader.webview.builder.WebBrowserMainItemBuilder$12
12-06 11:16:12.090 19021 19050 W System.err: 	at java.lang.Class.classForName(Native Method)
12-06 11:16:12.090 19021 19050 W System.err: 	at java.lang.Class.forName(Class.java:324)
12-06 11:16:12.090 19021 19050 W System.err: 	at com.qqreader.ReaderRuntime$1.run(ProGuard:91)
12-06 11:16:12.090 19021 19050 W System.err: 	at com.tencent.mobileqq.app.Job.run(ProGuard:131)
12-06 11:16:12.090 19021 19050 W System.err: 	at java.util.concurrent.ThreadPoolExecutor.runWorker(ThreadPoolExecutor.java:1113)
12-06 11:16:12.090 19021 19050 W System.err: 	at java.util.concurrent.ThreadPoolExecutor$Worker.run(ThreadPoolExecutor.java:588)
12-06 11:16:12.090 19021 19050 W System.err: 	at java.lang.Thread.run(Thread.java:818)
12-06 11:16:12.090 19021 19050 W System.err: Caused by: java.lang.ClassNotFoundException: Didn't find class "com.qqreader.webview.builder.WebBrowserMainItemBuilder$12" on path: DexPathList[[zip file "/data/user/0/com.tencent.mobileqq/app_installed_plugin/qqreaderplugin.apk"],nativeLibraryDirectories=[/data/data/com.tencent.mobileqq/app_lib/qqreaderplugin, /vendor/lib, /system/lib]]
12-06 11:16:12.090 19021 19050 W System.err: 	at dalvik.system.BaseDexClassLoader.findClass(BaseDexClassLoader.java:56)
12-06 11:16:12.090 19021 19050 W System.err: 	at java.lang.ClassLoader.loadClass(ClassLoader.java:511)
12-06 11:16:12.090 19021 19050 W System.err: 	at java.lang.ClassLoader.loadClass(ClassLoader.java:469)
12-06 11:16:12.090 19021 19050 W System.err: 	... 7 more
12-06 11:16:12.090 19021 19050 W System.err: 	Suppressed: java.lang.ClassNotFoundException: Didn't find class "com.qqreader.webview.builder.WebBrowserMainItemBuilder$12" on path: DexPathList[[zip file "/data/app/com.tencent.mobileqq-2/base.apk"],nativeLibraryDirectories=[/data/app/com.tencent.mobileqq-2/lib/arm, /data/app/com.tencent.mobileqq-2/base.apk!/lib/armeabi, /vendor/lib, /system/lib]]
12-06 11:16:12.090 19021 19050 W System.err: 		at dalvik.system.BaseDexClassLoader.findClass(BaseDexClassLoader.java:56)
12-06 11:16:12.090 19021 19050 W System.err: 		at java.lang.ClassLoader.loadClass(ClassLoader.java:511)
12-06 11:16:12.090 19021 19050 W System.err: 		at java.lang.ClassLoader.loadClass(ClassLoader.java:504)
12-06 11:16:12.090 19021 19050 W System.err: 		... 8 more
12-06 11:16:12.090 19021 19050 W System.err: 		Suppressed: java.lang.ClassNotFoundException: com.qqreader.webview.builder.WebBrowserMainItemBuilder$12
12-06 11:16:12.090 19021 19050 W System.err: 			at java.lang.Class.classForName(Native Method)
12-06 11:16:12.090 19021 19050 W System.err: 			at java.lang.BootClassLoader.findClass(ClassLoader.java:781)
12-06 11:16:12.090 19021 19050 W System.err: 			at java.lang.BootClassLoader.loadClass(ClassLoader.java:841)
12-06 11:16:12.091 19021 19050 W System.err: 			at java.lang.ClassLoader.loadClass(ClassLoader.java:504)
12-06 11:16:12.091 19021 19050 W System.err: 			... 9 more
12-06 11:16:12.091 19021 19050 W System.err: 		Caused by: java.lang.NoClassDefFoundError: Class not found using the boot class loader; no stack trace available
12-06 11:16:12.091 19021 19050 W System.err: java.lang.ClassNotFoundException: com.qqreader.webview.builder.WebBrowserMainItemBuilder$13
12-06 11:16:12.091 19021 19050 W System.err: 	at java.lang.Class.classForName(Native Method)
12-06 11:16:12.091 19021 19050 W System.err: 	at java.lang.Class.forName(Class.java:324)
12-06 11:16:12.091 19021 19050 W System.err: 	at com.qqreader.ReaderRuntime$1.run(ProGuard:91)
12-06 11:16:12.091 19021 19050 W System.err: 	at com.tencent.mobileqq.app.Job.run(ProGuard:131)
12-06 11:16:12.091 19021 19050 W System.err: 	at java.util.concurrent.ThreadPoolExecutor.runWorker(ThreadPoolExecutor.java:1113)
12-06 11:16:12.091 19021 19050 W System.err: 	at java.util.concurrent.ThreadPoolExecutor$Worker.run(ThreadPoolExecutor.java:588)
12-06 11:16:12.091 19021 19050 W System.err: 	at java.lang.Thread.run(Thread.java:818)
12-06 11:16:12.091 19021 19050 W System.err: Caused by: java.lang.ClassNotFoundException: Didn't find class "com.qqreader.webview.builder.WebBrowserMainItemBuilder$13" on path: DexPathList[[zip file "/data/user/0/com.tencent.mobileqq/app_installed_plugin/qqreaderplugin.apk"],nativeLibraryDirectories=[/data/data/com.tencent.mobileqq/app_lib/qqreaderplugin, /vendor/lib, /system/lib]]
12-06 11:16:12.091 19021 19050 W System.err: 	at dalvik.system.BaseDexClassLoader.findClass(BaseDexClassLoader.java:56)
12-06 11:16:12.091 19021 19050 W System.err: 	at java.lang.ClassLoader.loadClass(ClassLoader.java:511)
12-06 11:16:12.092 19021 19050 W System.err: 	at java.lang.ClassLoader.loadClass(ClassLoader.java:469)
12-06 11:16:12.092 19021 19050 W System.err: 	... 7 more
12-06 11:16:12.092 19021 19050 W System.err: 	Suppressed: java.lang.ClassNotFoundException: Didn't find class "com.qqreader.webview.builder.WebBrowserMainItemBuilder$13" on path: DexPathList[[zip file "/data/app/com.tencent.mobileqq-2/base.apk"],nativeLibraryDirectories=[/data/app/com.tencent.mobileqq-2/lib/arm, /data/app/com.tencent.mobileqq-2/base.apk!/lib/armeabi, /vendor/lib, /system/lib]]
12-06 11:16:12.092 19021 19050 W System.err: 		at dalvik.system.BaseDexClassLoader.findClass(BaseDexClassLoader.java:56)
12-06 11:16:12.092 19021 19050 W System.err: 		at java.lang.ClassLoader.loadClass(ClassLoader.java:511)
12-06 11:16:12.092 19021 19050 W System.err: 		at java.lang.ClassLoader.loadClass(ClassLoader.java:504)
12-06 11:16:12.092 19021 19050 W System.err: 		... 8 more
12-06 11:16:12.092 19021 19050 W System.err: 		Suppressed: java.lang.ClassNotFoundException: com.qqreader.webview.builder.WebBrowserMainItemBuilder$13
12-06 11:16:12.092 19021 19050 W System.err: 			at java.lang.Class.classForName(Native Method)
12-06 11:16:12.092 19021 19050 W System.err: 			at java.lang.BootClassLoader.findClass(ClassLoader.java:781)
12-06 11:16:12.092 19021 19050 W System.err: 			at java.lang.BootClassLoader.loadClass(ClassLoader.java:841)
12-06 11:16:12.092 19021 19050 W System.err: 			at java.lang.ClassLoader.loadClass(ClassLoader.java:504)
12-06 11:16:12.092 19021 19050 W System.err: 			... 9 more
12-06 11:16:12.092 19021 19050 W System.err: 		Caused by: java.lang.NoClassDefFoundError: Class not found using the boot class loader; no stack trace available
12-06 11:16:12.093 19021 19050 W System.err: java.lang.ClassNotFoundException: com.qqreader.webview.builder.WebBrowserMainItemBuilder$14
12-06 11:16:12.093 19021 19050 W System.err: 	at java.lang.Class.classForName(Native Method)
12-06 11:16:12.093 19021 19050 W System.err: 	at java.lang.Class.forName(Class.java:324)
12-06 11:16:12.093 19021 19050 W System.err: 	at com.qqreader.ReaderRuntime$1.run(ProGuard:91)
12-06 11:16:12.093 19021 19050 W System.err: 	at com.tencent.mobileqq.app.Job.run(ProGuard:131)
12-06 11:16:12.093 19021 19050 W System.err: 	at java.util.concurrent.ThreadPoolExecutor.runWorker(ThreadPoolExecutor.java:1113)
12-06 11:16:12.093 19021 19050 W System.err: 	at java.util.concurrent.ThreadPoolExecutor$Worker.run(ThreadPoolExecutor.java:588)
12-06 11:16:12.093 19021 19050 W System.err: 	at java.lang.Thread.run(Thread.java:818)
12-06 11:16:12.093 19021 19050 W System.err: Caused by: java.lang.ClassNotFoundException: Didn't find class "com.qqreader.webview.builder.WebBrowserMainItemBuilder$14" on path: DexPathList[[zip file "/data/user/0/com.tencent.mobileqq/app_installed_plugin/qqreaderplugin.apk"],nativeLibraryDirectories=[/data/data/com.tencent.mobileqq/app_lib/qqreaderplugin, /vendor/lib, /system/lib]]
12-06 11:16:12.093 19021 19050 W System.err: 	at dalvik.system.BaseDexClassLoader.findClass(BaseDexClassLoader.java:56)
12-06 11:16:12.093 19021 19050 W System.err: 	at java.lang.ClassLoader.loadClass(ClassLoader.java:511)
12-06 11:16:12.093 19021 19050 W System.err: 	at java.lang.ClassLoader.loadClass(ClassLoader.java:469)
12-06 11:16:12.093 19021 19050 W System.err: 	... 7 more
12-06 11:16:12.093 19021 19050 W System.err: 	Suppressed: java.lang.ClassNotFoundException: Didn't find class "com.qqreader.webview.builder.WebBrowserMainItemBuilder$14" on path: DexPathList[[zip file "/data/app/com.tencent.mobileqq-2/base.apk"],nativeLibraryDirectories=[/data/app/com.tencent.mobileqq-2/lib/arm, /data/app/com.tencent.mobileqq-2/base.apk!/lib/armeabi, /vendor/lib, /system/lib]]
12-06 11:16:12.093 19021 19050 W System.err: 		at dalvik.system.BaseDexClassLoader.findClass(BaseDexClassLoader.java:56)
12-06 11:16:12.093 19021 19050 W System.err: 		at java.lang.ClassLoader.loadClass(ClassLoader.java:511)
12-06 11:16:12.093 19021 19050 W System.err: 		at java.lang.ClassLoader.loadClass(ClassLoader.java:504)
12-06 11:16:12.093 19021 19050 W System.err: 		... 8 more
12-06 11:16:12.093 19021 19050 W System.err: 		Suppressed: java.lang.ClassNotFoundException: com.qqreader.webview.builder.WebBrowserMainItemBuilder$14
12-06 11:16:12.094 19021 19050 W System.err: 			at java.lang.Class.classForName(Native Method)
12-06 11:16:12.094 19021 19050 W System.err: 			at java.lang.BootClassLoader.findClass(ClassLoader.java:781)
12-06 11:16:12.094 19021 19050 W System.err: 			at java.lang.BootClassLoader.loadClass(ClassLoader.java:841)
12-06 11:16:12.094 19021 19050 W System.err: 			at java.lang.ClassLoader.loadClass(ClassLoader.java:504)
12-06 11:16:12.094 19021 19050 W System.err: 			... 9 more
12-06 11:16:12.094 19021 19050 W System.err: 		Caused by: java.lang.NoClassDefFoundError: Class not found using the boot class loader; no stack trace available
12-06 11:16:12.094 19021 19050 W System.err: java.lang.ClassNotFoundException: com.qqreader.webview.builder.WebBrowserMainItemBuilder$15
12-06 11:16:12.094 19021 19050 W System.err: 	at java.lang.Class.classForName(Native Method)
12-06 11:16:12.094 19021 19050 W System.err: 	at java.lang.Class.forName(Class.java:324)
12-06 11:16:12.094 19021 19050 W System.err: 	at com.qqreader.ReaderRuntime$1.run(ProGuard:91)
12-06 11:16:12.094 19021 19050 W System.err: 	at com.tencent.mobileqq.app.Job.run(ProGuard:131)
12-06 11:16:12.095 19021 19050 W System.err: 	at java.util.concurrent.ThreadPoolExecutor.runWorker(ThreadPoolExecutor.java:1113)
12-06 11:16:12.096 19021 19050 W System.err: 	at java.util.concurrent.ThreadPoolExecutor$Worker.run(ThreadPoolExecutor.java:588)
12-06 11:16:12.096 19021 19050 W System.err: 	at java.lang.Thread.run(Thread.java:818)
12-06 11:16:12.096 19021 19050 W System.err: Caused by: java.lang.ClassNotFoundException: Didn't find class "com.qqreader.webview.builder.WebBrowserMainItemBuilder$15" on path: DexPathList[[zip file "/data/user/0/com.tencent.mobileqq/app_installed_plugin/qqreaderplugin.apk"],nativeLibraryDirectories=[/data/data/com.tencent.mobileqq/app_lib/qqreaderplugin, /vendor/lib, /system/lib]]
12-06 11:16:12.096 19021 19050 W System.err: 	at dalvik.system.BaseDexClassLoader.findClass(BaseDexClassLoader.java:56)
12-06 11:16:12.096 19021 19050 W System.err: 	at java.lang.ClassLoader.loadClass(ClassLoader.java:511)
12-06 11:16:12.096 19021 19050 W System.err: 	at java.lang.ClassLoader.loadClass(ClassLoader.java:469)
12-06 11:16:12.096 19021 19050 W System.err: 	... 7 more
12-06 11:16:12.096 19021 19050 W System.err: 	Suppressed: java.lang.ClassNotFoundException: Didn't find class "com.qqreader.webview.builder.WebBrowserMainItemBuilder$15" on path: DexPathList[[zip file "/data/app/com.tencent.mobileqq-2/base.apk"],nativeLibraryDirectories=[/data/app/com.tencent.mobileqq-2/lib/arm, /data/app/com.tencent.mobileqq-2/base.apk!/lib/armeabi, /vendor/lib, /system/lib]]
12-06 11:16:12.096 19021 19050 W System.err: 		at dalvik.system.BaseDexClassLoader.findClass(BaseDexClassLoader.java:56)
12-06 11:16:12.096 19021 19050 W System.err: 		at java.lang.ClassLoader.loadClass(ClassLoader.java:511)
12-06 11:16:12.096 19021 19050 W System.err: 		at java.lang.ClassLoader.loadClass(ClassLoader.java:504)
12-06 11:16:12.096 19021 19050 W System.err: 		... 8 more
12-06 11:16:12.096 19021 19050 W System.err: 		Suppressed: java.lang.ClassNotFoundException: com.qqreader.webview.builder.WebBrowserMainItemBuilder$15
12-06 11:16:12.096 19021 19050 W System.err: 			at java.lang.Class.classForName(Native Method)
12-06 11:16:12.097 19021 19050 W System.err: 			at java.lang.BootClassLoader.findClass(ClassLoader.java:781)
12-06 11:16:12.097 19021 19050 W System.err: 			at java.lang.BootClassLoader.loadClass(ClassLoader.java:841)
12-06 11:16:12.097 19021 19050 W System.err: 			at java.lang.ClassLoader.loadClass(ClassLoader.java:504)
12-06 11:16:12.097 19021 19050 W System.err: 			... 9 more
12-06 11:16:12.097 19021 19050 W System.err: 		Caused by: java.lang.NoClassDefFoundError: Class not found using the boot class loader; no stack trace available
12-06 11:16:12.097 19021 19050 W System.err: java.lang.ClassNotFoundException: com.qqreader.webview.builder.WebBrowserMainItemBuilder$16
12-06 11:16:12.097 19021 19050 W System.err: 	at java.lang.Class.classForName(Native Method)
12-06 11:16:12.097 19021 19050 W System.err: 	at java.lang.Class.forName(Class.java:324)
12-06 11:16:12.097 19021 19050 W System.err: 	at com.qqreader.ReaderRuntime$1.run(ProGuard:91)
12-06 11:16:12.097 19021 19050 W System.err: 	at com.tencent.mobileqq.app.Job.run(ProGuard:131)
12-06 11:16:12.097 19021 19050 W System.err: 	at java.util.concurrent.ThreadPoolExecutor.runWorker(ThreadPoolExecutor.java:1113)
12-06 11:16:12.097 19021 19050 W System.err: 	at java.util.concurrent.ThreadPoolExecutor$Worker.run(ThreadPoolExecutor.java:588)
12-06 11:16:12.097 19021 19050 W System.err: 	at java.lang.Thread.run(Thread.java:818)
12-06 11:16:12.097 19021 19050 W System.err: Caused by: java.lang.ClassNotFoundException: Didn't find class "com.qqreader.webview.builder.WebBrowserMainItemBuilder$16" on path: DexPathList[[zip file "/data/user/0/com.tencent.mobileqq/app_installed_plugin/qqreaderplugin.apk"],nativeLibraryDirectories=[/data/data/com.tencent.mobileqq/app_lib/qqreaderplugin, /vendor/lib, /system/lib]]
12-06 11:16:12.098 19021 19050 W System.err: 	at dalvik.system.BaseDexClassLoader.findClass(BaseDexClassLoader.java:56)
12-06 11:16:12.098 19021 19050 W System.err: 	at java.lang.ClassLoader.loadClass(ClassLoader.java:511)
12-06 11:16:12.098 19021 19050 W System.err: 	at java.lang.ClassLoader.loadClass(ClassLoader.java:469)
