12-06 11:15:09.448   334   460 I ThermalEngine: Mitigation:CPU[3]:1497600 Khz
12-06 11:15:09.808  3312  3312 D wpa_supplicant: wlan0: Control interface command 'SIGNAL_POLL'
12-06 11:15:09.812  3312  3312 D wpa_supplicant: CTRL-DEBUG: global_ctrl_sock-sendto: sock=11 sndbuf=163840 outq=0 send_len=48
12-06 11:15:09.863   334   449 I ThermalEngine: Sensor:batt_temp:333 mC
12-06 11:15:09.870 18508 18508 I dex2oat : dex2oat took 2.114s (threads: 3) arena alloc=4MB java alloc=1143KB native alloc=12MB free=3MB
12-06 11:15:10.048 15278 18550 W Settings: Setting android_id has moved from android.provider.Settings.System to android.provider.Settings.Secure, returning read-only value.
12-06 11:15:10.065 15278 16839 D @httpproxy_test: setUtilsObject
12-06 11:15:10.091 15278 18550 W System  : ClassLoader referenced unknown path: /system/framework/tcmclient.jar
12-06 11:15:10.092 15278 16839 D CKeyFacade: [proxy_default_name:73] ckey load so
12-06 11:15:10.096 15278 18555 I JNIMsg  : ccmy:s st.
12-06 11:15:10.096 15278 18555 I JNIMsg  : ccmy:i. f1fd8b2a7d1bdae
12-06 11:15:10.096 15278 18555 I JNIMsg  : ccmy: conf rlog.video.qq.com 8080 bkrlog.video.qq.com 8080
12-06 11:15:10.099 15278 18555 I JNIMsg  : ccmy:ce ge.
12-06 11:15:10.115 15278 18555 I JNIMsg  : ccmy:r s.
12-06 11:15:10.115 15278 18555 I JNIMsg  : ccmy:reg f1fd8b2a7d1bdae|940303|V4.3.248.0001|0
12-06 11:15:10.127 18075 18410 W WatchSdk_com.mi.liveassistant: [18075] 10066. (AppNetworkUtils.java:85)     NetWorkHorse resultList[36.248.4.12=45.64, 112.90.135.233=61.04]
12-06 11:15:10.137 18075 18410 W WatchSdk_com.mi.liveassistant: [18075] 10066. (AppNetworkUtils.java:93)     NetWorkHorseList[36.248.4.12, 112.90.135.233]
12-06 11:15:10.138 18075 18410 W WatchSdk_com.mi.liveassistant: [18075] 10066. (PreDnsManager.java:304)     PreDnsManager: getHttpDnsIpSet domain=playback.ks.zb.mi.com
12-06 11:15:10.139 18075 18410 W WatchSdk_com.mi.liveassistant: [18075] 10066. (DnsPodUtils.java:37)     com.base.l.g.a start dnspod
12-06 11:15:10.143 18075 18075 W WatchSdk_com.mi.liveassistant: [18075] 1. (PreDnsManager.java:271)     PreDnsManager: fetchIpSetForDomainList done host=v2.pandora.zb.mi.com, localIpSet=[211.97.76.72], httpIpSet=[36.248.4.12, 112.90.135.233]
12-06 11:15:10.147 18075 18410 I Dozen   :  url : http://119.29.29.29/d, str params : id=131&ttl=1&dn=f427e1c4b5f1e43b0fa91761380e081ad73cda50dc3a65d5
12-06 11:15:10.152 15278 16839 D MSF.D.AppNetInfoNewImpl: registerNetInfoHandler 825a89b
12-06 11:15:10.210  1751  3706 D ConnectivityService: listenForNetwork for Listen from uid/pid:10191/15278 for NetworkRequest [ id=96, legacyType=-1, [ Capabilities: NOT_RESTRICTED&TRUSTED&NOT_VPN] ]
12-06 11:15:10.217 15278 18573 I PLAYER_ODK: System config:
12-06 11:15:10.218 15278 18547 D CKeyFacade: [proxy_default_name:201] ckeyconf: get conf err{"errorcode":"-9996","errormsg":"no record","guid":"f1fd8b2a7d1bdae"}
12-06 11:15:10.221 15278 18573 I PLAYER_ODK: odk player init completed, appkey is ACJR7JT12C16 channel is -1 , sdk version is 4.2.3
12-06 11:15:10.223 15278 18578 E PLAYER_ODK: getPreferenceDirFile
12-06 11:15:10.223 15278 18578 E PLAYER_ODK: java.lang.NoSuchFieldException: No field mFile in class Lcom/tencent/mqq/shared_file_accessor/n; (declaration of 'com.tencent.mqq.shared_file_accessor.n' appears in /data/app/com.tencent.mobileqq-2/base.apk)
12-06 11:15:10.223 15278 18578 E PLAYER_ODK: 	at java.lang.Class.getDeclaredField(Native Method)
12-06 11:15:10.223 15278 18578 E PLAYER_ODK: 	at com.tencent.odk.player.client.c.o.a(ProGuard:97)
12-06 11:15:10.223 15278 18578 E PLAYER_ODK: 	at com.tencent.odk.player.client.c.o.run(ProGuard:73)
12-06 11:15:10.223 15278 18578 E PLAYER_ODK: 	at java.util.concurrent.ThreadPoolExecutor.runWorker(ThreadPoolExecutor.java:1113)
12-06 11:15:10.223 15278 18578 E PLAYER_ODK: 	at java.util.concurrent.ThreadPoolExecutor$Worker.run(ThreadPoolExecutor.java:588)
12-06 11:15:10.223 15278 18578 E PLAYER_ODK: 	at java.lang.Thread.run(Thread.java:818)
12-06 11:15:10.371 15278 18585 I System.out: 1186
12-06 11:15:10.414 18075 18410 I com.base.l.g.c: http POST Response Code: 200
12-06 11:15:10.415 18075 18410 W WatchSdk_com.mi.liveassistant: [18075] 10066. (DnsPodUtils.java:39)     com.base.l.g.a http://119.29.29.29/d?dn=f427e1c4b5f1e43b0fa91761380e081ad73cda50dc3a65d5&id=131&ttl=1 result=7da51acb1ba33bf555888e838620ca191038e64bcb25714f7da51acb1ba33bf5639a60f2162a899d2c05f66b069f046b7da51acb1ba33bf53d9f5d09996724c2
12-06 11:15:10.416 18075 18410 W WatchSdk_com.mi.liveassistant: [18075] 10066. (DnsPodUtils.java:43)     com.base.l.g.a decryptedString=112.90.92.1;112.90.92.2;112.90.92.3;112.90.92.5;112.90.92.4,52
12-06 11:15:10.417 18075 18410 W WatchSdk_com.mi.liveassistant: [18075] 10066. (PreDnsManager.java:328)     PreDnsManager: getHttpDnsIpSet domain=playback.ks.zb.mi.com, ipList=[112.90.92.1, 112.90.92.2, 112.90.92.3, 112.90.92.5, 112.90.92.4]
12-06 11:15:10.417 18075 18410 W WatchSdk_com.mi.liveassistant: [18075] 10066. (PreDnsManager.java:282)     PreDnsManager: getLocalDnsIpSet domain=playback.ks.zb.mi.com
12-06 11:15:10.473   334   432 I ThermalEngine: Sensor:tsens_tz_sensor5:55000 mC
12-06 11:15:10.475   334   460 I ThermalEngine: Sensor:tsens_tz_sensor5:55000 mC
12-06 11:15:10.475   334   460 I ThermalEngine: TM Id 'CPU0_MONITOR' Sensor 'cpu0' - alarm cleared 2 at 55.0 degC
12-06 11:15:10.476   334   460 I ThermalEngine: ACTION: CPU - Setting CPU[0] to 1728000
12-06 11:15:10.477   334   460 I ThermalEngine: Mitigation:CPU[0]:1728000 Khz
12-06 11:15:10.477   334   460 I ThermalEngine: ACTION: CPU - Setting CPU[1] to 1728000
12-06 11:15:10.477   334   460 E ThermalEngine: Failed to set desired CPU[1] frequency limit to 1728000
12-06 11:15:10.478   334   460 I ThermalEngine: ACTION: CPU - Setting CPU[2] to 1728000
12-06 11:15:10.478   334   460 E ThermalEngine: Failed to set desired CPU[2] frequency limit to 1728000
12-06 11:15:10.478   334   460 I ThermalEngine: ACTION: CPU - Setting CPU[3] to 1728000
12-06 11:15:10.479   334   460 I ThermalEngine: Mitigation:CPU[3]:1728000 Khz
12-06 11:15:10.576 18075 18410 W WatchSdk_com.mi.liveassistant: [18075] 10066. (PreDnsManager.java:297)     PreDnsManager: getLocalDnsIpSet domain=playback.ks.zb.mi.com, ipList=[112.90.92.5, 112.90.92.3, 112.90.92.2, 112.90.92.1, 112.90.92.4]
12-06 11:15:10.623   286  1983 E Parcel  : Reading a NULL string not supported here.
12-06 11:15:10.647   286  1983 E Parcel  : Reading a NULL string not supported here.
12-06 11:15:10.658 29017 25323 E Auth    : [GoogleAccountDataServiceImpl] getToken() -> NETWORK_ERROR. Account: <ELLIDED:592681110>, App: com.google.android.gms, Service: oauth2:https://www.googleapis.com/auth/contextcontroller
12-06 11:15:10.658 29017 25323 E Auth    : edw: Error when calling server.
12-06 11:15:10.658 29017 25323 E Auth    : 	at edx.b(:com.google.android.gms:93)
12-06 11:15:10.658 29017 25323 E Auth    : 	at edx.a(:com.google.android.gms:17)
12-06 11:15:10.658 29017 25323 E Auth    : 	at eck.a(:com.google.android.gms:51)
12-06 11:15:10.658 29017 25323 E Auth    : 	at fig.a(:com.google.android.gms:7)
12-06 11:15:10.658 29017 25323 E Auth    : 	at fig.a(:com.google.android.gms:3)
12-06 11:15:10.658 29017 25323 E Auth    : 	at fhh.a(:com.google.android.gms:1)
12-06 11:15:10.658 29017 25323 E Auth    : 	at fhf.a(:com.google.android.gms:17)
12-06 11:15:10.658 29017 25323 E Auth    : 	at fhf.a(:com.google.android.gms:5)
12-06 11:15:10.658 29017 25323 E Auth    : 	at bvd.a(:com.google.android.gms:192)
12-06 11:15:10.658 29017 25323 E Auth    : 	at bvd.a(:com.google.android.gms:67)
12-06 11:15:10.658 29017 25323 E Auth    : 	at dzh.a(:com.google.android.gms:5)
12-06 11:15:10.658 29017 25323 E Auth    : 	at dzg.a(:com.google.android.gms:1)
12-06 11:15:10.658 29017 25323 E Auth    : 	at dzg.e(:com.google.android.gms:5)
12-06 11:15:10.658 29017 25323 E Auth    : 	at dzg.d(:com.google.android.gms:0)
12-06 11:15:10.658 29017 25323 E Auth    : 	at dze.b(:com.google.android.gms:0)
12-06 11:15:10.658 29017 25323 E Auth    : 	at lbv.a(:com.google.android.gms:0)
12-06 11:15:10.658 29017 25323 E Auth    : 	at lam.a(:com.google.android.gms:2)
12-06 11:15:10.658 29017 25323 E Auth    : 	at clb.a(:com.google.android.gms:58)
12-06 11:15:10.658 29017 25323 E Auth    : 	at cgf.run(:com.google.android.gms:1)
12-06 11:15:10.658 29017 25323 E Auth    : 	at cgd.handleMessage(:com.google.android.gms:2)
12-06 11:15:10.658 29017 25323 E Auth    : 	at lgr.run(:com.google.android.gms:5)
12-06 11:15:10.658 29017 25323 E Auth    : 	at lhb.run(:com.google.android.gms:24)
12-06 11:15:10.658 29017 25323 E Auth    : 	at java.util.concurrent.ThreadPoolExecutor.runWorker(ThreadPoolExecutor.java:1113)
12-06 11:15:10.658 29017 25323 E Auth    : 	at java.util.concurrent.ThreadPoolExecutor$Worker.run(ThreadPoolExecutor.java:588)
12-06 11:15:10.658 29017 25323 E Auth    : 	at lmc.run(:com.google.android.gms:0)
12-06 11:15:10.658 29017 25323 E Auth    : 	at java.lang.Thread.run(Thread.java:818)
12-06 11:15:10.658 29017 25323 E Auth    : Caused by: java.net.SocketTimeoutException: failed to connect to android.clients.google.com/64.233.189.100 (port 443) after 30000ms
12-06 11:15:10.658 29017 25323 E Auth    : 	at libcore.io.IoBridge.connectErrno(IoBridge.java:169)
12-06 11:15:10.658 29017 25323 E Auth    : 	at libcore.io.IoBridge.connect(IoBridge.java:122)
12-06 11:15:10.658 29017 25323 E Auth    : 	at java.net.PlainSocketImpl.connect(PlainSocketImpl.java:183)
12-06 11:15:10.658 29017 25323 E Auth    : 	at java.net.PlainSocketImpl.connect(PlainSocketImpl.java:452)
12-06 11:15:10.658 29017 25323 E Auth    : 	at java.net.Socket.connect(Socket.java:884)
12-06 11:15:10.658 29017 25323 E Auth    : 	at com.android.okhttp.internal.Platform.connectSocket(Platform.java:117)
12-06 11:15:10.658 29017 25323 E Auth    : 	at com.android.okhttp.internal.http.SocketConnector.connectRawSocket(SocketConnector.java:160)
12-06 11:15:10.658 29017 25323 E Auth    : 	at com.android.okhttp.internal.http.SocketConnector.connectTls(SocketConnector.java:79)
12-06 11:15:10.658 29017 25323 E Auth    : 	at com.android.okhttp.Connection.connect(Connection.java:143)
12-06 11:15:10.658 29017 25323 E Auth    : 	at com.android.okhttp.Connection.connectAndSetOwner(Connection.java:185)
12-06 11:15:10.658 29017 25323 E Auth    : 	at com.android.okhttp.OkHttpClient$1.connectAndSetOwner(OkHttpClient.java:128)
12-06 11:15:10.658 29017 25323 E Auth    : 	at com.android.okhttp.internal.http.HttpEngine.nextConnection(HttpEngine.java:342)
12-06 11:15:10.658 29017 25323 E Auth    : 	at com.android.okhttp.internal.http.HttpEngine.connect(HttpEngine.java:331)
12-06 11:15:10.658 29017 25323 E Auth    : 	at com.android.okhttp.internal.http.HttpEngine.sendRequest(HttpEngine.java:249)
12-06 11:15:10.658 29017 25323 E Auth    : 	at com.android.okhttp.internal.huc.HttpURLConnectionImpl.execute(HttpURLConnectionImpl.java:437)
12-06 11:15:10.658 29017 25323 E Auth    : 	at com.android.okhttp.internal.huc.HttpURLConnectionImpl.connect(HttpURLConnectionImpl.java:114)
12-06 11:15:10.658 29017 25323 E Auth    : 	at com.android.okhttp.internal.huc.HttpURLConnectionImpl.getOutputStream(HttpURLConnectionImpl.java:245)
12-06 11:15:10.658 29017 25323 E Auth    : 	at com.android.okhttp.internal.huc.DelegatingHttpsURLConnection.getOutputStream(DelegatingHttpsURLConnection.java:218)
12-06 11:15:10.658 29017 25323 E Auth    : 	at com.android.okhttp.internal.huc.HttpsURLConnectionImpl.getOutputStream(HttpsURLConnectionImpl.java:25)
12-06 11:15:10.658 29017 25323 E Auth    : 	at rxb.a(:com.google.android.gms:50)
12-06 11:15:10.658 29017 25323 E Auth    : 	at rxb.a(:com.google.android.gms:77)
12-06 11:15:10.658 29017 25323 E Auth    : 	at fms.a(:com.google.android.gms:7)
12-06 11:15:10.658 29017 25323 E Auth    : 	at fms.a(:com.google.android.gms:2)
12-06 11:15:10.658 29017 25323 E Auth    : 	at edx.b(:com.google.android.gms:90)
12-06 11:15:10.658 29017 25323 E Auth    : 	... 25 more
12-06 11:15:10.658 29017 25323 W Auth    : [GetToken] GetToken failed with status code: NetworkError
12-06 11:15:10.659 29017 25323 W AuthSessionAuthenticato: Auth related exception is being ignored: NetworkError
12-06 11:15:10.663   286  1983 E Parcel  : Reading a NULL string not supported here.
12-06 11:15:10.664 15278 18555 I JNIMsg  : ccmy:reg t.err:-5
12-06 11:15:10.667 15278 18585 I System.out: 1186
12-06 11:15:10.669 15278 18585 I System.out: 1271
12-06 11:15:10.678  1751  3113 I ActivityManager: com.tencent.mobileqq:TMAssistantDownloadSDKService adjSource is com.tencent.mobileqq
12-06 11:15:10.689   286  1983 E Parcel  : Reading a NULL string not supported here.
12-06 11:15:10.700   286  1983 E Parcel  : Reading a NULL string not supported here.
12-06 11:15:10.724 29017 25323 E ctxmgr  : [BaseServerTask]Server task (WriteInterestRecordTask) got error statusCode=-1.
12-06 11:15:10.724 29017 25323 E ctxmgr  : com.android.volley.VolleyError: Unable to obtain auth token - is the device online?
12-06 11:15:10.724 29017 25323 E ctxmgr  : 	at clb.a(:com.google.android.gms:66)
12-06 11:15:10.724 29017 25323 E ctxmgr  : 	at cgf.run(:com.google.android.gms:1)
12-06 11:15:10.724 29017 25323 E ctxmgr  : 	at cgd.handleMessage(:com.google.android.gms:2)
12-06 11:15:10.724 29017 25323 E ctxmgr  : 	at lgr.run(:com.google.android.gms:5)
12-06 11:15:10.724 29017 25323 E ctxmgr  : 	at lhb.run(:com.google.android.gms:24)
12-06 11:15:10.724 29017 25323 E ctxmgr  : 	at java.util.concurrent.ThreadPoolExecutor.runWorker(ThreadPoolExecutor.java:1113)
12-06 11:15:10.724 29017 25323 E ctxmgr  : 	at java.util.concurrent.ThreadPoolExecutor$Worker.run(ThreadPoolExecutor.java:588)
12-06 11:15:10.724 29017 25323 E ctxmgr  : 	at lmc.run(:com.google.android.gms:0)
12-06 11:15:10.724 29017 25323 E ctxmgr  : 	at java.lang.Thread.run(Thread.java:818)
12-06 11:15:10.739 29017 25323 W ctxmgr  : [WorkManager]Long workInfo: pkg=com.google.android.gms, lbl=SyncServerInterestRecordsOperation#writeInterestRecords, start=2017-12-06 11:12:04.816+0800, stop=2017-12-06 11:15:10.737+0800, durtn=185921ms
12-06 11:15:10.740  1751  1773 I ActivityManager: com.tencent.mobileqq:TMAssistantDownloadSDKService adjSource is com.tencent.mobileqq
12-06 11:15:10.794   334   432 I ThermalEngine: Sensor:tsens_tz_sensor5:62000 mC
12-06 11:15:10.794   334   460 I ThermalEngine: Sensor:tsens_tz_sensor5:62000 mC
12-06 11:15:10.794   334   460 I ThermalEngine: TM Id 'CPU0_MONITOR' Sensor 'cpu0' - alarm raised 2 at 62.0 degC
12-06 11:15:10.794   334   460 I ThermalEngine: ACTION: CPU - Setting CPU[0] to 1497600
12-06 11:15:10.795   334   460 I ThermalEngine: Mitigation:CPU[0]:1497600 Khz
12-06 11:15:10.795   334   460 I ThermalEngine: ACTION: CPU - Setting CPU[1] to 1497600
12-06 11:15:10.795   334   460 E ThermalEngine: Failed to set desired CPU[1] frequency limit to 1497600
12-06 11:15:10.795   334   460 I ThermalEngine: ACTION: CPU - Setting CPU[2] to 1497600
12-06 11:15:10.795   334   460 E ThermalEngine: Failed to set desired CPU[2] frequency limit to 1497600
12-06 11:15:10.795   334   460 I ThermalEngine: ACTION: CPU - Setting CPU[3] to 1497600
12-06 11:15:10.795   334   460 I ThermalEngine: Mitigation:CPU[3]:1497600 Khz
12-06 11:15:10.796 15278 18585 I System.out: 1271
12-06 11:15:10.816  1751 27403 I ActivityManager: com.tencent.mobileqq:TMAssistantDownloadSDKService adjSource is com.tencent.mobileqq
12-06 11:15:10.864   334   449 I ThermalEngine: Sensor:batt_temp:335 mC
12-06 11:15:11.014 15278 18575 I PLAYER_ODK: db check ok
12-06 11:15:11.019 15278 18578 I PLAYER_ODK: db check ok
12-06 11:15:11.031 15278 18575 I PLAYER_ODK: init local store has 0 records, dbRebuild : false
12-06 11:15:11.042 15278 18581 W art     : Long monitor contention event with owner method=boolean android.os.BinderProxy.transactNative(int, android.os.Parcel, android.os.Parcel, int) from Binder.java:4294967294 waiters=0 for 815ms
12-06 11:15:11.064 15278 18581 I System.out: put new sdf of pattern yyyyMMddhhmmss to map
12-06 11:15:11.065 15278 18581 I System.out: thread: Thread[player_odk_error_report_handler#1,5,main] init pattern: yyyyMMddhhmmss
12-06 11:15:11.115   334   432 I ThermalEngine: Sensor:tsens_tz_sensor5:54000 mC
12-06 11:15:11.116   334   460 I ThermalEngine: Sensor:tsens_tz_sensor5:54000 mC
12-06 11:15:11.117   334   460 I ThermalEngine: TM Id 'CPU0_MONITOR' Sensor 'cpu0' - alarm cleared 2 at 54.0 degC
12-06 11:15:11.118   334   460 I ThermalEngine: ACTION: CPU - Setting CPU[0] to 1728000
12-06 11:15:11.119   334   460 I ThermalEngine: Mitigation:CPU[0]:1728000 Khz
12-06 11:15:11.119   334   460 I ThermalEngine: ACTION: CPU - Setting CPU[1] to 1728000
12-06 11:15:11.119   334   460 E ThermalEngine: Failed to set desired CPU[1] frequency limit to 1728000
12-06 11:15:11.119   334   460 I ThermalEngine: ACTION: CPU - Setting CPU[2] to 1728000
12-06 11:15:11.120   334   460 E ThermalEngine: Failed to set desired CPU[2] frequency limit to 1728000
12-06 11:15:11.120   334   460 I ThermalEngine: ACTION: CPU - Setting CPU[3] to 1728000
12-06 11:15:11.120   334   460 I ThermalEngine: Mitigation:CPU[3]:1728000 Khz
12-06 11:15:11.785 18075 18410 W WatchSdk_com.mi.liveassistant: [18075] 10066. (AppNetworkUtils.java:85)     NetWorkHorse resultList[112.90.92.1=29.8, 112.90.92.3=31.568, 112.90.92.5=44.839999999999996, 112.90.92.2=49.239999999999995, 112.90.92.4=49.38]
12-06 11:15:11.787 18075 18410 W WatchSdk_com.mi.liveassistant: [18075] 10066. (AppNetworkUtils.java:93)     NetWorkHorseList[112.90.92.1, 112.90.92.3, 112.90.92.5, 112.90.92.2, 112.90.92.4]
12-06 11:15:11.800 18075 18075 W WatchSdk_com.mi.liveassistant: [18075] 1. (PreDnsManager.java:271)     PreDnsManager: fetchIpSetForDomainList done host=playback.ks.zb.mi.com, localIpSet=[], httpIpSet=[112.90.92.1, 112.90.92.3, 112.90.92.5, 112.90.92.2, 112.90.92.4]
12-06 11:15:11.809 18075 18410 W WatchSdk_com.mi.liveassistant: [18075] 10066. (PreDnsManager.java:304)     PreDnsManager: getHttpDnsIpSet domain=v2.ks.zb.mi.com
12-06 11:15:11.811 18075 18410 W WatchSdk_com.mi.liveassistant: [18075] 10066. (DnsPodUtils.java:37)     com.base.l.g.a start dnspod
12-06 11:15:11.815 18075 18410 I Dozen   :  url : http://119.29.29.29/d, str params : id=131&ttl=1&dn=6e8634e4e411379d579691ee570a481f
12-06 11:15:11.865   334   449 I ThermalEngine: Sensor:batt_temp:333 mC
12-06 11:15:12.200 18075 18410 I com.base.l.g.c: http POST Response Code: 200
12-06 11:15:12.219 18075 18410 W WatchSdk_com.mi.liveassistant: [18075] 10066. (DnsPodUtils.java:39)     com.base.l.g.a http://119.29.29.29/d?dn=6e8634e4e411379d579691ee570a481f&id=131&ttl=1 result=fef039522c84ed9be4ee3c3909eb3afb439be507b325361637465b5f524d4848e6228895acee6266
12-06 11:15:12.226 18075 18410 W WatchSdk_com.mi.liveassistant: [18075] 10066. (DnsPodUtils.java:43)     com.base.l.g.a decryptedString=157.255.129.27;157.255.129.26,60
12-06 11:15:12.229 18075 18410 W WatchSdk_com.mi.liveassistant: [18075] 10066. (PreDnsManager.java:328)     PreDnsManager: getHttpDnsIpSet domain=v2.ks.zb.mi.com, ipList=[157.255.129.27, 157.255.129.26]
12-06 11:15:12.233 18075 18410 W WatchSdk_com.mi.liveassistant: [18075] 10066. (PreDnsManager.java:282)     PreDnsManager: getLocalDnsIpSet domain=v2.ks.zb.mi.com
12-06 11:15:12.331 18075 18410 W WatchSdk_com.mi.liveassistant: [18075] 10066. (PreDnsManager.java:297)     PreDnsManager: getLocalDnsIpSet domain=v2.ks.zb.mi.com, ipList=[157.255.129.27, 157.255.129.26]
12-06 11:15:12.433   286  1983 E Parcel  : Reading a NULL string not supported here.
12-06 11:15:12.448   286  1983 E Parcel  : Reading a NULL string not supported here.
12-06 11:15:12.590   334   432 I ThermalEngine: Sensor:tsens_tz_sensor5:50000 mC
12-06 11:15:12.592   334   460 I ThermalEngine: Sensor:tsens_tz_sensor5:50000 mC
12-06 11:15:12.592   334   460 I ThermalEngine: TM Id 'CPU0_MONITOR' Sensor 'cpu0' - alarm cleared 1 at 50.0 degC
12-06 11:15:12.593   334   460 I ThermalEngine: ACTION: CPU - Setting CPU[0] to 2457600
12-06 11:15:12.594   334   460 I ThermalEngine: Mitigation:CPU[0]:2457600 Khz
12-06 11:15:12.595   334   460 I ThermalEngine: ACTION: CPU - Setting CPU[1] to 2457600
12-06 11:15:12.595   334   460 E ThermalEngine: Failed to set desired CPU[1] frequency limit to 2457600
12-06 11:15:12.595   334   460 I ThermalEngine: ACTION: CPU - Setting CPU[2] to 2457600
12-06 11:15:12.596   334   460 E ThermalEngine: Failed to set desired CPU[2] frequency limit to 2457600
12-06 11:15:12.596   334   460 I ThermalEngine: ACTION: CPU - Setting CPU[3] to 2457600
12-06 11:15:12.597   334   460 I ThermalEngine: Mitigation:CPU[3]:2457600 Khz
12-06 11:15:12.827  3312  3312 D wpa_supplicant: wlan0: Control interface command 'SIGNAL_POLL'
12-06 11:15:12.831  3312  3312 D wpa_supplicant: CTRL-DEBUG: global_ctrl_sock-sendto: sock=11 sndbuf=163840 outq=0 send_len=48
12-06 11:15:12.866   334   449 I ThermalEngine: Sensor:batt_temp:333 mC
12-06 11:15:13.632 15278 15310 I AREngine_ARPreSoResourceDownload:  HttpEngineTask  realStart
12-06 11:15:13.640 15278 15310 I AREngine_ARPreSoResourceDownload: onPreDownloadStart
12-06 11:15:13.649 15278 16622 I AREngine_ArNativeSoManager: downloadSoRes onARResourceDownloadComplete. result = true, name = arsdk2, filename = /data/user/0/com.tencent.mobileqq/files/pddata/prd/arsdk2/v7.3.0.1/221a2a804e16e29812f284c08dc9b110/221a2a804e16e29812f284c08dc9b110.zip, url = http://d.url.cn/myapp/qq_desk/arnativeso/ArSDK2NativeSo_v7.3.0.1_yt0.5.3.1_1122.zip
12-06 11:15:13.662 18075 18410 W WatchSdk_com.mi.liveassistant: [18075] 10066. (AppNetworkUtils.java:85)     NetWorkHorse resultList[157.255.129.27=66.64999999999999, 157.255.129.26=83.56]
12-06 11:15:13.662 18075 18410 W WatchSdk_com.mi.liveassistant: [18075] 10066. (AppNetworkUtils.java:93)     NetWorkHorseList[157.255.129.27, 157.255.129.26]
12-06 11:15:13.663 18075 18410 W WatchSdk_com.mi.liveassistant: [18075] 10066. (PreDnsManager.java:304)     PreDnsManager: getHttpDnsIpSet domain=v2.by.zb.mi.com
12-06 11:15:13.667 18075 18075 W WatchSdk_com.mi.liveassistant: [18075] 1. (PreDnsManager.java:271)     PreDnsManager: fetchIpSetForDomainList done host=v2.ks.zb.mi.com, localIpSet=[], httpIpSet=[157.255.129.27, 157.255.129.26]
12-06 11:15:13.675 18075 18410 W WatchSdk_com.mi.liveassistant: [18075] 10066. (DnsPodUtils.java:37)     com.base.l.g.a start dnspod
12-06 11:15:13.687 18075 18410 I Dozen   :  url : http://119.29.29.29/d, str params : id=131&ttl=1&dn=159e9da5a37fa764579691ee570a481f
12-06 11:15:13.744   334   432 I ThermalEngine: Sensor:tsens_tz_sensor5:56000 mC
12-06 11:15:13.745   334   460 I ThermalEngine: Sensor:tsens_tz_sensor5:56000 mC
12-06 11:15:13.745   334   460 I ThermalEngine: TM Id 'CPU0_MONITOR' Sensor 'cpu0' - alarm raised 1 at 56.0 degC
12-06 11:15:13.745   334   460 I ThermalEngine: ACTION: CPU - Setting CPU[0] to 1728000
12-06 11:15:13.745   334   460 I ThermalEngine: Mitigation:CPU[0]:1728000 Khz
12-06 11:15:13.745   334   460 I ThermalEngine: ACTION: CPU - Setting CPU[1] to 1728000
12-06 11:15:13.745   334   460 E ThermalEngine: Failed to set desired CPU[1] frequency limit to 1728000
12-06 11:15:13.745   334   460 I ThermalEngine: ACTION: CPU - Setting CPU[2] to 1728000
12-06 11:15:13.745   334   460 E ThermalEngine: Failed to set desired CPU[2] frequency limit to 1728000
12-06 11:15:13.745   334   460 I ThermalEngine: ACTION: CPU - Setting CPU[3] to 1728000
12-06 11:15:13.746   334   460 I ThermalEngine: Mitigation:CPU[3]:1728000 Khz
12-06 11:15:13.757  3027  3027 V SyncNotificationUtils: sendSyncingBroadcast: true
12-06 11:15:13.773  3027  3027 V SyncNotificationUtils: sendSyncingBroadcast: true
12-06 11:15:13.868   334   449 I ThermalEngine: Sensor:batt_temp:335 mC
12-06 11:15:13.883  3027  3046 I art     : Background sticky concurrent mark sweep GC freed 165460(13MB) AllocSpace objects, 65(1556KB) LOS objects, 51% free, 14MB/29MB, paused 540us total 123.842ms
12-06 11:15:13.915 18075 18410 I com.base.l.g.c: http POST Response Code: 200
12-06 11:15:13.917 18075 18410 W WatchSdk_com.mi.liveassistant: [18075] 10066. (DnsPodUtils.java:39)     com.base.l.g.a http://119.29.29.29/d?dn=159e9da5a37fa764579691ee570a481f&id=131&ttl=1 result=803a4c5627cedd7e081de798c0227da4a21f2f0bbfad2e820c1422aee68602c0
12-06 11:15:13.919 18075 18410 W WatchSdk_com.mi.liveassistant: [18075] 10066. (DnsPodUtils.java:43)     com.base.l.g.a decryptedString=211.97.76.71;163.177.243.242,49
12-06 11:15:13.920 18075 18410 W WatchSdk_com.mi.liveassistant: [18075] 10066. (PreDnsManager.java:328)     PreDnsManager: getHttpDnsIpSet domain=v2.by.zb.mi.com, ipList=[211.97.76.71, 163.177.243.242]
12-06 11:15:13.921 18075 18410 W WatchSdk_com.mi.liveassistant: [18075] 10066. (PreDnsManager.java:282)     PreDnsManager: getLocalDnsIpSet domain=v2.by.zb.mi.com
12-06 11:15:13.941  1751  1774 I ActivityManager: com.tencent.mobileqq:TMAssistantDownloadSDKService adjSource is com.tencent.mobileqq
12-06 11:15:13.945  1751  1774 I ActivityManager: com.tencent.mobileqq:TMAssistantDownloadSDKService adjSource is com.tencent.mobileqq
12-06 11:15:13.983 15278 16625 I AREngine_ArNativeSoManager: downloadSoRes onARResourceDownloadComplete. result = true, name = arcloud, filename = /data/user/0/com.tencent.mobileqq/files/pddata/prd/arcloud/v7.3.0.1/84156ef5526241804812b00aa452a084/84156ef5526241804812b00aa452a084.zip, url = http://d.url.cn/myapp/qq_desk/arnativeso/ArCloudNativeSo_v7.3.0.1_arcloud1.0.0.1_201710171627.zip
12-06 11:15:13.987 25689 25734 W bt_hci  : filter_incoming_event command complete event with no matching command. opcode: 0x0.
12-06 11:15:13.993 25689 25734 W bt_hci  : filter_incoming_event command complete event with no matching command. opcode: 0x0.
12-06 11:15:14.013 25689 25734 W bt_hci  : filter_incoming_event command complete event with no matching command. opcode: 0x0.
12-06 11:15:14.015 18075 18410 W WatchSdk_com.mi.liveassistant: [18075] 10066. (PreDnsManager.java:297)     PreDnsManager: getLocalDnsIpSet domain=v2.by.zb.mi.com, ipList=[112.90.213.70]
12-06 11:15:14.039 25689 25734 W bt_hci  : filter_incoming_event command complete event with no matching command. opcode: 0x0.
12-06 11:15:14.046 25689 25734 W bt_hci  : filter_incoming_event command complete event with no matching command. opcode: 0x0.
12-06 11:15:14.052 25689 25734 W bt_hci  : filter_incoming_event command complete event with no matching command. opcode: 0x0.
12-06 11:15:14.065   286  1983 E Parcel  : Reading a NULL string not supported here.
12-06 11:15:14.067 25689 25734 W bt_hci  : filter_incoming_event command complete event with no matching command. opcode: 0x0.
12-06 11:15:14.073 25689 25734 W bt_hci  : filter_incoming_event command complete event with no matching command. opcode: 0x0.
12-06 11:15:14.079 25689 25734 W bt_hci  : filter_incoming_event command complete event with no matching command. opcode: 0x0.
12-06 11:15:14.089   286  1983 E Parcel  : Reading a NULL string not supported here.
12-06 11:15:14.129   334   432 I ThermalEngine: Sensor:tsens_tz_sensor5:61000 mC
12-06 11:15:14.129   334   460 I ThermalEngine: Sensor:tsens_tz_sensor5:61000 mC
12-06 11:15:14.129   334   460 I ThermalEngine: TM Id 'CPU0_MONITOR' Sensor 'cpu0' - alarm raised 2 at 61.0 degC
12-06 11:15:14.130   334   460 I ThermalEngine: ACTION: CPU - Setting CPU[0] to 1497600
12-06 11:15:14.130   334   460 I ThermalEngine: Mitigation:CPU[0]:1497600 Khz
12-06 11:15:14.130   334   460 I ThermalEngine: ACTION: CPU - Setting CPU[1] to 1497600
12-06 11:15:14.130   334   460 E ThermalEngine: Failed to set desired CPU[1] frequency limit to 1497600
12-06 11:15:14.130   334   460 I ThermalEngine: ACTION: CPU - Setting CPU[2] to 1497600
12-06 11:15:14.130   334   460 E ThermalEngine: Failed to set desired CPU[2] frequency limit to 1497600
12-06 11:15:14.130   334   460 I ThermalEngine: ACTION: CPU - Setting CPU[3] to 1497600
12-06 11:15:14.130   334   460 I ThermalEngine: Mitigation:CPU[3]:1497600 Khz
12-06 11:15:14.199 15552 15641 W Settings: Setting airplane_mode_on has moved from android.provider.Settings.System to android.provider.Settings.Global, returning read-only value.
12-06 11:15:14.206 15552 15641 W beacon  : onUserAction return false, because eventName:[actDnsReq] is not allowed in server strategy!
12-06 11:15:14.321   334   432 I ThermalEngine: Sensor:tsens_tz_sensor5:54000 mC
12-06 11:15:14.322   334   460 I ThermalEngine: Sensor:tsens_tz_sensor5:54000 mC
12-06 11:15:14.322   334   460 I ThermalEngine: TM Id 'CPU0_MONITOR' Sensor 'cpu0' - alarm cleared 2 at 54.0 degC
12-06 11:15:14.323   334   460 I ThermalEngine: ACTION: CPU - Setting CPU[0] to 1728000
12-06 11:15:14.324   334   460 I ThermalEngine: Mitigation:CPU[0]:1728000 Khz
12-06 11:15:14.325   334   460 I ThermalEngine: ACTION: CPU - Setting CPU[1] to 1728000
12-06 11:15:14.325   334   460 E ThermalEngine: Failed to set desired CPU[1] frequency limit to 1728000
12-06 11:15:14.325   334   460 I ThermalEngine: ACTION: CPU - Setting CPU[2] to 1728000
12-06 11:15:14.326   334   460 E ThermalEngine: Failed to set desired CPU[2] frequency limit to 1728000
12-06 11:15:14.326   334   460 I ThermalEngine: ACTION: CPU - Setting CPU[3] to 1728000
12-06 11:15:14.327   334   460 I ThermalEngine: Mitigation:CPU[3]:1728000 Khz
12-06 11:15:14.869   334   449 I ThermalEngine: Sensor:batt_temp:335 mC
12-06 11:15:15.036 15278 16810 E VasQuickUpdateEngine_Native: [2017-12-06 11:15:15][1512530115032][error   ][DownloadThread:16810][task:130]: CXPTaskBase[0x93ce5898], local_context[0x93639f80], delete[HttpClient], ThreadId[16810]
12-06 11:15:15.038 15278 16810 E VasQuickUpdateEngine_Native: [2017-12-06 11:15:15][1512530115037][error   ][DownloadThread:16810][task:97]: CXPTaskBase[0x93ce5898], local_context[0x93639f80], create[HttpClient], ThreadId[16810]
12-06 11:15:15.040 15278 18655 E VasQuickUpdateEngine_Native: [2017-12-06 11:15:15][1512530115039][error   ][HttpClient:18655][task:317]: CXPTaskBase[0x93ce5898], local_context[0x93639f80], Runloop[HttpClient], ThreadId[18655]
12-06 11:15:15.284   334   432 I ThermalEngine: Sensor:tsens_tz_sensor5:50000 mC
12-06 11:15:15.286   334   460 I ThermalEngine: Sensor:tsens_tz_sensor5:50000 mC
12-06 11:15:15.286   334   460 I ThermalEngine: TM Id 'CPU0_MONITOR' Sensor 'cpu0' - alarm cleared 1 at 50.0 degC
12-06 11:15:15.287   334   460 I ThermalEngine: ACTION: CPU - Setting CPU[0] to 2457600
12-06 11:15:15.288   334   460 I ThermalEngine: Mitigation:CPU[0]:2457600 Khz
12-06 11:15:15.288   334   460 I ThermalEngine: ACTION: CPU - Setting CPU[1] to 2457600
12-06 11:15:15.289   334   460 E ThermalEngine: Failed to set desired CPU[1] frequency limit to 2457600
12-06 11:15:15.289   334   460 I ThermalEngine: ACTION: CPU - Setting CPU[2] to 2457600
12-06 11:15:15.289   334   460 E ThermalEngine: Failed to set desired CPU[2] frequency limit to 2457600
12-06 11:15:15.290   334   460 I ThermalEngine: ACTION: CPU - Setting CPU[3] to 2457600
12-06 11:15:15.290   334   460 I ThermalEngine: Mitigation:CPU[3]:2457600 Khz
12-06 11:15:15.427 18075 18410 W WatchSdk_com.mi.liveassistant: [18075] 10066. (AppNetworkUtils.java:85)     NetWorkHorse resultList[163.177.243.242=193.6, 211.97.76.71=204.2]
12-06 11:15:15.442 18075 18410 W WatchSdk_com.mi.liveassistant: [18075] 10066. (AppNetworkUtils.java:93)     NetWorkHorseList[163.177.243.242, 211.97.76.71]
12-06 11:15:15.443 18075 18075 W WatchSdk_com.mi.liveassistant: [18075] 1. (PreDnsManager.java:271)     PreDnsManager: fetchIpSetForDomainList done host=v2.by.zb.mi.com, localIpSet=[112.90.213.70], httpIpSet=[163.177.243.242, 211.97.76.71]
12-06 11:15:15.447 18075 18410 W WatchSdk_com.mi.liveassistant: [18075] 10066. (PreDnsManager.java:304)     PreDnsManager: getHttpDnsIpSet domain=r2.zb.mi.com
12-06 11:15:15.449 18075 18410 W WatchSdk_com.mi.liveassistant: [18075] 10066. (DnsPodUtils.java:37)     com.base.l.g.a start dnspod
12-06 11:15:15.454 18075 18410 I Dozen   :  url : http://119.29.29.29/d, str params : id=131&ttl=1&dn=28ad74a784ed9239e76e630ef9db8bb9
12-06 11:15:15.664 15278 16808 E VasQuickUpdateEngine_Native: [2017-12-06 11:15:15][1512530115664][error   ][UpdateMainThread:16808][unnamed:378]: CTaskBaseItem http download sucess 16_iRedPacket_v3.char300.json
12-06 11:15:15.666 15278 16808 E VasQuickUpdateEngine_Native: [2017-12-06 11:15:15][1512530115666][error   ][UpdateMainThread:16808][unnamed:285]: CTaskBaseItem uncompressZip1 sucess 16_iRedPacket_v3.char300.json
12-06 11:15:15.666 15278 16808 E VasQuickUpdateEngine_Native: [2017-12-06 11:15:15][1512530115666][error   ][UpdateMainThread:16808][unnamed:304]: CTaskBaseItem rename storage file success path = /data/user/0/com.tencent.mobileqq/files/pddata/vas/redpacket/iRedPacket_v3.char300.json
12-06 11:15:15.666 15278 16808 E VasQuickUpdateEngine_Native: [2017-12-06 11:15:15][1512530115666][error   ][UpdateMainThread:16808][unnamed:314]: CTaskBaseItem CheckFileMd5 sucess 16_iRedPacket_v3.char300.json
12-06 11:15:15.668 15278 16808 E VasQuickUpdateEngine_Native: [2017-12-06 11:15:15][1512530115668][error   ][UpdateMainThread:16808][unnamed:230]: CTaskBaseItem OnTaskBaseItemComplete 16_iRedPacket_v3.char300.json 0 200
12-06 11:15:15.671  1751  1792 I ActivityManager: com.tencent.mobileqq:TMAssistantDownloadSDKService adjSource is com.tencent.mobileqq
12-06 11:15:15.677  1751  1793 V UidProcStateHelper: process state changed:[15278,10191,10]
12-06 11:15:15.677  1751  1793 V UidProcStateHelper: process state changed:[17185,10191,10]
12-06 11:15:15.677  1751  1793 V UidProcStateHelper: process state changed:[15552,10191,10]
12-06 11:15:15.683  1751 27403 I ActivityManager: com.tencent.mobileqq:TMAssistantDownloadSDKService adjSource is com.tencent.mobileqq
12-06 11:15:15.693  1751  1793 V UidProcStateHelper: process state changed:[15278,10191,4]
12-06 11:15:15.693  1751  1793 V UidProcStateHelper: process state changed:[17185,10191,4]
12-06 11:15:15.693  1751  1793 V UidProcStateHelper: process state changed:[15552,10191,4]
12-06 11:15:15.698  1751 27403 I ActivityManager: com.tencent.mobileqq:TMAssistantDownloadSDKService adjSource is com.tencent.mobileqq
12-06 11:15:15.721 18075 18410 I com.base.l.g.c: http POST Response Code: 200
12-06 11:15:15.726 18075 18410 W WatchSdk_com.mi.liveassistant: [18075] 10066. (DnsPodUtils.java:39)     com.base.l.g.a http://119.29.29.29/d?dn=28ad74a784ed9239e76e630ef9db8bb9&id=131&ttl=1 result=66a8c22bae662ce52e2825404a5e000105166ee26a3a6955efa2d0d0cebca41b
12-06 11:15:15.733 18075 18410 W WatchSdk_com.mi.liveassistant: [18075] 10066. (DnsPodUtils.java:43)     com.base.l.g.a decryptedString=112.90.240.6;112.90.212.28,60
12-06 11:15:15.735 18075 18410 W WatchSdk_com.mi.liveassistant: [18075] 10066. (PreDnsManager.java:328)     PreDnsManager: getHttpDnsIpSet domain=r2.zb.mi.com, ipList=[112.90.240.6, 112.90.212.28]
12-06 11:15:15.741 18075 18410 W WatchSdk_com.mi.liveassistant: [18075] 10066. (PreDnsManager.java:282)     PreDnsManager: getLocalDnsIpSet domain=r2.zb.mi.com
12-06 11:15:15.765 18075 18410 W WatchSdk_com.mi.liveassistant: [18075] 10066. (PreDnsManager.java:297)     PreDnsManager: getLocalDnsIpSet domain=r2.zb.mi.com, ipList=[112.90.240.6, 112.90.212.28]
12-06 11:15:15.795   286  1983 E Parcel  : Reading a NULL string not supported here.
12-06 11:15:15.808   286  1983 E Parcel  : Reading a NULL string not supported here.
12-06 11:15:15.839  3312  3312 D wpa_supplicant: wlan0: Control interface command 'SIGNAL_POLL'
12-06 11:15:15.842  3312  3312 D wpa_supplicant: CTRL-DEBUG: global_ctrl_sock-sendto: sock=11 sndbuf=163840 outq=0 send_len=48
12-06 11:15:15.870   334   449 I ThermalEngine: Sensor:batt_temp:335 mC
12-06 11:15:16.781 18075 18410 W WatchSdk_com.mi.liveassistant: [18075] 10066. (AppNetworkUtils.java:85)     NetWorkHorse resultList[112.90.240.6=40.1, 112.90.212.28=53.779999999999994]
12-06 11:15:16.793 18075 18410 W WatchSdk_com.mi.liveassistant: [18075] 10066. (AppNetworkUtils.java:93)     NetWorkHorseList[112.90.240.6, 112.90.212.28]
12-06 11:15:16.799 18075 18075 W WatchSdk_com.mi.liveassistant: [18075] 1. (PreDnsManager.java:271)     PreDnsManager: fetchIpSetForDomainList done host=r2.zb.mi.com, localIpSet=[], httpIpSet=[112.90.240.6, 112.90.212.28]
12-06 11:15:16.808 18075 18410 W WatchSdk_com.mi.liveassistant: [18075] 10066. (PreDnsManager.java:304)     PreDnsManager: getHttpDnsIpSet domain=r2.in.zb.mi.com
12-06 11:15:16.813 18075 18410 W WatchSdk_com.mi.liveassistant: [18075] 10066. (DnsPodUtils.java:37)     com.base.l.g.a start dnspod
12-06 11:15:16.818 18075 18410 I Dozen   :  url : http://119.29.29.29/d, str params : id=131&ttl=1&dn=85d7b417037e3b3b579691ee570a481f
12-06 11:15:16.872   334   449 I ThermalEngine: Sensor:batt_temp:333 mC
12-06 11:15:16.958 18075 18410 I com.base.l.g.c: http POST Response Code: 200
12-06 11:15:16.975 18075 18410 W WatchSdk_com.mi.liveassistant: [18075] 10066. (DnsPodUtils.java:39)     com.base.l.g.a http://119.29.29.29/d?dn=85d7b417037e3b3b579691ee570a481f&id=131&ttl=1 result=8997d6d61160f131bc2d29f325d740a9e58bb792c49b849e6493b3f9aefcce80e6228895acee6266
12-06 11:15:16.981 18075 18410 W WatchSdk_com.mi.liveassistant: [18075] 10066. (DnsPodUtils.java:43)     com.base.l.g.a decryptedString=220.243.203.51;220.243.228.96,17
12-06 11:15:16.984 18075 18410 W WatchSdk_com.mi.liveassistant: [18075] 10066. (PreDnsManager.java:328)     PreDnsManager: getHttpDnsIpSet domain=r2.in.zb.mi.com, ipList=[220.243.203.51, 220.243.228.96]
12-06 11:15:16.987 18075 18410 W WatchSdk_com.mi.liveassistant: [18075] 10066. (PreDnsManager.java:282)     PreDnsManager: getLocalDnsIpSet domain=r2.in.zb.mi.com
12-06 11:15:17.133 18075 18410 W WatchSdk_com.mi.liveassistant: [18075] 10066. (PreDnsManager.java:297)     PreDnsManager: getLocalDnsIpSet domain=r2.in.zb.mi.com, ipList=[220.243.228.96, 220.243.203.51]
12-06 11:15:17.177   286  1983 E Parcel  : Reading a NULL string not supported here.
12-06 11:15:17.199   286  1983 E Parcel  : Reading a NULL string not supported here.
12-06 11:15:17.873   334   449 I ThermalEngine: Sensor:batt_temp:333 mC
12-06 11:15:18.502 15278 15278 I MobileQQCloseServiceReceiver: receive broadcast close all service
12-06 11:15:18.502 17185 17185 I MobileQQCloseServiceReceiver: receive broadcast close all service
12-06 11:15:18.533 15278 18688 I TMAssistantDownloadManager: enter
12-06 11:15:18.533 15278 18688 I TMAssistantDownloadManager: mSDKSettingClient is null create a new for TMAssistantDownloadSettingClient
12-06 11:15:18.537 15278 18688 I TMAssistantDownloadSDKClientBase: initTMAssistantDownloadSDK,clientKey:TMAssistantDownloadSDKManager,mServiceInterface:null,threadId:10486
12-06 11:15:18.543 15278 18688 I TMAssistantDownloadSDKClientBase: initTMAssistantDownloadSDK bindResult:true
12-06 11:15:18.543 15278 18688 I TMAssistantDownloadManager: returnValue(settingclient): com.tencent.tmdownloader.TMAssistantDownloadSettingClient@2e95421
12-06 11:15:18.543 15278 18688 I TMAssistantDownloadManager: exit
12-06 11:15:18.543 15278 18688 I TMAssistantDownloadSettingClient: enter
12-06 11:15:18.543 15278 18688 I TMAssistantDownloadSDKClientBase: initTMAssistantDownloadSDK,clientKey:TMAssistantDownloadSDKManager,mServiceInterface:null,threadId:10486
12-06 11:15:18.545 17185 18687 I TMAssistantDownloadManager: enter
12-06 11:15:18.545 17185 18687 I TMAssistantDownloadManager: mSDKSettingClient is null create a new for TMAssistantDownloadSettingClient
12-06 11:15:18.550 15278 18688 I TMAssistantDownloadSDKClientBase: initTMAssistantDownloadSDK bindResult:true
12-06 11:15:18.558 15278 15278 I TMAssistantDownloadSDKClientBase: onServiceConnected,clientKey:TMAssistantDownloadSDKManager,mServiceInterface:com.tencent.tmassistant.aidl.f@10d7207,IBinder:android.os.BinderProxy@aeb573c,threadId:1
12-06 11:15:18.558 17185 17196 I TMAssistantDownloadSDKService: enter
12-06 11:15:18.558 17185 17196 I TMAssistantDownloadSDKService: returnValue: true
12-06 11:15:18.558 17185 17196 I TMAssistantDownloadSDKService: exit
12-06 11:15:18.559 15278 18688 I TMAssistantDownloadSettingClient: isAllDownloadFinished
12-06 11:15:18.559 15278 18688 I TMAssistantDownloadSettingClient: isAllDownloadFinished ret:true
12-06 11:15:18.559 15278 18688 I TMAssistantDownloadSettingClient: exit
12-06 11:15:18.559 15278 18688 I MobileQQCloseServiceReceiver: receive broadcast isAllDownloadFinished = true
12-06 11:15:18.561 17185 18687 I TMAssistantDownloadSDKClientBase: initTMAssistantDownloadSDK,clientKey:TMAssistantDownloadSDKManager,mServiceInterface:null,threadId:9999
12-06 11:15:18.565 17185 18687 I TMAssistantDownloadSDKClientBase: initTMAssistantDownloadSDK bindResult:true
12-06 11:15:18.565 17185 18687 I TMAssistantDownloadManager: returnValue(settingclient): com.tencent.tmdownloader.TMAssistantDownloadSettingClient@a23b6e0
12-06 11:15:18.565 17185 18687 I TMAssistantDownloadManager: exit
12-06 11:15:18.565 17185 18687 I TMAssistantDownloadSettingClient: enter
12-06 11:15:18.565 17185 18687 I TMAssistantDownloadSDKClientBase: initTMAssistantDownloadSDK,clientKey:TMAssistantDownloadSDKManager,mServiceInterface:null,threadId:9999
12-06 11:15:18.567 15278 18688 W System.err: java.lang.RuntimeException: halley not init
12-06 11:15:18.567 15278 18688 W System.err: 	at com.tencent.hlyyb.HalleyAgent.getDownloader(Unknown Source)
12-06 11:15:18.567 15278 18688 W System.err: 	at com.tencent.tmdownloader.internal.downloadclient.a.run(ProGuard:137)
12-06 11:15:18.567 15278 18688 W System.err: 	at android.os.Handler.handleCallback(Handler.java:742)
12-06 11:15:18.567 15278 18688 W System.err: 	at android.os.Handler.dispatchMessage(Handler.java:95)
12-06 11:15:18.567 15278 18688 W System.err: 	at android.os.Looper.loop(Looper.java:157)
12-06 11:15:18.567 15278 18688 W System.err: 	at android.os.HandlerThread.run(HandlerThread.java:61)
12-06 11:15:18.568 17185 18687 I TMAssistantDownloadSDKClientBase: initTMAssistantDownloadSDK bindResult:true
12-06 11:15:18.569 17185 17185 I TMAssistantDownloadSDKClientBase: onServiceConnected,clientKey:TMAssistantDownloadSDKManager,mServiceInterface:com.tencent.tmdownloader.j@4336fa8,IBinder:com.tencent.tmdownloader.j@4336fa8,threadId:1
12-06 11:15:18.770  3027  3027 V SyncNotificationUtils: sendSyncingBroadcast: true
12-06 11:15:18.776  3027  3027 V SyncNotificationUtils: sendSyncingBroadcast: true
12-06 11:15:18.849  3312  3312 D wpa_supplicant: wlan0: Control interface command 'SIGNAL_POLL'
12-06 11:15:18.853  3312  3312 D wpa_supplicant: CTRL-DEBUG: global_ctrl_sock-sendto: sock=11 sndbuf=163840 outq=0 send_len=48
12-06 11:15:18.875   334   449 I ThermalEngine: Sensor:batt_temp:334 mC
12-06 11:15:19.088  1751  1792 I ActivityManager: Start proc 18689:com.qualcomm.telephony/1000 for service com.qualcomm.fastdormancy/.FastDormancyService
12-06 11:15:19.195  1751  1793 V UidProcStateHelper: process state changed:[18689,1000,10]
12-06 11:15:19.245 15552 15641 W Settings: Setting airplane_mode_on has moved from android.provider.Settings.System to android.provider.Settings.Global, returning read-only value.
12-06 11:15:19.250 15552 15641 W Settings: Setting airplane_mode_on has moved from android.provider.Settings.System to android.provider.Settings.Global, returning read-only value.
12-06 11:15:19.251 15552 15641 W beacon  : onUserAction return false, because eventName:[actDnsReq] is not allowed in server strategy!
12-06 11:15:19.253 15552 15641 W Settings: Setting airplane_mode_on has moved from android.provider.Settings.System to android.provider.Settings.Global, returning read-only value.
12-06 11:15:19.253 15552 15641 W beacon  : onUserAction return false, because eventName:[actDnsReq] is not allowed in server strategy!
12-06 11:15:19.259 18689 18689 W System  : ClassLoader referenced unknown path: /system/app/fastdormancy/lib/arm
12-06 11:15:19.272 18689 18689 D QC_RIL_OEM_HOOK: Starting QcrilMsgTunnel Service
12-06 11:15:19.272 18689 18689 W ContextImpl: Calling a method in the system process without a qualified user: android.app.ContextImpl.startService:1231 android.content.ContextWrapper.startService:591 com.qualcomm.qcrilhook.QcRilHook.<init>:102 com.qualcomm.qcrilhook.QcRilHook.<init>:89 com.qualcomm.fastdormancy.FastDormancyService.onCreate:256 
12-06 11:15:19.276 18689 18689 W ContextImpl: Calling a method in the system process without a qualified user: android.app.ContextImpl.bindService:1295 android.content.ContextWrapper.bindService:614 com.qualcomm.qcrilhook.QcRilHook.<init>:104 com.qualcomm.qcrilhook.QcRilHook.<init>:89 com.qualcomm.fastdormancy.FastDormancyService.onCreate:256 
12-06 11:15:19.285 18689 18689 D QC_RIL_OEM_HOOK: The QcrilMsgTunnelService will be connected soon 
12-06 11:15:19.295 18689 18689 D QC_RIL_OEM_HOOK: Registering for intent ACTION_UNSOL_RESPONSE_OEM_HOOK_RAW
12-06 11:15:19.307 18689 18689 D QC_RIL_OEM_HOOK: QcrilMsgTunnelService Connected Successfully (onServiceConnected)
12-06 11:15:19.535 18075 18410 W WatchSdk_com.mi.liveassistant: [18075] 10066. (AppNetworkUtils.java:85)     NetWorkHorse resultList[220.243.228.96=529.0, 220.243.203.51=597.6]
12-06 11:15:19.541 18075 18410 W WatchSdk_com.mi.liveassistant: [18075] 10066. (AppNetworkUtils.java:93)     NetWorkHorseList[220.243.228.96, 220.243.203.51]
12-06 11:15:19.545 18075 18410 W WatchSdk_com.mi.liveassistant: [18075] 10066. (PreDnsManager.java:304)     PreDnsManager: getHttpDnsIpSet domain=r2.int.zb.mi.com
12-06 11:15:19.546 18075 18075 W WatchSdk_com.mi.liveassistant: [18075] 1. (PreDnsManager.java:271)     PreDnsManager: fetchIpSetForDomainList done host=r2.in.zb.mi.com, localIpSet=[], httpIpSet=[220.243.228.96, 220.243.203.51]
12-06 11:15:19.546 18075 18410 W WatchSdk_com.mi.liveassistant: [18075] 10066. (DnsPodUtils.java:37)     com.base.l.g.a start dnspod
12-06 11:15:19.551 18075 18410 I Dozen   :  url : http://119.29.29.29/d, str params : id=131&ttl=1&dn=bb07b0a7812b63868953671cdc3ec07de6228895acee6266
12-06 11:15:19.876   334   449 I ThermalEngine: Sensor:batt_temp:333 mC
12-06 11:15:20.865  1751  2778 D NtpTrustedTime: currentTimeMillis() cache hit
12-06 11:15:20.877   334   449 I ThermalEngine: Sensor:batt_temp:334 mC
12-06 11:15:20.916  1751  2778 I TetherStatsReporting: getTetherStats() called NetworkStats: elapsedRealtime=508560509
12-06 11:15:20.916  1751  2778 I TetherStatsReporting:   [0] iface=wlan0 uid=0 set=DEFAULT tag=0x0 rxBytes=11395822 rxPackets=101281 txBytes=2662899 txPackets=35950 operations=0
12-06 11:15:20.916  1751  2778 I TetherStatsReporting:   [1] iface=wlan0 uid=0 set=FOREGROUND tag=0x0 rxBytes=0 rxPackets=0 txBytes=0 txPackets=0 operations=0
12-06 11:15:20.916  1751  2778 I TetherStatsReporting:   [2] iface=wlan0 uid=1000 set=DEFAULT tag=0x0 rxBytes=6683749 rxPackets=9829 txBytes=1874159 txPackets=12773 operations=0
12-06 11:15:20.916  1751  2778 I TetherStatsReporting:   [3] iface=wlan0 uid=1000 set=FOREGROUND tag=0x0 rxBytes=0 rxPackets=0 txBytes=0 txPackets=0 operations=0
12-06 11:15:20.916  1751  2778 I TetherStatsReporting:   [4] iface=wlan0 uid=9801 set=DEFAULT tag=0x0 rxBytes=210384 rxPackets=439 txBytes=101316 txPackets=617 operations=0
12-06 11:15:20.916  1751  2778 I TetherStatsReporting:   [5] iface=wlan0 uid=9801 set=FOREGROUND tag=0x0 rxBytes=0 rxPackets=0 txBytes=0 txPackets=0 operations=0
12-06 11:15:20.916  1751  2778 I TetherStatsReporting:   [6] iface=wlan0 uid=9802 set=DEFAULT tag=0x0 rxBytes=56295062 rxPackets=38230 txBytes=799051 txPackets=18946 operations=0
12-06 11:15:20.916  1751  2778 I TetherStatsReporting:   [7] iface=wlan0 uid=9802 set=FOREGROUND tag=0x0 rxBytes=0 rxPackets=0 txBytes=0 txPackets=0 operations=0
12-06 11:15:20.916  1751  2778 I TetherStatsReporting:   [8] iface=wlan0 uid=9810 set=DEFAULT tag=0x0 rxBytes=113851 rxPackets=164 txBytes=26527 txPackets=208 operations=0
12-06 11:15:20.916  1751  2778 I TetherStatsReporting:   [9] iface=wlan0 uid=9810 set=FOREGROUND tag=0x0 rxBytes=0 rxPackets=0 txBytes=0 txPackets=0 operations=0
12-06 11:15:20.916  1751  2778 I TetherStatsReporting:   [10] iface=wlan0 uid=10000 set=DEFAULT tag=0x0 rxBytes=387566 rxPackets=1122 txBytes=441949 txPackets=1571 operations=0
12-06 11:15:20.916  1751  2778 I TetherStatsReporting:   [11] iface=wlan0 uid=10000 set=FOREGROUND tag=0x0 rxBytes=0 rxPackets=0 txBytes=0 txPackets=0 operations=0
12-06 11:15:20.916  1751  2778 I TetherStatsReporting:   [12] iface=wlan0 uid=10003 set=DEFAULT tag=0x0 rxBytes=611461 rxPackets=463 txBytes=31274 txPackets=293 operations=0
12-06 11:15:20.916  1751  2778 I TetherStatsReporting:   [13] iface=wlan0 uid=10003 set=FOREGROUND tag=0x0 rxBytes=307115 rxPackets=258 txBytes=23403 txPackets=286 operations=0
12-06 11:15:20.916  1751  2778 I TetherStatsReporting:   [14] iface=wlan0 uid=10004 set=DEFAULT tag=0x0 rxBytes=69511 rxPackets=110 txBytes=19530 txPackets=139 operations=0
12-06 11:15:20.916  1751  2778 I TetherStatsReporting:   [15] iface=wlan0 uid=10004 set=FOREGROUND tag=0x0 rxBytes=0 rxPackets=0 txBytes=0 txPackets=0 operations=0
12-06 11:15:20.916  1751  2778 I TetherStatsReporting:   [16] iface=wlan0 uid=10006 set=DEFAULT tag=0x0 rxBytes=565331 rxPackets=410 txBytes=20076 txPackets=385 operations=0
12-06 11:15:20.916  1751  2778 I TetherStatsReporting:   [17] iface=wlan0 uid=10006 set=FOREGROUND tag=0x0 rxBytes=0 rxPackets=0 txBytes=0 txPackets=0 operations=0
12-06 11:15:20.916  1751  2778 I TetherStatsReporting:   [18] iface=wlan0 uid=10008 set=DEFAULT tag=0x0 rxBytes=97381 rxPackets=431 txBytes=144175 txPackets=598 operations=13
12-06 11:15:20.916  1751  2778 I TetherStatsReporting:   [19] iface=wlan0 uid=10008 set=FOREGROUND tag=0x0 rxBytes=0 rxPackets=0 txBytes=0 txPackets=0 operations=0
12-06 11:15:20.916  1751  2778 I TetherStatsReporting:   [20] iface=wlan0 uid=10013 set=DEFAULT tag=0x0 rxBytes=213745 rxPackets=351 txBytes=236975 txPackets=434 operations=0
12-06 11:15:20.916  1751  2778 I TetherStatsReporting:   [21] iface=wlan0 uid=10013 set=FOREGROUND tag=0x0 rxBytes=0 rxPackets=0 txBytes=0 txPackets=0 operations=0
