12-06 11:14:56.416 18075 18411 W WatchSdk_com.mi.liveassistant: [18075] 10067. (PreDnsManager.java:160)     PreDnsManager: onEvent DomainPortUpdateEvent key=v2.pandora.zb.mi.com_http, needSetHost=false, port=[80]
12-06 11:14:56.416 18075 18411 W WatchSdk_com.mi.liveassistant: [18075] 10067. (PreDnsManager.java:160)     PreDnsManager: onEvent DomainPortUpdateEvent key=playback.ks.zb.mi.com_http, needSetHost=false, port=[80]
12-06 11:14:56.417 18075 18411 W WatchSdk_com.mi.liveassistant: [18075] 10067. (PreDnsManager.java:160)     PreDnsManager: onEvent DomainPortUpdateEvent key=v2.ks.zb.mi.com_http, needSetHost=false, port=[80]
12-06 11:14:56.417 18075 18411 W WatchSdk_com.mi.liveassistant: [18075] 10067. (PreDnsManager.java:160)     PreDnsManager: onEvent DomainPortUpdateEvent key=v2.by.zb.mi.com_http, needSetHost=false, port=[80]
12-06 11:14:56.417 18075 18411 W WatchSdk_com.mi.liveassistant: [18075] 10067. (PreDnsManager.java:157)     PreDnsManager: onEvent DomainPortUpdateEvent parse needSetHost failed, domainPort=r2.zb.mi.com:rtmp:80,1935
12-06 11:14:56.417 18075 18411 W WatchSdk_com.mi.liveassistant: [18075] 10067. (PreDnsManager.java:160)     PreDnsManager: onEvent DomainPortUpdateEvent key=r2.zb.mi.com_rtmp, needSetHost=false, port=[80, 1935]
12-06 11:14:56.418 18075 18411 W WatchSdk_com.mi.liveassistant: [18075] 10067. (PreDnsManager.java:157)     PreDnsManager: onEvent DomainPortUpdateEvent parse needSetHost failed, domainPort=r2.in.zb.mi.com:rtmp:80,1935
12-06 11:14:56.418 18075 18411 W WatchSdk_com.mi.liveassistant: [18075] 10067. (PreDnsManager.java:160)     PreDnsManager: onEvent DomainPortUpdateEvent key=r2.in.zb.mi.com_rtmp, needSetHost=false, port=[80, 1935]
12-06 11:14:56.418 18075 18411 W WatchSdk_com.mi.liveassistant: [18075] 10067. (PreDnsManager.java:157)     PreDnsManager: onEvent DomainPortUpdateEvent parse needSetHost failed, domainPort=r2.int.zb.mi.com:rtmp:80,1935
12-06 11:14:56.418 18075 18411 W WatchSdk_com.mi.liveassistant: [18075] 10067. (PreDnsManager.java:160)     PreDnsManager: onEvent DomainPortUpdateEvent key=r2.int.zb.mi.com_rtmp, needSetHost=false, port=[80, 1935]
12-06 11:14:56.419 18075 18411 W WatchSdk_com.mi.liveassistant: [18075] 10067. (PreDnsManager.java:157)     PreDnsManager: onEvent DomainPortUpdateEvent parse needSetHost failed, domainPort=r2.by.zb.mi.com:rtmp:1935
12-06 11:14:56.419 18075 18411 W WatchSdk_com.mi.liveassistant: [18075] 10067. (PreDnsManager.java:160)     PreDnsManager: onEvent DomainPortUpdateEvent key=r2.by.zb.mi.com_rtmp, needSetHost=false, port=[1935]
12-06 11:14:56.419 18075 18411 W WatchSdk_com.mi.liveassistant: [18075] 10067. (PreDnsManager.java:157)     PreDnsManager: onEvent DomainPortUpdateEvent parse needSetHost failed, domainPort=udp.r2.zb.mi.com:rtmp-udp:8080,443
12-06 11:14:56.420 18075 18411 W WatchSdk_com.mi.liveassistant: [18075] 10067. (PreDnsManager.java:160)     PreDnsManager: onEvent DomainPortUpdateEvent key=udp.r2.zb.mi.com_rtmp-udp, needSetHost=false, port=[8080, 443]
12-06 11:14:56.421 18075 18075 W WatchSdk_com.mi.liveassistant: [18075] 1. (PreDnsManager.java:232)     PreDnsManager: fetchIpSetForDomainList domainSet=[v2.zb.mi.com, v2.pandora.zb.mi.com, playback.ks.zb.mi.com, v2.ks.zb.mi.com, v2.by.zb.mi.com, r2.zb.mi.com, r2.in.zb.mi.com, r2.int.zb.mi.com, r2.by.zb.mi.com, udp.r2.zb.mi.com]
12-06 11:14:56.844   334   449 I ThermalEngine: Sensor:batt_temp:332 mC
12-06 11:14:56.969 18075 18154 W SessionForSimpleChannel(MiLinkSDK)(WALI_LIVE_SDK): Thread-10050=>userId=8460406177931097,accountManager.getCurrentAccount():com.mi.milink.sdk.a.b@14eeb93
12-06 11:14:56.970 18075 18154 W SessionForSimpleChannel(MiLinkSDK)(WALI_LIVE_SDK): Thread-10050=>wid=8460406177931097
12-06 11:14:56.973 18075 18131 W SessionManagerForSimpleChannel(MiLinkSDK)(WALI_LIVE_SDK): SessionManagerForSimpleChannel=>SessionLoginEvent LoginSuccess
12-06 11:14:56.974 18075 18124 W WatchSdk_com.mi.liveassistant: [18075] 10032. (ExtraDataHandler.java:58)     ExtraDataHandler': DATA_CHANNEL_ANONYMOUSWID_EXTRA_CMD
12-06 11:14:56.976 18075 18131 W WatchSdk_com.mi.liveassistant: [18075] 10039. (MiLinkChannelStatusObserver.java:21)     MiLinkChannelStatusObserver onLoginStateUpdate ,i=2
12-06 11:14:56.977 18075 18131 W SessionManagerForSimpleChannel(MiLinkSDK)(WALI_LIVE_SDK): SessionManagerForSimpleChannel=>SessionOtherEvent RequestMapIsEmpty
12-06 11:14:56.979 18075 18124 D EventBus: No subscribers registered for event class com.mi.live.data.account.b.c
12-06 11:14:56.979 18075 18124 D EventBus: No subscribers registered for event class org.greenrobot.eventbus.NoSubscriberEvent
12-06 11:14:56.981 18075 18124 W WatchSdk_com.mi.liveassistant: [18075] 10032. (ExtraDataHandler.java:64)     ExtraDataHandler': channel anonymousId:8460406177931097
12-06 11:14:57.688 15278 15289 I art     : Background sticky concurrent mark sweep GC freed 184633(21MB) AllocSpace objects, 471(7MB) LOS objects, 37% free, 46MB/73MB, paused 10.326ms total 260.478ms
12-06 11:14:57.763  3312  3312 D wpa_supplicant: wlan0: Control interface command 'SIGNAL_POLL'
12-06 11:14:57.765  3312  3312 D wpa_supplicant: CTRL-DEBUG: global_ctrl_sock-sendto: sock=11 sndbuf=163840 outq=0 send_len=48
12-06 11:14:57.846   334   449 I ThermalEngine: Sensor:batt_temp:332 mC
12-06 11:14:58.076 15552 15630 W System  : ClassLoader referenced unknown path: /system/framework/tcmclient.jar
12-06 11:14:58.415   334   432 I ThermalEngine: Sensor:tsens_tz_sensor5:50000 mC
12-06 11:14:58.417   334   460 I ThermalEngine: Sensor:tsens_tz_sensor5:50000 mC
12-06 11:14:58.417   334   460 I ThermalEngine: TM Id 'CPU0_MONITOR' Sensor 'cpu0' - alarm cleared 1 at 50.0 degC
12-06 11:14:58.418   334   460 I ThermalEngine: ACTION: CPU - Setting CPU[0] to 2457600
12-06 11:14:58.419   334   460 I ThermalEngine: Mitigation:CPU[0]:2457600 Khz
12-06 11:14:58.419   334   460 I ThermalEngine: ACTION: CPU - Setting CPU[1] to 2457600
12-06 11:14:58.420   334   460 E ThermalEngine: Failed to set desired CPU[1] frequency limit to 2457600
12-06 11:14:58.420   334   460 I ThermalEngine: ACTION: CPU - Setting CPU[2] to 2457600
12-06 11:14:58.420   334   460 E ThermalEngine: Failed to set desired CPU[2] frequency limit to 2457600
12-06 11:14:58.420   334   460 I ThermalEngine: ACTION: CPU - Setting CPU[3] to 2457600
12-06 11:14:58.421   334   460 I ThermalEngine: Mitigation:CPU[3]:2457600 Khz
12-06 11:14:58.536   286  1976 E NetlinkEvent: NetlinkEvent::FindParam(): Parameter 'TIME_NS' not found
12-06 11:14:58.536   286  1976 E NetlinkEvent: NetlinkEvent::FindParam(): Parameter 'UID' not found
12-06 11:14:58.719  3027  3027 V SyncNotificationUtils: sendSyncingBroadcast: true
12-06 11:14:58.726  3027  3027 V SyncNotificationUtils: sendSyncingBroadcast: true
12-06 11:14:58.847   334   449 I ThermalEngine: Sensor:batt_temp:332 mC
12-06 11:14:59.091  1751  1792 I ActivityManager: Start proc 18423:com.tencent.mm:exdevice/u0a94 for service com.tencent.mm/.plugin.sport.service.SportService
12-06 11:14:59.193 18075 18410 E WatchSdk_com.mi.liveassistant: [18075] 10066. (NetworkUtils.java:476)    ┌ : java.io.InterruptedIOException: thread interrupted
12-06 11:14:59.196 18075 18410 E WatchSdk_com.mi.liveassistant: [18075] 10066. (NetworkUtils.java:476)    │	at com.android.okhttp.okio.Timeout.throwIfReached(Timeout.java:145)
12-06 11:14:59.197 18075 18410 E WatchSdk_com.mi.liveassistant: [18075] 10066. (NetworkUtils.java:476)    │	at com.android.okhttp.okio.Okio$1.write(Okio.java:73)
12-06 11:14:59.198 18075 18410 E WatchSdk_com.mi.liveassistant: [18075] 10066. (NetworkUtils.java:476)    │	at com.android.okhttp.okio.AsyncTimeout$1.write(AsyncTimeout.java:155)
12-06 11:14:59.199 18075 18410 E WatchSdk_com.mi.liveassistant: [18075] 10066. (NetworkUtils.java:476)    │	at com.android.okhttp.okio.RealBufferedSink.flush(RealBufferedSink.java:221)
12-06 11:14:59.199 18075 18410 E WatchSdk_com.mi.liveassistant: [18075] 10066. (NetworkUtils.java:476)    │	at com.android.okhttp.internal.http.HttpConnection.flush(HttpConnection.java:141)
12-06 11:14:59.199 18075 18410 E WatchSdk_com.mi.liveassistant: [18075] 10066. (NetworkUtils.java:476)    │	at com.android.okhttp.internal.http.HttpTransport.finishRequest(HttpTransport.java:52)
12-06 11:14:59.199 18075 18410 E WatchSdk_com.mi.liveassistant: [18075] 10066. (NetworkUtils.java:476)    │	at com.android.okhttp.internal.http.HttpEngine.readNetworkResponse(HttpEngine.java:903)
12-06 11:14:59.199 18075 18410 E WatchSdk_com.mi.liveassistant: [18075] 10066. (NetworkUtils.java:476)    │	at com.android.okhttp.internal.http.HttpEngine.readResponse(HttpEngine.java:789)
12-06 11:14:59.199 18075 18410 E WatchSdk_com.mi.liveassistant: [18075] 10066. (NetworkUtils.java:476)    │	at com.android.okhttp.internal.huc.HttpURLConnectionImpl.execute(HttpURLConnectionImpl.java:443)
12-06 11:14:59.199 18075 18410 E WatchSdk_com.mi.liveassistant: [18075] 10066. (NetworkUtils.java:476)    │	at com.android.okhttp.internal.huc.HttpURLConnectionImpl.getResponse(HttpURLConnectionImpl.java:388)
12-06 11:14:59.199 18075 18410 E WatchSdk_com.mi.liveassistant: [18075] 10066. (NetworkUtils.java:476)    │	at com.android.okhttp.internal.huc.HttpURLConnectionImpl.getResponseCode(HttpURLConnectionImpl.java:501)
12-06 11:14:59.200 18075 18410 E WatchSdk_com.mi.liveassistant: [18075] 10066. (NetworkUtils.java:476)    │	at com.base.l.g.c.a(NetworkUtils.java:448)
12-06 11:14:59.200 18075 18410 E WatchSdk_com.mi.liveassistant: [18075] 10066. (NetworkUtils.java:476)    │	at com.base.l.g.c.a(NetworkUtils.java:415)
12-06 11:14:59.200 18075 18410 E WatchSdk_com.mi.liveassistant: [18075] 10066. (NetworkUtils.java:476)    │	at com.base.l.g.a.a(DnsPodUtils.java:38)
12-06 11:14:59.200 18075 18410 E WatchSdk_com.mi.liveassistant: [18075] 10066. (NetworkUtils.java:476)    │	at com.wali.live.b.c.d(PreDnsManager.java:308)
12-06 11:14:59.200 18075 18410 E WatchSdk_com.mi.liveassistant: [18075] 10066. (NetworkUtils.java:476)    │	at com.wali.live.b.c$4.a(PreDnsManager.java:243)
12-06 11:14:59.200 18075 18410 E WatchSdk_com.mi.liveassistant: [18075] 10066. (NetworkUtils.java:476)    │	at com.wali.live.b.c$4.call(PreDnsManager.java:239)
12-06 11:14:59.200 18075 18410 E WatchSdk_com.mi.liveassistant: [18075] 10066. (NetworkUtils.java:476)    │	at rx.internal.operators.OperatorMap$1.onNext(OperatorMap.java:54)
12-06 11:14:59.200 18075 18410 E WatchSdk_com.mi.liveassistant: [18075] 10066. (NetworkUtils.java:476)    │	at rx.internal.operators.OnSubscribeFromIterable$IterableProducer.slowpath(OnSubscribeFromIterable.java:97)
12-06 11:14:59.200 18075 18410 E WatchSdk_com.mi.liveassistant: [18075] 10066. (NetworkUtils.java:476)    │	at rx.internal.operators.OnSubscribeFromIterable$IterableProducer.request(OnSubscribeFromIterable.java:73)
12-06 11:14:59.200 18075 18410 E WatchSdk_com.mi.liveassistant: [18075] 10066. (NetworkUtils.java:476)    │	at rx.internal.operators.OperatorSubscribeOn$1$1$1$1.request(OperatorSubscribeOn.java:88)
12-06 11:14:59.200 18075 18410 E WatchSdk_com.mi.liveassistant: [18075] 10066. (NetworkUtils.java:476)    │	at rx.Subscriber.setProducer(Subscriber.java:211)
12-06 11:14:59.200 18075 18410 E WatchSdk_com.mi.liveassistant: [18075] 10066. (NetworkUtils.java:476)    │	at rx.internal.operators.OperatorSubscribeOn$1$1$1.setProducer(OperatorSubscribeOn.java:81)
12-06 11:14:59.200 18075 18410 E WatchSdk_com.mi.liveassistant: [18075] 10066. (NetworkUtils.java:476)    │	at rx.Subscriber.setProducer(Subscriber.java:205)
12-06 11:14:59.200 18075 18410 E WatchSdk_com.mi.liveassistant: [18075] 10066. (NetworkUtils.java:476)    │	at rx.internal.operators.OnSubscribeFromIterable.call(OnSubscribeFromIterable.java:49)
12-06 11:14:59.200 18075 18410 E WatchSdk_com.mi.liveassistant: [18075] 10066. (NetworkUtils.java:476)    │	at rx.internal.operators.OnSubscribeFromIterable.call(OnSubscribeFromIterable.java:32)
12-06 11:14:59.201 18075 18410 E WatchSdk_com.mi.liveassistant: [18075] 10066. (NetworkUtils.java:476)    │	at rx.Observable$2.call(Observable.java:162)
12-06 11:14:59.201 18075 18410 E WatchSdk_com.mi.liveassistant: [18075] 10066. (NetworkUtils.java:476)    │	at rx.Observable$2.call(Observable.java:154)
12-06 11:14:59.201 18075 18410 E WatchSdk_com.mi.liveassistant: [18075] 10066. (NetworkUtils.java:476)    │	at rx.Observable.unsafeSubscribe(Observable.java:8098)
12-06 11:14:59.201 18075 18410 E WatchSdk_com.mi.liveassistant: [18075] 10066. (NetworkUtils.java:476)    │	at rx.internal.operators.OperatorSubscribeOn$1$1.call(OperatorSubscribeOn.java:62)
12-06 11:14:59.201 18075 18410 E WatchSdk_com.mi.liveassistant: [18075] 10066. (NetworkUtils.java:476)    │	at rx.internal.schedulers.ScheduledAction.run(ScheduledAction.java:55)
12-06 11:14:59.201 18075 18410 E WatchSdk_com.mi.liveassistant: [18075] 10066. (NetworkUtils.java:476)    │	at java.util.concurrent.Executors$RunnableAdapter.call(Executors.java:423)
12-06 11:14:59.201 18075 18410 E WatchSdk_com.mi.liveassistant: [18075] 10066. (NetworkUtils.java:476)    │	at java.util.concurrent.FutureTask.run(FutureTask.java:237)
12-06 11:14:59.201 18075 18410 E WatchSdk_com.mi.liveassistant: [18075] 10066. (NetworkUtils.java:476)    │	at java.util.concurrent.ScheduledThreadPoolExecutor$ScheduledFutureTask.access$201(ScheduledThreadPoolExecutor.java:154)
12-06 11:14:59.201 18075 18410 E WatchSdk_com.mi.liveassistant: [18075] 10066. (NetworkUtils.java:476)    │	at java.util.concurrent.ScheduledThreadPoolExecutor$ScheduledFutureTask.run(ScheduledThreadPoolExecutor.java:269)
12-06 11:14:59.201 18075 18410 E WatchSdk_com.mi.liveassistant: [18075] 10066. (NetworkUtils.java:476)    │	at java.util.concurrent.ThreadPoolExecutor.runWorker(ThreadPoolExecutor.java:1113)
12-06 11:14:59.201 18075 18410 E WatchSdk_com.mi.liveassistant: [18075] 10066. (NetworkUtils.java:476)    │	at java.util.concurrent.ThreadPoolExecutor$Worker.run(ThreadPoolExecutor.java:588)
12-06 11:14:59.201 18075 18410 E WatchSdk_com.mi.liveassistant: [18075] 10066. (NetworkUtils.java:476)    │	at java.lang.Thread.run(Thread.java:818)
12-06 11:14:59.202  1751  4193 I ActivityManager: com.tencent.mobileqq:TMAssistantDownloadSDKService adjSource is com.tencent.mobileqq
12-06 11:14:59.213 18075 18410 W WatchSdk_com.mi.liveassistant: [18075] 10066. (DnsPodUtils.java:39)     com.base.l.g.a http://119.29.29.29/d?dn=23134be0687e2a40e76e630ef9db8bb9&id=131&ttl=1 result=
12-06 11:14:59.214 18075 18410 E WatchSdk_com.mi.liveassistant: [18075] 10066. (DnsPodUtils.java:47)     com.base.l.g.a: getAddressByHostDnsPod failed: javax.crypto.IllegalBlockSizeException: last block incomplete in decryption
12-06 11:14:59.217  1751  1793 V UidProcStateHelper: process state changed:[18423,10094,10]
12-06 11:14:59.220 18075 18410 W WatchSdk_com.mi.liveassistant: [18075] 10066. (PreDnsManager.java:310)     PreDnsManager: getHttpDnsIpSet failed retry
12-06 11:14:59.227 18075 18410 W WatchSdk_com.mi.liveassistant: [18075] 10066. (DnsPodUtils.java:37)     com.base.l.g.a start dnspod
12-06 11:14:59.233 18075 18410 I Dozen   :  url : http://119.29.29.29/d, str params : id=131&ttl=1&dn=23134be0687e2a40e76e630ef9db8bb9
12-06 11:14:59.372  3027  7749 D com.xiaomi.common.Network: Http POST Response Code: 200
12-06 11:14:59.563 18423 18423 I Recovery.JniCrash: JNI_OnLoad
12-06 11:14:59.819  1751 27728 W ActivityManager: cann't getContentProviderImpl: com.tencent.mm.coolassist.debugprovider, cpi is null. 
12-06 11:14:59.819 18423 18423 E ActivityThread: Failed to find provider info for com.tencent.mm.coolassist.debugprovider
12-06 11:14:59.849   334   449 I ThermalEngine: Sensor:batt_temp:333 mC
12-06 11:15:00.002  1751  1751 I ActivityManager: com.tencent.mobileqq:TMAssistantDownloadSDKService adjSource is com.tencent.mobileqq
12-06 11:15:00.005  2890  9756 I art     : Note: end time exceeds epoch: 
12-06 11:15:00.005  2890  9756 I art     : Note: end time exceeds epoch: 
12-06 11:15:00.020  1751  3706 I ActivityManager: com.tencent.mobileqq:TMAssistantDownloadSDKService adjSource is com.tencent.mobileqq
12-06 11:15:00.020  2890  9756 I art     : Note: end time exceeds epoch: 
12-06 11:15:00.021  2890  9756 I art     : Note: end time exceeds epoch: 
12-06 11:15:00.031  1751  1774 I ActivityManager: com.tencent.mobileqq:TMAssistantDownloadSDKService adjSource is com.tencent.mobileqq
12-06 11:15:00.033  1751  4276 I ActivityManager: com.tencent.mobileqq:TMAssistantDownloadSDKService adjSource is com.tencent.mobileqq
12-06 11:15:00.035  1751  3032 I ActivityManager: com.tencent.mobileqq:TMAssistantDownloadSDKService adjSource is com.tencent.mobileqq
12-06 11:15:00.035  1751  3032 I ActivityManager: com.tencent.mobileqq:TMAssistantDownloadSDKService adjSource is com.tencent.mobileqq
12-06 11:15:00.085  1751  2946 I ActivityManager: Process com.android.musicfx (pid 17773) has died
12-06 11:15:00.086  1751  2946 D ActivityManager: cleanUpApplicationRecord -- 17773
12-06 11:15:00.087  1751  1793 V UidProcStateHelper: process died:[17773,10017]
12-06 11:15:00.088  1751  2946 I ActivityManager: com.tencent.mobileqq:TMAssistantDownloadSDKService adjSource is com.tencent.mobileqq
12-06 11:15:00.088  3262  4205 D PowerChecker.Notify: removeNotification, type = 0, uid = 10017, pkg = null
12-06 11:15:00.091  1751  4994 I ActivityManager: Process com.xiaomi.simactivate.service (pid 17822) has died
12-06 11:15:00.092  1751  4994 D ActivityManager: cleanUpApplicationRecord -- 17822
12-06 11:15:00.092  1751  1793 V UidProcStateHelper: process died:[17822,10160]
12-06 11:15:00.092  1751  4994 I ActivityManager: com.tencent.mobileqq:TMAssistantDownloadSDKService adjSource is com.tencent.mobileqq
12-06 11:15:00.094  3262  4205 D PowerChecker.Notify: removeNotification, type = 0, uid = 10160, pkg = null
12-06 11:15:00.102  1751 11220 I ActivityManager: Process com.xiaomi.vipaccount (pid 17858) has died
12-06 11:15:00.103  1751 11220 D ActivityManager: cleanUpApplicationRecord -- 17858
12-06 11:15:00.104  1751 11220 I ActivityManager: com.tencent.mobileqq:TMAssistantDownloadSDKService adjSource is com.tencent.mobileqq
12-06 11:15:00.106  1751 11220 I ActivityManager: com.tencent.mobileqq:TMAssistantDownloadSDKService adjSource is com.tencent.mobileqq
12-06 11:15:00.108  1751  1793 V UidProcStateHelper: process state changed:[17925,10173,10]
12-06 11:15:00.109  1751  1793 V UidProcStateHelper: process died:[17858,10173]
12-06 11:15:00.110  3262  4205 D PowerChecker.Notify: removeNotification, type = 0, uid = 10173, pkg = null
12-06 11:15:00.113  1751  8899 I ActivityManager: com.tencent.mobileqq:TMAssistantDownloadSDKService adjSource is com.tencent.mobileqq
12-06 11:15:00.114  1751  1793 V UidProcStateHelper: process state changed:[17925,10173,16]
12-06 11:15:00.142 18423 18423 W jni crash monitor: JNI_OnLoad
12-06 11:15:00.274   334   432 I ThermalEngine: Sensor:tsens_tz_sensor5:55000 mC
12-06 11:15:00.276   334   460 I ThermalEngine: Sensor:tsens_tz_sensor5:55000 mC
12-06 11:15:00.276   334   460 I ThermalEngine: TM Id 'CPU0_MONITOR' Sensor 'cpu0' - alarm raised 1 at 55.0 degC
12-06 11:15:00.276   334   460 I ThermalEngine: ACTION: CPU - Setting CPU[0] to 1728000
12-06 11:15:00.277   334   460 I ThermalEngine: Mitigation:CPU[0]:1728000 Khz
12-06 11:15:00.277   334   460 I ThermalEngine: ACTION: CPU - Setting CPU[1] to 1728000
12-06 11:15:00.277   334   460 E ThermalEngine: Failed to set desired CPU[1] frequency limit to 1728000
12-06 11:15:00.277   334   460 I ThermalEngine: ACTION: CPU - Setting CPU[2] to 1728000
12-06 11:15:00.277   334   460 E ThermalEngine: Failed to set desired CPU[2] frequency limit to 1728000
12-06 11:15:00.277   334   460 I ThermalEngine: ACTION: CPU - Setting CPU[3] to 1728000
12-06 11:15:00.277   334   460 I ThermalEngine: Mitigation:CPU[3]:1728000 Khz
12-06 11:15:00.311 17912 18223 D Event   : No subscribers registered for event class com.mi.milink.sdk.event.MiLinkEvent$SessionManagerStateChangeEvent
12-06 11:15:00.311 17912 18223 D Event   : No subscribers registered for event class ayz
12-06 11:15:00.769  3312  3312 D wpa_supplicant: wlan0: Control interface command 'SIGNAL_POLL'
12-06 11:15:00.771  3312  3312 D wpa_supplicant: CTRL-DEBUG: global_ctrl_sock-sendto: sock=11 sndbuf=163840 outq=0 send_len=48
12-06 11:15:00.850   334   449 I ThermalEngine: Sensor:batt_temp:332 mC
12-06 11:15:00.875  1751  2811 D WifiService: New client listening to asynchronous messages
12-06 11:15:01.108 17912 18223 D Event   : No subscribers registered for event class com.mi.milink.sdk.event.MiLinkEvent$SessionManagerStateChangeEvent
12-06 11:15:01.108 17912 18223 D Event   : No subscribers registered for event class ayz
12-06 11:15:01.117 11290 11290 W Binder:1751_20: type=1400 audit(0.0:85517): avc: denied { ioctl } for path="socket:[5862591]" dev="sockfs" ino=5862591 ioctlcmd=7704 scontext=u:r:system_server:s0 tcontext=u:r:system_server:s0 tclass=unix_stream_socket permissive=0
12-06 11:15:01.117 11290 11290 W Binder:1751_20: type=1400 audit(0.0:85518): avc: denied { ioctl } for path="socket:[5862591]" dev="sockfs" ino=5862591 ioctlcmd=7704 scontext=u:r:system_server:s0 tcontext=u:r:system_server:s0 tclass=unix_stream_socket permissive=0
12-06 11:15:01.163  1751  8899 I ActivityManager: com.tencent.mobileqq:TMAssistantDownloadSDKService adjSource is com.tencent.mobileqq
12-06 11:15:01.301   334   432 I ThermalEngine: Sensor:tsens_tz_sensor5:50000 mC
12-06 11:15:01.303   334   460 I ThermalEngine: Sensor:tsens_tz_sensor5:50000 mC
12-06 11:15:01.303   334   460 I ThermalEngine: TM Id 'CPU0_MONITOR' Sensor 'cpu0' - alarm cleared 1 at 50.0 degC
12-06 11:15:01.305   334   460 I ThermalEngine: ACTION: CPU - Setting CPU[0] to 2457600
12-06 11:15:01.305   334   460 I ThermalEngine: Mitigation:CPU[0]:2457600 Khz
12-06 11:15:01.306   334   460 I ThermalEngine: ACTION: CPU - Setting CPU[1] to 2457600
12-06 11:15:01.306   334   460 E ThermalEngine: Failed to set desired CPU[1] frequency limit to 2457600
12-06 11:15:01.306   334   460 I ThermalEngine: ACTION: CPU - Setting CPU[2] to 2457600
12-06 11:15:01.307   334   460 E ThermalEngine: Failed to set desired CPU[2] frequency limit to 2457600
12-06 11:15:01.307   334   460 I ThermalEngine: ACTION: CPU - Setting CPU[3] to 2457600
12-06 11:15:01.308   334   460 I ThermalEngine: Mitigation:CPU[3]:2457600 Khz
12-06 11:15:01.851   334   449 I ThermalEngine: Sensor:batt_temp:332 mC
12-06 11:15:02.229 17016 17166 W IdleConnectionHandler: Removing a connection that never existed!
12-06 11:15:02.230 17016 17166 W IdleConnectionHandler: Removing a connection that never existed!
12-06 11:15:02.458 15278 16766 E SQLiteLog: (1) no such table: msg_sync_log
12-06 11:15:02.853   334   449 I ThermalEngine: Sensor:batt_temp:332 mC
12-06 11:15:03.069  1751  1792 I ActivityManager: com.tencent.mobileqq:TMAssistantDownloadSDKService adjSource is com.tencent.mobileqq
12-06 11:15:03.089  1751  4243 I ActivityManager: com.tencent.mobileqq:TMAssistantDownloadSDKService adjSource is com.tencent.mobileqq
12-06 11:15:03.099  1751  1793 V UidProcStateHelper: process state changed:[17912,10038,16]
12-06 11:15:03.099  1751  4243 I ActivityManager: com.tencent.mobileqq:TMAssistantDownloadSDKService adjSource is com.tencent.mobileqq
12-06 11:15:03.197 17912 18483 W System  : ClassLoader referenced unknown path: /system/framework/tcmclient.jar
12-06 11:15:03.287 18075 18124 W WatchSdk_com.mi.liveassistant: [18075] 10032. (ExtraDataHandler.java:29)     ExtraDataHandler': client ip is 210.21.228.42
12-06 11:15:03.288   334   432 I ThermalEngine: Sensor:tsens_tz_sensor5:59000 mC
12-06 11:15:03.290   334   460 I ThermalEngine: Sensor:tsens_tz_sensor5:59000 mC
12-06 11:15:03.290   334   460 I ThermalEngine: TM Id 'CPU0_MONITOR' Sensor 'cpu0' - alarm raised 1 at 59.0 degC
12-06 11:15:03.290   334   460 I ThermalEngine: ACTION: CPU - Setting CPU[0] to 1728000
12-06 11:15:03.290   334   460 I ThermalEngine: Mitigation:CPU[0]:1728000 Khz
12-06 11:15:03.291   334   460 I ThermalEngine: ACTION: CPU - Setting CPU[1] to 1728000
12-06 11:15:03.291   334   460 E ThermalEngine: Failed to set desired CPU[1] frequency limit to 1728000
12-06 11:15:03.291   334   460 I ThermalEngine: ACTION: CPU - Setting CPU[2] to 1728000
12-06 11:15:03.291   334   460 E ThermalEngine: Failed to set desired CPU[2] frequency limit to 1728000
12-06 11:15:03.291   334   460 I ThermalEngine: ACTION: CPU - Setting CPU[3] to 1728000
12-06 11:15:03.291   334   460 I ThermalEngine: Mitigation:CPU[3]:1728000 Khz
12-06 11:15:03.284 18075 18153 W [No:3]Session(MiLinkSDK)(WALI_LIVE_SDK): Thread-10049=>milink server ip:122.13.175.74 port:80 remark:58.83.160.92#124.243.204.126#120.92.2.6
12-06 11:15:03.295 18075 18153 W [No:3]Session(MiLinkSDK)(WALI_LIVE_SDK): Thread-10049=>milink server ip:122.13.72.17 port:80 remark:
12-06 11:15:03.296 18075 18153 W [No:3]Session(MiLinkSDK)(WALI_LIVE_SDK): Thread-10049=>milink server ip:112.80.36.168 port:80 remark:
12-06 11:15:03.297 18075 18131 W SessionManagerForSimpleChannel(MiLinkSDK)(WALI_LIVE_SDK): SessionManagerForSimpleChannel=>SessionConnectEvent SessionBuildSuccess
12-06 11:15:03.298 18075 18131 W SessionManagerForSimpleChannel(MiLinkSDK)(WALI_LIVE_SDK): SessionManagerForSimpleChannel=>Session No:4 is AbandonSession return 
12-06 11:15:03.345 18075 18131 W SessionManagerForSimpleChannel(MiLinkSDK)(WALI_LIVE_SDK): SessionManagerForSimpleChannel=>Session No:4 is AbandonSession return 
12-06 11:15:03.417   334   432 I ThermalEngine: Sensor:tsens_tz_sensor5:50000 mC
12-06 11:15:03.418   334   460 I ThermalEngine: Sensor:tsens_tz_sensor5:50000 mC
12-06 11:15:03.418   334   460 I ThermalEngine: TM Id 'CPU0_MONITOR' Sensor 'cpu0' - alarm cleared 1 at 50.0 degC
12-06 11:15:03.419   334   460 I ThermalEngine: ACTION: CPU - Setting CPU[0] to 2457600
12-06 11:15:03.420   334   460 I ThermalEngine: Mitigation:CPU[0]:2457600 Khz
12-06 11:15:03.420   334   460 I ThermalEngine: ACTION: CPU - Setting CPU[1] to 2457600
12-06 11:15:03.420   334   460 E ThermalEngine: Failed to set desired CPU[1] frequency limit to 2457600
12-06 11:15:03.420   334   460 I ThermalEngine: ACTION: CPU - Setting CPU[2] to 2457600
12-06 11:15:03.420   334   460 E ThermalEngine: Failed to set desired CPU[2] frequency limit to 2457600
12-06 11:15:03.420   334   460 I ThermalEngine: ACTION: CPU - Setting CPU[3] to 2457600
12-06 11:15:03.420   334   460 I ThermalEngine: Mitigation:CPU[3]:2457600 Khz
12-06 11:15:03.746  3027  3027 V SyncNotificationUtils: sendSyncingBroadcast: true
12-06 11:15:03.755  3027  3027 V SyncNotificationUtils: sendSyncingBroadcast: true
12-06 11:15:03.773  3312  3312 D wpa_supplicant: wlan0: Control interface command 'SIGNAL_POLL'
12-06 11:15:03.776  3312  3312 D wpa_supplicant: CTRL-DEBUG: global_ctrl_sock-sendto: sock=11 sndbuf=163840 outq=0 send_len=48
12-06 11:15:03.854   334   449 I ThermalEngine: Sensor:batt_temp:333 mC
12-06 11:15:04.502 18075 18410 I com.base.l.g.c: http POST Response Code: 200
12-06 11:15:04.511 18075 18410 W WatchSdk_com.mi.liveassistant: [18075] 10066. (DnsPodUtils.java:39)     com.base.l.g.a http://119.29.29.29/d?dn=23134be0687e2a40e76e630ef9db8bb9&id=131&ttl=1 result=803a4c5627cedd7e081de798c0227da4a21f2f0bbfad2e82d2a3d76dd4352f38
12-06 11:15:04.519 18075 18410 W WatchSdk_com.mi.liveassistant: [18075] 10066. (DnsPodUtils.java:43)     com.base.l.g.a decryptedString=211.97.76.71;163.177.243.242,33
12-06 11:15:04.526 18075 18410 W WatchSdk_com.mi.liveassistant: [18075] 10066. (PreDnsManager.java:328)     PreDnsManager: getHttpDnsIpSet domain=v2.zb.mi.com, ipList=[211.97.76.71, 163.177.243.242]
12-06 11:15:04.529 18075 18410 W WatchSdk_com.mi.liveassistant: [18075] 10066. (PreDnsManager.java:282)     PreDnsManager: getLocalDnsIpSet domain=v2.zb.mi.com
12-06 11:15:04.856   334   449 I ThermalEngine: Sensor:batt_temp:333 mC
12-06 11:15:05.781 18075 18410 W WatchSdk_com.mi.liveassistant: [18075] 10066. (PreDnsManager.java:297)     PreDnsManager: getLocalDnsIpSet domain=v2.zb.mi.com, ipList=[112.90.213.70]
12-06 11:15:05.857   334   449 I ThermalEngine: Sensor:batt_temp:333 mC
12-06 11:15:05.861   286  1983 E Parcel  : Reading a NULL string not supported here.
12-06 11:15:05.881   286  1983 E Parcel  : Reading a NULL string not supported here.
12-06 11:15:05.984 15215 15362 E Market-ConnectionRSA: get key exception : com.android.org.bouncycastle.util.encoders.DecoderException: unable to decode base64 string: invalid characters encountered in base64 data
12-06 11:15:06.781  3312  3312 D wpa_supplicant: wlan0: Control interface command 'SIGNAL_POLL'
12-06 11:15:06.785  3312  3312 D wpa_supplicant: CTRL-DEBUG: global_ctrl_sock-sendto: sock=11 sndbuf=163840 outq=0 send_len=48
12-06 11:15:06.860   334   449 I ThermalEngine: Sensor:batt_temp:333 mC
12-06 11:15:07.239  1751  2778 D NtpTrustedTime: currentTimeMillis() cache hit
12-06 11:15:07.270 18075 18410 W WatchSdk_com.mi.liveassistant: [18075] 10066. (AppNetworkUtils.java:85)     NetWorkHorse resultList[211.97.76.71=578.2, 163.177.243.242=583.4]
12-06 11:15:07.271 18075 18410 W WatchSdk_com.mi.liveassistant: [18075] 10066. (AppNetworkUtils.java:93)     NetWorkHorseList[211.97.76.71, 163.177.243.242]
12-06 11:15:07.272 18075 18410 W WatchSdk_com.mi.liveassistant: [18075] 10066. (PreDnsManager.java:304)     PreDnsManager: getHttpDnsIpSet domain=v2.zb.mi.com
12-06 11:15:07.272 18075 18410 W WatchSdk_com.mi.liveassistant: [18075] 10066. (DnsPodUtils.java:37)     com.base.l.g.a start dnspod
12-06 11:15:07.282 18075 18410 I Dozen   :  url : http://119.29.29.29/d, str params : id=131&ttl=1&dn=23134be0687e2a40e76e630ef9db8bb9
12-06 11:15:07.287  1751  2778 I TetherStatsReporting: getTetherStats() called NetworkStats: elapsedRealtime=508546883
12-06 11:15:07.287  1751  2778 I TetherStatsReporting:   [0] iface=wlan0 uid=0 set=DEFAULT tag=0x0 rxBytes=11383664 rxPackets=101136 txBytes=2660395 txPackets=35903 operations=0
12-06 11:15:07.287  1751  2778 I TetherStatsReporting:   [1] iface=wlan0 uid=0 set=FOREGROUND tag=0x0 rxBytes=0 rxPackets=0 txBytes=0 txPackets=0 operations=0
12-06 11:15:07.287  1751  2778 I TetherStatsReporting:   [2] iface=wlan0 uid=1000 set=DEFAULT tag=0x0 rxBytes=6683749 rxPackets=9829 txBytes=1874159 txPackets=12773 operations=0
12-06 11:15:07.287  1751  2778 I TetherStatsReporting:   [3] iface=wlan0 uid=1000 set=FOREGROUND tag=0x0 rxBytes=0 rxPackets=0 txBytes=0 txPackets=0 operations=0
12-06 11:15:07.287  1751  2778 I TetherStatsReporting:   [4] iface=wlan0 uid=9801 set=DEFAULT tag=0x0 rxBytes=210384 rxPackets=439 txBytes=101316 txPackets=617 operations=0
12-06 11:15:07.287  1751  2778 I TetherStatsReporting:   [5] iface=wlan0 uid=9801 set=FOREGROUND tag=0x0 rxBytes=0 rxPackets=0 txBytes=0 txPackets=0 operations=0
12-06 11:15:07.287  1751  2778 I TetherStatsReporting:   [6] iface=wlan0 uid=9802 set=DEFAULT tag=0x0 rxBytes=56295062 rxPackets=38230 txBytes=799051 txPackets=18946 operations=0
12-06 11:15:07.287  1751  2778 I TetherStatsReporting:   [7] iface=wlan0 uid=9802 set=FOREGROUND tag=0x0 rxBytes=0 rxPackets=0 txBytes=0 txPackets=0 operations=0
12-06 11:15:07.287  1751  2778 I TetherStatsReporting:   [8] iface=wlan0 uid=9810 set=DEFAULT tag=0x0 rxBytes=113851 rxPackets=164 txBytes=26527 txPackets=208 operations=0
12-06 11:15:07.287  1751  2778 I TetherStatsReporting:   [9] iface=wlan0 uid=9810 set=FOREGROUND tag=0x0 rxBytes=0 rxPackets=0 txBytes=0 txPackets=0 operations=0
12-06 11:15:07.287  1751  2778 I TetherStatsReporting:   [10] iface=wlan0 uid=10000 set=DEFAULT tag=0x0 rxBytes=387506 rxPackets=1121 txBytes=440870 txPackets=1568 operations=0
12-06 11:15:07.287  1751  2778 I TetherStatsReporting:   [11] iface=wlan0 uid=10000 set=FOREGROUND tag=0x0 rxBytes=0 rxPackets=0 txBytes=0 txPackets=0 operations=0
12-06 11:15:07.287  1751  2778 I TetherStatsReporting:   [12] iface=wlan0 uid=10003 set=DEFAULT tag=0x0 rxBytes=611461 rxPackets=463 txBytes=31274 txPackets=293 operations=0
12-06 11:15:07.287  1751  2778 I TetherStatsReporting:   [13] iface=wlan0 uid=10003 set=FOREGROUND tag=0x0 rxBytes=307115 rxPackets=258 txBytes=23403 txPackets=286 operations=0
12-06 11:15:07.287  1751  2778 I TetherStatsReporting:   [14] iface=wlan0 uid=10004 set=DEFAULT tag=0x0 rxBytes=69511 rxPackets=110 txBytes=19530 txPackets=139 operations=0
12-06 11:15:07.287  1751  2778 I TetherStatsReporting:   [15] iface=wlan0 uid=10004 set=FOREGROUND tag=0x0 rxBytes=0 rxPackets=0 txBytes=0 txPackets=0 operations=0
12-06 11:15:07.287  1751  2778 I TetherStatsReporting:   [16] iface=wlan0 uid=10006 set=DEFAULT tag=0x0 rxBytes=565331 rxPackets=410 txBytes=20076 txPackets=385 operations=0
12-06 11:15:07.287  1751  2778 I TetherStatsReporting:   [17] iface=wlan0 uid=10006 set=FOREGROUND tag=0x0 rxBytes=0 rxPackets=0 txBytes=0 txPackets=0 operations=0
12-06 11:15:07.287  1751  2778 I TetherStatsReporting:   [18] iface=wlan0 uid=10008 set=DEFAULT tag=0x0 rxBytes=97381 rxPackets=431 txBytes=144175 txPackets=598 operations=13
12-06 11:15:07.287  1751  2778 I TetherStatsReporting:   [19] iface=wlan0 uid=10008 set=FOREGROUND tag=0x0 rxBytes=0 rxPackets=0 txBytes=0 txPackets=0 operations=0
12-06 11:15:07.287  1751  2778 I TetherStatsReporting:   [20] iface=wlan0 uid=10013 set=DEFAULT tag=0x0 rxBytes=213745 rxPackets=351 txBytes=236975 txPackets=434 operations=0
12-06 11:15:07.287  1751  2778 I TetherStatsReporting:   [21] iface=wlan0 uid=10013 set=FOREGROUND tag=0x0 rxBytes=0 rxPackets=0 txBytes=0 txPackets=0 operations=0
12-06 11:15:07.287  1751  2778 I TetherStatsReporting:   [22] iface=wlan0 uid=10015 set=DEFAULT tag=0x0 rxBytes=19309 rxPackets=20 txBytes=1569 txPackets=24 operations=0
12-06 11:15:07.287  1751  2778 I TetherStatsReporting:   [23] iface=wlan0 uid=10015 set=FOREGROUND tag=0x0 rxBytes=0 rxPackets=0 txBytes=0 txPackets=0 operations=0
12-06 11:15:07.287  1751  2778 I TetherStatsReporting:   [24] iface=wlan0 uid=10023 set=DEFAULT tag=0x0 rxBytes=1373726 rxPackets=2529 txBytes=559231 txPackets=3210 operations=0
12-06 11:15:07.287  1751  2778 I TetherStatsReporting:   [25] iface=wlan0 uid=10023 set=FOREGROUND tag=0x0 rxBytes=0 rxPackets=0 txBytes=0 txPackets=0 operations=0
12-06 11:15:07.287  1751  2778 I TetherStatsReporting:   [26] iface=wlan0 uid=10031 set=DEFAULT tag=0x0 rxBytes=26366 rxPackets=155 txBytes=79633 txPackets=214 operations=0
12-06 11:15:07.287  1751  2778 I TetherStatsReporting:   [27] iface=wlan0 uid=10031 set=FOREGROUND tag=0x0 rxBytes=0 rxPackets=0 txBytes=0 txPackets=0 operations=0
12-06 11:15:07.287  1751  2778 I TetherStatsReporting:   [28] iface=wlan0 uid=10038 set=DEFAULT tag=0x0 rxBytes=16696599 rxPackets=14866 txBytes=2337947 txPackets=10327 operations=0
12-06 11:15:07.287  1751  2778 I TetherStatsReporting:   [29] iface=wlan0 uid=10038 set=FOREGROUND tag=0x0 rxBytes=0 rxPackets=0 txBytes=0 txPackets=0 operations=0
12-06 11:15:07.287  1751  2778 I TetherStatsReporting:   [30] iface=wlan0 uid=10039 set=DEFAULT tag=0x0 rxBytes=90188 rxPackets=416 txBytes=136879 txPackets=671 operations=0
12-06 11:15:07.287  1751  2778 I TetherStatsReporting:   [31] iface=wlan0 uid=10039 set=FOREGROUND tag=0x0 rxBytes=0 rxPackets=0 txBytes=0 txPackets=0 operations=0
12-06 11:15:07.287  1751  2778 I TetherStatsReporting:   [32] iface=wlan0 uid=10052 set=DEFAULT tag=0x0 rxBytes=808541157 rxPackets=561999 txBytes=29860269 txPackets=490021 operations=0
12-06 11:15:07.287  1751  2778 I TetherStatsReporting:   [33] iface=wlan0 uid=10052 set=FOREGROUND tag=0x0 rxBytes=0 rxPackets=0 txBytes=0 txPackets=0 operations=0
12-06 11:15:07.287  1751  2778 I TetherStatsReporting:   [34] iface=wlan0 uid=10053 set=DEFAULT tag=0x0 rxBytes=69606 rxPackets=195 txB
12-06 11:15:07.287  1751  2778 I TetherStatsReporting: binding to service
12-06 11:15:07.358  1751  2778 D NtpTrustedTime: currentTimeMillis() cache hit
12-06 11:15:07.373  1751  2779 D NtpTrustedTime: currentTimeMillis() cache hit
12-06 11:15:07.374  3107  4265 I TrafficManageService: mina mTrafficStatsReceiver onReceive
12-06 11:15:07.647 18075 18410 I com.base.l.g.c: http POST Response Code: 200
12-06 11:15:07.652 18075 18410 W WatchSdk_com.mi.liveassistant: [18075] 10066. (DnsPodUtils.java:39)     com.base.l.g.a http://119.29.29.29/d?dn=23134be0687e2a40e76e630ef9db8bb9&id=131&ttl=1 result=803a4c5627cedd7e081de798c0227da4a21f2f0bbfad2e8288f9598218ca2209
12-06 11:15:07.658 18075 18410 W WatchSdk_com.mi.liveassistant: [18075] 10066. (DnsPodUtils.java:43)     com.base.l.g.a decryptedString=211.97.76.71;163.177.243.242,56
12-06 11:15:07.660 18075 18410 W WatchSdk_com.mi.liveassistant: [18075] 10066. (PreDnsManager.java:328)     PreDnsManager: getHttpDnsIpSet domain=v2.zb.mi.com, ipList=[211.97.76.71, 163.177.243.242]
12-06 11:15:07.662 18075 18410 W WatchSdk_com.mi.liveassistant: [18075] 10066. (PreDnsManager.java:282)     PreDnsManager: getLocalDnsIpSet domain=v2.zb.mi.com
12-06 11:15:07.666 18075 18410 W WatchSdk_com.mi.liveassistant: [18075] 10066. (PreDnsManager.java:297)     PreDnsManager: getLocalDnsIpSet domain=v2.zb.mi.com, ipList=[112.90.213.70]
12-06 11:15:07.708   286  1983 E Parcel  : Reading a NULL string not supported here.
12-06 11:15:07.721   286  1983 E Parcel  : Reading a NULL string not supported here.
12-06 11:15:07.756 18508 18508 I dex2oat : /system/bin/dex2oat -j3 --dex-file=/data/user/0/com.tencent.mobileqq/files/TencentVideoKit/TVK_MediaPlayer-plugin-core-dex-V4.3.0.11559.jar --oat-file=/data/user/0/com.tencent.mobileqq/app_assets/TVK_MediaPlayer-plugin-core-dex-V4.3.0.11559.dex
12-06 11:15:07.861   334   449 I ThermalEngine: Sensor:batt_temp:335 mC
12-06 11:15:08.034   334   432 I ThermalEngine: Sensor:tsens_tz_sensor5:57000 mC
12-06 11:15:08.035   334   460 I ThermalEngine: Sensor:tsens_tz_sensor5:57000 mC
12-06 11:15:08.035   334   460 I ThermalEngine: TM Id 'CPU0_MONITOR' Sensor 'cpu0' - alarm raised 1 at 57.0 degC
12-06 11:15:08.035   334   460 I ThermalEngine: ACTION: CPU - Setting CPU[0] to 1728000
12-06 11:15:08.035   334   460 I ThermalEngine: Mitigation:CPU[0]:1728000 Khz
12-06 11:15:08.035   334   460 I ThermalEngine: ACTION: CPU - Setting CPU[1] to 1728000
12-06 11:15:08.035   334   460 E ThermalEngine: Failed to set desired CPU[1] frequency limit to 1728000
12-06 11:15:08.035   334   460 I ThermalEngine: ACTION: CPU - Setting CPU[2] to 1728000
12-06 11:15:08.035   334   460 E ThermalEngine: Failed to set desired CPU[2] frequency limit to 1728000
12-06 11:15:08.035   334   460 I ThermalEngine: ACTION: CPU - Setting CPU[3] to 1728000
12-06 11:15:08.035   334   460 I ThermalEngine: Mitigation:CPU[3]:1728000 Khz
12-06 11:15:08.355   334   432 I ThermalEngine: Sensor:tsens_tz_sensor5:61000 mC
12-06 11:15:08.356   334   460 I ThermalEngine: Sensor:tsens_tz_sensor5:61000 mC
12-06 11:15:08.356   334   460 I ThermalEngine: TM Id 'CPU0_MONITOR' Sensor 'cpu0' - alarm raised 2 at 61.0 degC
12-06 11:15:08.357   334   460 I ThermalEngine: ACTION: CPU - Setting CPU[0] to 1497600
12-06 11:15:08.357   334   460 I ThermalEngine: Mitigation:CPU[0]:1497600 Khz
12-06 11:15:08.357   334   460 I ThermalEngine: ACTION: CPU - Setting CPU[1] to 1497600
12-06 11:15:08.357   334   460 E ThermalEngine: Failed to set desired CPU[1] frequency limit to 1497600
12-06 11:15:08.357   334   460 I ThermalEngine: ACTION: CPU - Setting CPU[2] to 1497600
12-06 11:15:08.357   334   460 E ThermalEngine: Failed to set desired CPU[2] frequency limit to 1497600
12-06 11:15:08.357   334   460 I ThermalEngine: ACTION: CPU - Setting CPU[3] to 1497600
12-06 11:15:08.358   334   460 I ThermalEngine: Mitigation:CPU[3]:1497600 Khz
12-06 11:15:08.744  3027  3027 V SyncNotificationUtils: sendSyncingBroadcast: true
12-06 11:15:08.748  3027  3027 V SyncNotificationUtils: sendSyncingBroadcast: true
12-06 11:15:08.753 18075 18410 W WatchSdk_com.mi.liveassistant: [18075] 10066. (AppNetworkUtils.java:85)     NetWorkHorse resultList[163.177.243.242=40.86, 211.97.76.71=60.64]
12-06 11:15:08.755 18075 18410 W WatchSdk_com.mi.liveassistant: [18075] 10066. (AppNetworkUtils.java:93)     NetWorkHorseList[163.177.243.242, 211.97.76.71]
12-06 11:15:08.765 18075 18410 W WatchSdk_com.mi.liveassistant: [18075] 10066. (PreDnsManager.java:304)     PreDnsManager: getHttpDnsIpSet domain=v2.pandora.zb.mi.com
12-06 11:15:08.766 18075 18410 W WatchSdk_com.mi.liveassistant: [18075] 10066. (DnsPodUtils.java:37)     com.base.l.g.a start dnspod
12-06 11:15:08.769 18075 18410 I Dozen   :  url : http://119.29.29.29/d, str params : id=131&ttl=1&dn=0f019875507fa62b7398f54502dfa00ce76e630ef9db8bb9
12-06 11:15:08.783 18075 18075 W WatchSdk_com.mi.liveassistant: [18075] 1. (PreDnsManager.java:271)     PreDnsManager: fetchIpSetForDomainList done host=v2.zb.mi.com, localIpSet=[112.90.213.70], httpIpSet=[163.177.243.242, 211.97.76.71]
12-06 11:15:08.842 18508 18513 W dex2oat : Compilation of com.tencent.qqlive.mediaplayer.vodcgi.VideoInfo com.tencent.qqlive.mediaplayer.logic.GetVideoInfoWrapper.a(java.lang.String) took 103.197ms
12-06 11:15:08.862   334   449 I ThermalEngine: Sensor:batt_temp:337 mC
12-06 11:15:08.872 18075 18410 I com.base.l.g.c: http POST Response Code: 200
12-06 11:15:08.873 18075 18410 W WatchSdk_com.mi.liveassistant: [18075] 10066. (DnsPodUtils.java:39)     com.base.l.g.a http://119.29.29.29/d?dn=0f019875507fa62b7398f54502dfa00ce76e630ef9db8bb9&id=131&ttl=1 result=41eefd0dd7a84abab3db354dcdede6417080865e2533c4dbc5cc32923373c0f7
12-06 11:15:08.874 18075 18410 W WatchSdk_com.mi.liveassistant: [18075] 10066. (DnsPodUtils.java:43)     com.base.l.g.a decryptedString=112.90.135.233;36.248.4.12,40
12-06 11:15:08.875 18075 18410 W WatchSdk_com.mi.liveassistant: [18075] 10066. (PreDnsManager.java:328)     PreDnsManager: getHttpDnsIpSet domain=v2.pandora.zb.mi.com, ipList=[112.90.135.233, 36.248.4.12]
12-06 11:15:08.875 18075 18410 W WatchSdk_com.mi.liveassistant: [18075] 10066. (PreDnsManager.java:282)     PreDnsManager: getLocalDnsIpSet domain=v2.pandora.zb.mi.com
12-06 11:15:08.997   334   432 I ThermalEngine: Sensor:tsens_tz_sensor5:65000 mC
12-06 11:15:08.997   334   460 I ThermalEngine: Sensor:tsens_tz_sensor5:65000 mC
12-06 11:15:08.997   334   460 I ThermalEngine: TM Id 'CPU0_MONITOR' Sensor 'cpu0' - alarm raised 3 at 65.0 degC
12-06 11:15:08.997   334   460 I ThermalEngine: ACTION: CPU - Setting CPU[0] to 1190400
12-06 11:15:08.998   334   460 I ThermalEngine: Mitigation:CPU[0]:1190400 Khz
12-06 11:15:08.998   334   460 I ThermalEngine: ACTION: CPU - Setting CPU[1] to 1190400
12-06 11:15:08.998   334   460 E ThermalEngine: Failed to set desired CPU[1] frequency limit to 1190400
12-06 11:15:08.998   334   460 I ThermalEngine: ACTION: CPU - Setting CPU[2] to 1190400
12-06 11:15:08.998   334   460 E ThermalEngine: Failed to set desired CPU[2] frequency limit to 1190400
12-06 11:15:08.998   334   460 I ThermalEngine: ACTION: CPU - Setting CPU[3] to 1190400
12-06 11:15:08.998   334   460 I ThermalEngine: Mitigation:CPU[3]:1190400 Khz
12-06 11:15:09.007 18075 18410 W WatchSdk_com.mi.liveassistant: [18075] 10066. (PreDnsManager.java:297)     PreDnsManager: getLocalDnsIpSet domain=v2.pandora.zb.mi.com, ipList=[211.97.76.72]
12-06 11:15:09.042   286  1983 E Parcel  : Reading a NULL string not supported here.
12-06 11:15:09.061  1751  1792 I ActivityManager: Start proc 18524:com.qualcomm.cabl/1000 for service com.qualcomm.cabl/.CABLService
12-06 11:15:09.107   286  1983 E Parcel  : Reading a NULL string not supported here.
12-06 11:15:09.144  1751 27369 I ActivityManager: com.tencent.mobileqq:TMAssistantDownloadSDKService adjSource is com.tencent.mobileqq
12-06 11:15:09.147  1751  1793 V UidProcStateHelper: process state changed:[18524,1000,10]
12-06 11:15:09.155 18075 18146 W [No:1]Session(MiLinkSDK)(WALI_LIVE_SDK): Thread-10046=>milink server ip:122.13.175.74 port:80 remark:58.83.160.92#124.243.204.126#120.92.2.6
12-06 11:15:09.155 18075 18155 W [No:7]Session(MiLinkSDK)(WALI_LIVE_SDK): Thread-10051=>milink server ip:122.13.175.74 port:80 remark:58.83.160.92#124.243.204.126#120.92.2.6
12-06 11:15:09.155 18075 18146 W [No:1]Session(MiLinkSDK)(WALI_LIVE_SDK): Thread-10046=>milink server ip:122.13.72.17 port:80 remark:
12-06 11:15:09.155 18075 18155 W [No:7]Session(MiLinkSDK)(WALI_LIVE_SDK): Thread-10051=>milink server ip:122.13.72.17 port:80 remark:
12-06 11:15:09.156 18075 18155 W [No:7]Session(MiLinkSDK)(WALI_LIVE_SDK): Thread-10051=>milink server ip:112.80.36.168 port:80 remark:
12-06 11:15:09.156 18075 18124 W WatchSdk_com.mi.liveassistant: [18075] 10032. (ExtraDataHandler.java:29)     ExtraDataHandler': client ip is 210.21.228.42
12-06 11:15:09.156 18075 18131 W SessionManagerForSimpleChannel(MiLinkSDK)(WALI_LIVE_SDK): SessionManagerForSimpleChannel=>SessionConnectEvent SessionBuildSuccess
12-06 11:15:09.157 18075 18131 W SessionManagerForSimpleChannel(MiLinkSDK)(WALI_LIVE_SDK): SessionManagerForSimpleChannel=>Session No:8 is AbandonSession return 
12-06 11:15:09.157 18075 18124 W WatchSdk_com.mi.liveassistant: [18075] 10032. (ExtraDataHandler.java:29)     ExtraDataHandler': client ip is 210.21.228.42
12-06 11:15:09.157 18075 18146 W [No:1]Session(MiLinkSDK)(WALI_LIVE_SDK): Thread-10046=>milink server ip:112.80.36.168 port:80 remark:
12-06 11:15:09.175 18524 18524 W System  : ClassLoader referenced unknown path: /system/app/CABLService/lib/arm
12-06 11:15:09.205 18075 18131 W SessionManagerForSimpleChannel(MiLinkSDK)(WALI_LIVE_SDK): SessionManagerForSimpleChannel=>Session No:8 is AbandonSession return 
12-06 11:15:09.205 18075 18131 W SessionManagerForSimpleChannel(MiLinkSDK)(WALI_LIVE_SDK): SessionManagerForSimpleChannel=>SessionConnectEvent SessionBuildSuccess
12-06 11:15:09.205 18075 18131 W SessionManagerForSimpleChannel(MiLinkSDK)(WALI_LIVE_SDK): SessionManagerForSimpleChannel=>Session No:2 is AbandonSession return 
12-06 11:15:09.267 18075 18131 W SessionManagerForSimpleChannel(MiLinkSDK)(WALI_LIVE_SDK): SessionManagerForSimpleChannel=>Session No:2 is AbandonSession return 
12-06 11:15:09.277  2890  2934 D FancyDrawable: cleanUp:   [miui.maml.FancyDrawable@53f7922]
12-06 11:15:09.277  2890  2934 D MultipleRenderable: remove: null
12-06 11:15:09.277  2890  2934 D MultipleRenderable: remove: null
12-06 11:15:09.277  2890  2934 D MultipleRenderable: remove: null
12-06 11:15:09.277  2890  2934 D MultipleRenderable: remove: null
12-06 11:15:09.277  2890  2934 D MultipleRenderable: remove: null
12-06 11:15:09.277  2890  2934 D MultipleRenderable: remove: null
12-06 11:15:09.277  2890  2934 D MultipleRenderable: remove: null
12-06 11:15:09.277  2890  2934 D MultipleRenderable: remove: null
12-06 11:15:09.277  2890  2934 D MultipleRenderable: remove: null
12-06 11:15:09.277  2890  2934 D MultipleRenderable: remove: null
12-06 11:15:09.277  2890  2934 D MultipleRenderable: remove: null
12-06 11:15:09.277  2890  2934 D RendererCore: remove: miui.maml.FancyDrawable@53f7922 size:0
12-06 11:15:09.277  2890  2934 D ScreenElementRoot: pause
12-06 11:15:09.277  2890  2934 D LifecycleResourceManager: begin check cache... 
12-06 11:15:09.277  2890  2934 D RendererCoreCache: OnRendererCoreReleased: miui.maml.RendererCore@341cf43
12-06 11:15:09.278  2890  2934 D RendererCoreCache: release: com.tencent.mobileqqnull0
12-06 11:15:09.278  2890  2934 D RendererCoreCache: removed: com.tencent.mobileqqnull0
12-06 11:15:09.278  2890  2934 D FancyDrawable: cleanUp:   [miui.maml.FancyDrawable@a7f951f]
12-06 11:15:09.278  2890  2934 D RendererCore: remove: miui.maml.FancyDrawable@a7f951f size:0
12-06 11:15:09.284  2890  2934 D FancyDrawable: cleanUp:   [miui.maml.FancyDrawable@5ac8274]
12-06 11:15:09.284  2890  2934 D RendererCore: remove: miui.maml.FancyDrawable@5ac8274 size:0
12-06 11:15:09.290  2890  2934 D FancyDrawable: cleanUp:   [miui.maml.FancyDrawable@e6673cb]
12-06 11:15:09.290  2890  2934 D RendererCore: remove: miui.maml.FancyDrawable@e6673cb size:0
12-06 11:15:09.292  2890  2934 D FancyDrawable: cleanUp:   [miui.maml.FancyDrawable@eed5652]
12-06 11:15:09.292  2890  2934 D RendererCore: remove: miui.maml.FancyDrawable@eed5652 size:0
12-06 11:15:09.292  2890  2934 D FancyDrawable: cleanUp:   [miui.maml.FancyDrawable@c11387f]
12-06 11:15:09.292  2890  2934 D RendererCore: remove: miui.maml.FancyDrawable@c11387f size:0
12-06 11:15:09.295  2890  2934 D FancyDrawable: cleanUp:   [miui.maml.FancyDrawable@75f4034]
12-06 11:15:09.295  2890  2934 D RendererCore: remove: miui.maml.FancyDrawable@75f4034 size:0
12-06 11:15:09.296  2890  2934 D FancyDrawable: cleanUp:   [miui.maml.FancyDrawable@7d44de9]
12-06 11:15:09.296  2890  2934 D RendererCore: remove: miui.maml.FancyDrawable@7d44de9 size:0
12-06 11:15:09.296  2890  2934 D FancyDrawable: cleanUp:   [miui.maml.FancyDrawable@e3dd029]
12-06 11:15:09.296  2890  2934 D RendererCore: remove: miui.maml.FancyDrawable@e3dd029 size:0
12-06 11:15:09.297  2890  2934 D FancyDrawable: cleanUp:   [miui.maml.FancyDrawable@dd9eb47]
12-06 11:15:09.297  2890  2934 D RendererCore: remove: miui.maml.FancyDrawable@dd9eb47 size:0
12-06 11:15:09.297  2890  2934 D FancyDrawable: cleanUp:   [miui.maml.FancyDrawable@f72fc3f]
12-06 11:15:09.297  2890  2934 D RendererCore: remove: miui.maml.FancyDrawable@f72fc3f size:0
12-06 11:15:09.446   334   432 I ThermalEngine: Sensor:tsens_tz_sensor5:60000 mC
12-06 11:15:09.447   334   460 I ThermalEngine: Sensor:tsens_tz_sensor5:60000 mC
12-06 11:15:09.447   334   460 I ThermalEngine: TM Id 'CPU0_MONITOR' Sensor 'cpu0' - alarm cleared 3 at 60.0 degC
12-06 11:15:09.447   334   460 I ThermalEngine: ACTION: CPU - Setting CPU[0] to 1497600
12-06 11:15:09.447   334   460 I ThermalEngine: Mitigation:CPU[0]:1497600 Khz
12-06 11:15:09.447   334   460 I ThermalEngine: ACTION: CPU - Setting CPU[1] to 1497600
12-06 11:15:09.447   334   460 E ThermalEngine: Failed to set desired CPU[1] frequency limit to 1497600
12-06 11:15:09.447   334   460 I ThermalEngine: ACTION: CPU - Setting CPU[2] to 1497600
12-06 11:15:09.448   334   460 E ThermalEngine: Failed to set desired CPU[2] frequency limit to 1497600
12-06 11:15:09.448   334   460 I ThermalEngine: ACTION: CPU - Setting CPU[3] to 1497600
